 vwntoe

 Timestamp is 42557985 (Thu Apr 07 11:18:45 2005)

 Preferred load address is 00410000

 Start         Length     Name                   Class
 0001:00000000 000c3df4H .text                   CODE
 0002:00000000 00000d24H CODE                    CODE
 0003:00000000 00000524H .idata$5                DATA
 0003:00000528 00023281H .rdata                  DATA
 0003:000237ac 000000c8H .idata$2                DATA
 0003:00023874 00000014H .idata$3                DATA
 0003:00023888 00000524H .idata$4                DATA
 0003:00023dac 000011f2H .idata$6                DATA
 0003:00024fa0 00001523H .edata                  DATA
 0004:00000000 00000004H .CRT$XCA                DATA
 0004:00000004 00000004H .CRT$XCZ                DATA
 0004:00000008 00000004H .CRT$XIA                DATA
 0004:0000000c 00000004H .CRT$XIZ                DATA
 0004:00000010 00002c6cH .data                   DATA
 0004:00002c80 0000ca38H .bss                    DATA
 0005:00000000 0000002cH DATA                    DATA
 0006:00000000 000000a0H .rsrc$01                DATA
 0006:000000a0 00000300H .rsrc$02                DATA

  Address         Publics by Value              Rva+Base     Lib:Object

 0001:00000000       __ftext                    00411000 f   ntstart.obj
 0001:00000010       _UPfail                    00411010 f   prUdummy.obj
 0001:00000030       _oeFail                    00411030 f   prUdummy.obj
 0001:00000050       __UPaddPrimitive           00411050 f   prUdummy.obj
 0001:00000090       _UPstartLongPrimitive      00411090 f   prUdummy.obj
 0001:000000a0       _UPfinishLongPrimitive     004110a0 f   prUdummy.obj
 0001:000000b0       _UPnil                     004110b0 f   prUdummy.obj
 0001:000000c0       _UPSTtoCbool               004110c0 f   prUdummy.obj
 0001:00000140       _UPSTtoCint                00411140 f   prUdummy.obj
 0001:000001c0       _UPSTtoCchar               004111c0 f   prUdummy.obj
 0001:00000240       _UPSTtoCfloat              00411240 f   prUdummy.obj
 0001:000002e0       _UPCtoSTbool               004112e0 f   prUdummy.obj
 0001:00000300       _UPCtoSTint                00411300 f   prUdummy.obj
 0001:00000360       _UPCtoSTchar               00411360 f   prUdummy.obj
 0001:00000370       _UPCtoSTfloat              00411370 f   prUdummy.obj
 0001:00000480       _UPallocString             00411480 f   prUdummy.obj
 0001:00000610       _UPallocByteArray          00411610 f   prUdummy.obj
 0001:000007a0       _UPallocArray              004117a0 f   prUdummy.obj
 0001:00000ac0       _UPcopySTtoCstring         00411ac0 f   prUdummy.obj
 0001:00000bf0       _UPcopySTtoCbytes          00411bf0 f   prUdummy.obj
 0001:00000d10       _UPcopySTtoCintArray       00411d10 f   prUdummy.obj
 0001:00000e90       _UPcopySTtoCfloatArray     00411e90 f   prUdummy.obj
 0001:00001040       _UPcopyCtoSTstring         00412040 f   prUdummy.obj
 0001:00001170       _UPcopyCtoSTbytes          00412170 f   prUdummy.obj
 0001:00001290       _UPcopyCtoSTintArray       00412290 f   prUdummy.obj
 0001:00001400       _UPcopyCtoSTfloatArray     00412400 f   prUdummy.obj
 0001:00001710       _UPinstVarSize             00412710 f   prUdummy.obj
 0001:00001780       _UPindexVarSize            00412780 f   prUdummy.obj
 0001:00001870       _UPbasicAt                 00412870 f   prUdummy.obj
 0001:00001980       _UPinstVarAt               00412980 f   prUdummy.obj
 0001:00001a70       _UPbyteAt                  00412a70 f   prUdummy.obj
 0001:00001b70       _UPintegerAt               00412b70 f   prUdummy.obj
 0001:00001cc0       _UPfloatAt                 00412cc0 f   prUdummy.obj
 0001:00001e20       _UPdoubleAt                00412e20 f   prUdummy.obj
 0001:00001fa0       _UPbasicAtPut              00412fa0 f   prUdummy.obj
 0001:00002260       _UPinstVarAtPut            00413260 f   prUdummy.obj
 0001:00002500       _UPbyteAtPut               00413500 f   prUdummy.obj
 0001:00002610       _UPintegerAtPut            00413610 f   prUdummy.obj
 0001:000028c0       _UPfloatAtPut              004138c0 f   prUdummy.obj
 0001:00002b70       _UPisCharacter             00413b70 f   prUdummy.obj
 0001:00002b90       _UPisInteger               00413b90 f   prUdummy.obj
 0001:00002ba0       _UPisString                00413ba0 f   prUdummy.obj
 0001:00002c30       _UPisByteArray             00413c30 f   prUdummy.obj
 0001:00002cc0       _UPisArrayOfInteger        00413cc0 f   prUdummy.obj
 0001:00002db0       _UPisArrayOfFloat          00413db0 f   prUdummy.obj
 0001:00002ec0       _UPisBoolean               00413ec0 f   prUdummy.obj
 0001:00002f30       _UPisFloat                 00413f30 f   prUdummy.obj
 0001:00002fc0       _UPisByteLike              00413fc0 f   prUdummy.obj
 0001:00003030       _UPinstallErrorHandler     00414030 f   prUdummy.obj
 0001:00003050       _UPisImmediate             00414050 f   prUdummy.obj
 0001:00003060       _UPclass                   00414060 f   prUdummy.obj
 0001:000030d0       _UPSTtoCdouble             004140d0 f   prUdummy.obj
 0001:00003180       _UPCtoSTdouble             00414180 f   prUdummy.obj
 0001:000032b0       _UPisDouble                004142b0 f   prUdummy.obj
 0001:00003330       _UPisKindOf                00414330 f   prUdummy.obj
 0001:000033f0       _UPinstallPollHandler      004143f0 f   prUdummy.obj
 0001:00003410       _UPsignalSemaphore         00414410 f   prUdummy.obj
 0001:00003480       _UPpostInterrupt           00414480 f   prUdummy.obj
 0001:00003490       _UPregisteredHandleAt      00414490 f   prUdummy.obj
 0001:000034e0       _UPregisteredHandleAtPut   004144e0 f   prUdummy.obj
 0001:00003520       _UPallocRegistrySlot       00414520 f   prUdummy.obj
 0001:00003550       _UPallocFsObject           00414550 f   prUdummy.obj
 0001:00003600       _UPallocVsObject           00414600 f   prUdummy.obj
 0001:000036d0       _UPclassType               004146d0 f   prUdummy.obj
 0001:00003730       _UPreturnHandle            00414730 f   prUdummy.obj
 0001:00003780       _UPreturnNil               00414780 f   prUdummy.obj
 0001:00003790       _UPreturnTrue              00414790 f   prUdummy.obj
 0001:000037a0       _UPreturnFalse             004147a0 f   prUdummy.obj
 0001:000037b0       _UPmustBeByteLike          004147b0 f   prUdummy.obj
 0001:000037d0       _UPmustBeCharacter         004147d0 f   prUdummy.obj
 0001:000037f0       _UPmustBeInteger           004147f0 f   prUdummy.obj
 0001:00003810       _UPmustBeString            00414810 f   prUdummy.obj
 0001:00003830       _UPmustBeByteArray         00414830 f   prUdummy.obj
 0001:00003850       _UPmustBeArrayOfInteger    00414850 f   prUdummy.obj
 0001:00003870       _UPmustBeArrayOfFloat      00414870 f   prUdummy.obj
 0001:00003890       _UPmustBeBoolean           00414890 f   prUdummy.obj
 0001:000038b0       _UPmustBeFloat             004148b0 f   prUdummy.obj
 0001:000038d0       _main                      004148d0 f   prUdummy.obj
 0001:000038f0       _CrtUPrimGlue0             004148f0 f   prUdummy.obj
 0001:00003900       _CrtUPrimGlue1             00414900 f   prUdummy.obj
 0001:00003910       _CrtUPrimGlue2             00414910 f   prUdummy.obj
 0001:00003920       _CrtUPrimGlue3             00414920 f   prUdummy.obj
 0001:00003930       _CrtUPrimGlueMany          00414930 f   prUdummy.obj
 0001:00003940       _initUserPrimitives        00414940 f   prUdummy.obj
 0001:00003950       _UPInitLinkRegistry        00414950 f   prUdummy.obj
 0001:00003960       _initUPprotocol            00414960 f   prUdummy.obj
 0001:00003970       _pdTerminateTimer          00414970 f   ntalarm.obj
 0001:000039e0       _pdSignalAtMicroseconds    004149e0 f   ntalarm.obj
 0001:00003b10       _startPollTimer            00414b10 f   ntalarm.obj
 0001:00003b90       _stopPollTimer             00414b90 f   ntalarm.obj
 0001:00003bc0       _pdBeginCritical           00414bc0 f   ntalarm.obj
 0001:00003be0       _pdEndCritical             00414be0 f   ntalarm.obj
 0001:00003c00       _pdResetCritical           00414c00 f   ntalarm.obj
 0001:00003c10       _pdInitTimers              00414c10 f   ntalarm.obj
 0001:00003f30       _pdExitTimers              00414f30 f   ntalarm.obj
 0001:00003fc0       _platBlockUntilEvent       00414fc0 f   ntalarm.obj
 0001:000040c0       _pdWakeup                  004150c0 f   ntalarm.obj
 0001:00004110       _pdStartProfileTimer       00415110 f   ntalarm.obj
 0001:00004370       _pdStopProfileTimer        00415370 f   ntalarm.obj
 0001:000043a0       _pdInitProfile             004153a0 f   ntalarm.obj
 0001:000043f0       _initNTAnimationPrims      004153f0 f   ntanim.obj
 0001:00006bb0       _freeWindowResources       00417bb0 f   ntcanvas.obj
 0001:00006d40       _initNTCanvasPrims         00417d40 f   ntcanvas.obj
 0001:0000aff0       _pdMoveMouse               0041bff0 f   ntcurs.obj
 0001:0000b010       _initNTCursPrims           0041c010 f   ntcurs.obj
 0001:0000b460       _initDynamicLoadPrimitives 0041c460 f   ntdynld.obj
 0001:0000bc30       _initOSErrorCodePrims      0041cc30 f   ntecode.obj
 0001:0000be70       _pdErrorString             0041ce70 f   nterror.obj
 0001:0000be90       _pdPrint                   0041ce90 f   nterror.obj
 0001:0000bf60       _openConsole               0041cf60 f   nterror.obj
 0001:0000c040       _pdDebugLog                0041d040 f   nterror.obj
 0001:0000c0b0       _pdCloseDebugLog           0041d0b0 f   nterror.obj
 0001:0000c0f0       _pdSizeOfEvent             0041d0f0 f   ntevent.obj
 0001:0000c100       _PopupWndProc@16           0041d100 f   ntevent.obj
 0001:0000c190       _MainWndProc@16            0041d190 f   ntevent.obj
 0001:0000d8b0       _hfWinQueryFont            0041e8b0 f   ntfont.obj
 0001:0000dae0       _listFonts                 0041eae0 f   ntfont.obj
 0001:0000e3e0       _initNTFontPrims           0041f3e0 f   ntfont.obj
 0001:0000f530       _flushWindowCachedDC       00420530 f   ntgc.obj
 0001:0000f580       _flushPixmapCachedDC       00420580 f   ntgc.obj
 0001:0000f5c0       _bDeinstallGraphicsState   004205c0 f   ntgc.obj
 0001:0000f9d0       _bInstallGraphicsState     004209d0 f   ntgc.obj
 0001:000103b0       _buildPoints               004213b0 f   ntgc.obj
 0001:000106c0       _bGetMask                  004216c0 f   ntgc.obj
 0001:00010790       _vw_GetWindowRgn           00421790 f   ntgc.obj
 0001:000108b0       _initNTGCPrims             004218b0 f   ntgc.obj
 0001:00012d20       _CreateColorMapOop         00423d20 f   ntgraph.obj
 0001:00013c60       _BuildPalette              00424c60 f   ntgraph.obj
 0001:00013e10       _RemovePalette             00424e10 f   ntgraph.obj
 0001:00013e50       _InitPalette               00424e50 f   ntgraph.obj
 0001:00013e80       _TermPalette               00424e80 f   ntgraph.obj
 0001:00013e90       _InitScreen                00424e90 f   ntgraph.obj
 0001:00013f20       _initWindowPrimitives      00424f20 f   ntgraph.obj
 0001:00013fe0       _pdHerald                  00424fe0 f   ntherald.obj
 0001:00014500       _pdTearDownHerald          00425500 f   ntherald.obj
 0001:00014530       _pdReportVersion           00425530 f   ntherald.obj
 0001:00014970       _initPixmapRegistry        00425970 f   nthreg.obj
 0001:00014aa0       _bFreeHandleRegistry       00425aa0 f   nthreg.obj
 0001:00014cd0       _registerHandle            00425cd0 f   nthreg.obj
 0001:00014f10       _iHandleOfKey              00425f10 f   nthreg.obj
 0001:00014fa0       _iKeyOfHandle              00425fa0 f   nthreg.obj
 0001:00015030       _unRegisterHandle          00426030 f   nthreg.obj
 0001:000150d0       _pdMustFlushICache         004260d0 f   nticache.obj
 0001:00015160       _convert32BETo24LE         00426160 f   ntimage.obj
 0001:00015190       _convert24LETo32BE         00426190 f   ntimage.obj
 0001:000151c0       _getImage                  004261c0 f   ntimage.obj
 0001:00015260       _initNTImagePrims          00426260 f   ntimage.obj
 0001:00015b50       _initIOBlock               00426b50 f   ntioblok.obj
 0001:00015d30       _freeIOBlock               00426d30 f   ntioblok.obj
 0001:00015e30       _pioblockOfHandle          00426e30 f   ntioblok.obj
 0001:00015e90       _pioblockFirst             00426e90 f   ntioblok.obj
 0001:00015ee0       _pioblockNext              00426ee0 f   ntioblok.obj
 0001:00015f30       _validIOBlock              00426f30 f   ntioblok.obj
 0001:00015f70       _logErrorInformation       00426f70 f   ntleave.obj
 0001:00015fb0       _pdExit                    00426fb0 f   ntleave.obj
 0001:00015ff0       _pdInvokeDebugger          00426ff0 f   ntleave.obj
 0001:00016000       _InitMultipleMonitorStubs  00427000 f   ntmain.obj
 0001:000160e0       _xGetSystemMetrics@4       004270e0 f   ntmain.obj
 0001:00016150       _xMonitorFromPoint@12      00427150 f   ntmain.obj
 0001:000161c0       _xMonitorFromRect@8        004271c0 f   ntmain.obj
 0001:00016230       _xMonitorFromWindow@8      00427230 f   ntmain.obj
 0001:000162b0       _xGetMonitorInfo@8         004272b0 f   ntmain.obj
 0001:00016370       _xEnumDisplayMonitors@16   00427370 f   ntmain.obj
 0001:000164a0       _oeMain                    004274a0 f   ntmain.obj
 0001:00016ba0       _dllCMain                  00427ba0 f   ntmain.obj
 0001:00016bc0       _WinMain@16                00427bc0 f   ntmain.obj
 0001:00016c10       _dllWMain                  00427c10 f   ntmain.obj
 0001:00016d00       _pdInformSystemReady       00427d00 f   ntmain.obj
 0001:00017030       _profileInt                00428030 f   ntmain.obj
 0001:00017050       _profileString             00428050 f   ntmain.obj
 0001:00017070       _UPInitInternalLinkRegistry 00428070 f   ntmain.obj
 0001:00017080       _pdSetMemExecPerm          00428080 f   ntmem.obj
 0001:00017090       _pdMoreMemory              00428090 f   ntmem.obj
 0001:000171f0       _pdMapMemory               004281f0 f   ntmem.obj
 0001:00017410       _pdUnmapMemory             00428410 f   ntmem.obj
 0001:00017470       _pdStringLength            00428470 f   ntmem.obj
 0001:00017510       _pdCopyFromExternalHeap    00428510 f   ntmem.obj
 0001:000175b0       _pdCopyToExternalHeap      004285b0 f   ntmem.obj
 0001:00017650       _pdAllocMemory             00428650 f   ntmem.obj
 0001:00017680       _pdFreeMemory              00428680 f   ntmem.obj
 0001:000176b0       _pdMemStrategy             004286b0 f   ntmem.obj
 0001:000176c0       _pdGetPagesize             004286c0 f   ntmem.obj
 0001:000176f0       _pdMapFile                 004286f0 f   ntmem.obj
 0001:00017700       _cleanUpNTNLS              00428700 f   ntnls.obj
 0001:00017720       _initNTNLS                 00428720 f   ntnls.obj
 0001:00017920       _checkResources            00428920 f   ntfile.obj
 0001:00017940       _pdOpenImageResource       00428940 f   ntfile.obj
 0001:000179d0       _pdBlessSnapshot           004289d0 f   ntfile.obj
 0001:00017a10       _pdOpenImage               00428a10 f   ntfile.obj
 0001:00017ab0       _pdCloseImage              00428ab0 f   ntfile.obj
 0001:00017af0       _pdCloseImageResource      00428af0 f   ntfile.obj
 0001:00017b00       _pdRead                    00428b00 f   ntfile.obj
 0001:00017b50       _pdWrite                   00428b50 f   ntfile.obj
 0001:00017bb0       _pdSeek                    00428bb0 f   ntfile.obj
 0001:00017c80       _initFileUtilityPrims      00428c80 f   ntfile.obj
 0001:0001b1b0       _bDoFileReadFunc           0042c1b0 f   ntfio.obj
 0001:0001b1f0       _bDoFileWriteFunc          0042c1f0 f   ntfio.obj
 0001:0001b270       _bDoFileBytesToReadFunc    0042c270 f   ntfio.obj
 0001:0001b280       _initFileIOPrims           0042c280 f   ntfio.obj
 0001:0001c610       _initNewIO                 0042d610 f   ntfio.obj
 0001:0001c620       _freeSocketLibrary         0042d620 f   ntsock.obj
 0001:0001c710       _bDoSockRecvFunc           0042d710 f   ntsock.obj
 0001:0001c7b0       _bDoSockSendFunc           0042d7b0 f   ntsock.obj
 0001:0001c860       _bDoSockBytesToReadFunc    0042d860 f   ntsock.obj
 0001:0001c8a0       _HiddenSocketWndProc@16    0042d8a0 f   ntsock.obj
 0001:0001cb20       _initSocketPrims           0042db20 f   ntsock.obj
 0001:0001f7c0       _pdInitPlatform            004307c0 f   ntplat.obj
 0001:0001f7d0       _pdFPUType                 004307d0 f   ntplat.obj
 0001:0001f7e0       _pdSupportNBAPI            004307e0 f   ntplat.obj
 0001:0001f7f0       _PrintTextFile             004307f0 f   ntplat.obj
 0001:0001fad0       _PrintPostScriptFile       00430ad0 f   ntplat.obj
 0001:0001fd40       _PrinterAbortProc@8        00430d40 f   ntprint.obj
 0001:0001fda0       _initNTPrinterPrims        00430da0 f   ntprint.obj
 0001:00021ed0       _pdInitSelection           00432ed0 f   ntsel.obj
 0001:00021ee0       _pdGetSelection            00432ee0 f   ntsel.obj
 0001:00021fa0       _pdGetSelectionDone        00432fa0 f   ntsel.obj
 0001:00021fc0       _pdSetSelection            00432fc0 f   ntsel.obj
 0001:00022030       _setIOSemSlot              00433030 f   ntsem.obj
 0001:00022200       _getIOSemSlot              00433200 f   ntsem.obj
 0001:00022220       _iAllocIOSemSlot           00433220 f   ntsem.obj
 0001:000225b0       _freeIOSemSlot             004335b0 f   ntsem.obj
 0001:00022640       _bInitIOSemRegistry        00433640 f   ntsem.obj
 0001:000227f0       _validIOSem                004337f0 f   ntsem.obj
 0001:00022850       _pdAckChildSignal          00433850 f   ntsig.obj
 0001:00022860       _pdInitTime                00433860 f   nttime.obj
 0001:000229f0       _pdMicrosecondClock        004339f0 f   nttime.obj
 0001:00022b20       _FileToSmalltalkSeconds    00433b20 f   nttime.obj
 0001:00022bb0       _pdStringEncoding          00433bb0 f   ntwin.obj
 0001:00022bd0       _pdInitWindow              00433bd0 f   ntwin.obj
 0001:00022bf0       _pdTerminateWindow         00433bf0 f   ntwin.obj
 0001:00022c10       _pdSynchronizeInput        00433c10 f   ntwin.obj
 0001:00022ce0       _pdThunkProcess            00433ce0 f   ntwin.obj
 0001:00022d10       _pdBlockUntilEvent         00433d10 f   ntwin.obj
 0001:00022d40       _pdRingBell                00433d40 f   ntwin.obj
 0001:00022d50       _pdCallFar                 00433d50 f   ntcall16.obj
 0001:00023ef0       _pdCOMMethodThunkSize      00434ef0 f   ntcom.obj
 0001:00023f20       _pdCOMPlaceThunkInto       00434f20 f   ntcom.obj
 0001:000255f0       _pdThunkCreate             004365f0 f   ntcallbk.obj
 0001:00025780       _pdThunkDestroy            00436780 f   ntcallbk.obj
 0001:00025f40       _NBAPICallbackArgsInto     00436f40 f   ntcallbk.obj
 0001:00025f90       _NBAPIReapCallbackReturn   00436f90 f   ntcallbk.obj
 0001:00026340       _pdCallC                   00437340 f   ntcallc.obj
 0001:00027600       _pdNumBitsForKind          00438600 f   ntcallc.obj
 0001:00027680       _NBAPIInnerCall            00438680 f   ntcallc.obj
 0001:00027900       _NBAPIReapInnerCall        00438900 f   ntcallc.obj
 0001:00027d30       _thunkCreateFar            00438d30 f   ntcbk16.obj
 0001:00027f60       _thunkDestroyFar           00438f60 f   ntcbk16.obj
 0001:00027f70       _thunkProcessFar@16        00438f70 f   ntcbk16.obj
 0001:00028cc0       _copyBits                  00439cc0 f   exBitBlt.obj
 0001:00029c80       _copyBitsFromtoat          0043ac80 f   exBitBlt.obj
 0001:0002aac0       _getModuleName             0043bac0 f   exBitBlt.obj
 0001:0002aad0       _initBitBltPrimitives      0043bad0 f   exBitBlt.obj
 0001:0002b5a0       _initialiseModule          0043c5a0 f   exBitBlt.obj
 0001:0002b5b0       _loadBitBltFrom            0043c5b0 f   exBitBlt.obj
 0001:0002c3e0       _moduleUnloaded            0043d3e0 f   exBitBlt.obj
 0001:0002c710       _primitiveCopyBits         0043d710 f   exBitBlt.obj
 0001:0002c780       _primitiveCopyBitstranslucency 0043d780 f   exBitBlt.obj
 0001:0002c810       _primitiveDisplayStringstringfromtomapxTablekern 0043d810 f   exBitBlt.obj
 0001:0002cd00       _primitiveDrawLoopXY       0043dd00 f   exBitBlt.obj
 0001:0002d310       _primitiveWarpBitssmoothing 0043e310 f   exBitBlt.obj
 0001:0002dd80       _sourceBLTstridedeststridedxdysxsywhruledoTile 0043ed80 f   exBitBlt.obj
 0001:0002f370       _countTableSlots           00440370 f   exCOM.obj
 0001:0002f420       _populateMethodTable       00440420 f   exCOM.obj
 0001:0002f630       _initCOMPrimitives         00440630 f   exCOM.obj
 0001:00031590       _maybeCallCFatalError      00442590 f   exCallC.obj
 0001:000315f0       _initCPrimitives           004425f0 f   exCallC.obj
 0001:00033ec0       _initCallbackPrimitives    00444ec0 f   exCallback.obj
 0001:00034180       _stOopToCValue             00445180 f   exCallSup.obj
 0001:000343b0       _cSignedToOop              004453b0 f   exCallSup.obj
 0001:00034550       _cUnsignedToOop            00445550 f   exCallSup.obj
 0001:000346a0       _coerceToCString           004456a0 f   exCallSup.obj
 0001:00034ae0       _initCSupportPrimitives    00445ae0 f   exCallSup.obj
 0001:000378f0       _initDisplayPrimitives     004488f0 f   exDisplay.obj
 0001:00037ac0       _objReverseFourQ8s         00448ac0 f   exEndian.obj
 0001:00037b50       _objReverseTwoQ8s          00448b50 f   exEndian.obj
 0001:00037bc0       _objReverseTwoQ16s         00448bc0 f   exEndian.obj
 0001:00037e20       _initEnvironmentPrimitives 00448e20 f   exEnviron.obj
 0001:000398e0       _initError                 0044a8e0 f   exError.obj
 0001:00039990       _doReportError             0044a990 f   exError.obj
 0001:00039c10       _exportTableAt             0044ac10 f   exExport.obj
 0001:00039cc0       _exportTableReleaseAt      0044acc0 f   exExport.obj
 0001:00039dc0       _initExportTablePrimitives 0044adc0 f   exExport.obj
 0001:00039e80       _initExternPrimitives      0044ae80 f   exInit.obj
 0001:00039ec0       _loadImageHeader           0044aec0 f   exInit.obj
 0001:0003a010       _startSupervisor           0044b010 f   exInit.obj
 0001:0003a1b0       _initSuper                 0044b1b0 f   exInit.obj
 0001:0003a380       _readImageFile             0044b380 f   exInit.obj
 0001:0003a5a0       _closeImageFile            0044b5a0 f   exInit.obj
 0001:0003a790       _wellFormedZone            0044b790 f   exInit.obj
 0001:0003acd0       _oeInitZlibLinkRegistry    0044bcd0 f   exInit.obj
 0001:0003af80       _extendedQueueNewAscii     0044bf80 f   exInQueue.obj
 0001:0003aff0       _extendedQueueTypedEvent   0044bff0 f   exInQueue.obj
 0001:0003b220       _queueTypedEvent           0044c220 f   exInQueue.obj
 0001:0003b260       _initInput                 0044c260 f   exInQueue.obj
 0001:0003b590       _initIOPrimitives          0044c590 f   exIO.obj
 0001:0003b850       _initGUIPrimitives         0044c850 f   exIO.obj
 0001:0003b860       _vmExit                    0044c860 f   exLeave.obj
 0001:0003b8b0       _initLeavePrimitives       0044c8b0 f   exLeave.obj
 0001:0003b9d0       _moreMemory                0044c9d0 f   exMemory.obj
 0001:0003ba80       _lessMemory                0044ca80 f   exMemory.obj
 0001:0003bad0       _memStrategy               0044cad0 f   exMemory.obj
 0001:0003baf0       _UPSendMessageMany         0044caf0 f   exMessage.obj
 0001:0003bb20       _oeSendMessageMany         0044cb20 f   exMessage.obj
 0001:0003df90       _UPSendMessage0            0044ef90 f   exMessage.obj
 0001:0003e2d0       _oeSendMessage0            0044f2d0 f   exMessage.obj
 0001:0003e300       _UPSendMessage1            0044f300 f   exMessage.obj
 0001:0003e330       _oeSendMessage1            0044f330 f   exMessage.obj
 0001:0003e360       _UPSendMessage2            0044f360 f   exMessage.obj
 0001:0003e3a0       _oeSendMessage2            0044f3a0 f   exMessage.obj
 0001:0003e3e0       _oeSendMessage3            0044f3e0 f   exMessage.obj
 0001:0003e420       _UPSendMessage3            0044f420 f   exMessage.obj
 0001:0003e460       _UPCSendMessageMany        0044f460 f   exMessage.obj
 0001:0003e490       _oeCSendMessageMany        0044f490 f   exMessage.obj
 0001:0003e7d0       _UPCSendMessage0           0044f7d0 f   exMessage.obj
 0001:0003e800       _oeCSendMessage0           0044f800 f   exMessage.obj
 0001:0003e830       _UPCSendMessage1           0044f830 f   exMessage.obj
 0001:0003e860       _oeCSendMessage1           0044f860 f   exMessage.obj
 0001:0003e890       _UPCSendMessage2           0044f890 f   exMessage.obj
 0001:0003e8d0       _oeCSendMessage2           0044f8d0 f   exMessage.obj
 0001:0003e910       _UPCSendMessage3           0044f910 f   exMessage.obj
 0001:0003e950       _oeCSendMessage3           0044f950 f   exMessage.obj
 0001:0003e990       _UPFailPrimitive           0044f990 f   exMessage.obj
 0001:0003e9c0       _UPFailPrimitiveAtLine     0044f9c0 f   exMessage.obj
 0001:0003ea10       _UPReturn                  0044fa10 f   exMessage.obj
 0001:0003eab0       _initMessagePrimitives     0044fab0 f   exMessage.obj
 0001:0003f1a0       _stringToInt               004501a0 f   exOption.obj
 0001:0003f300       _setOption                 00450300 f   exOption.obj
 0001:0003f800       _reportUsage               00450800 f   exOption.obj
 0001:0003f880       _copySubStringToC          00450880 f   exPrimUtil.obj
 0001:0003fa70       _isValidPlatformString     00450a70 f   exPrimUtil.obj
 0001:0003fc80       _promoteToFixedSpace       00450c80 f   exPrimUtil.obj
 0001:0003fd80       _copyToCString             00450d80 f   exPrimUtil.obj
 0001:0003fe00       _tempCString               00450e00 f   exPrimUtil.obj
 0001:0003fec0       _STStringWithSize          00450ec0 f   exPrimUtil.obj
 0001:0003ff10       _setStringEncoding         00450f10 f   exPrimUtil.obj
 0001:00040000       _isKindOf                  00451000 f   exPrimUtil.obj
 0001:00040040       _inheritsFrom1             00451040 f   exPrimUtil.obj
 0001:00040070       _inheritsFrom2             00451070 f   exPrimUtil.obj
 0001:000400b0       _inheritsFrom3             004510b0 f   exPrimUtil.obj
 0001:00040100       _inheritsFrom4             00451100 f   exPrimUtil.obj
 0001:00040150       _cloneErrorWith            00451150 f   exPrimUtil.obj
 0001:000403c0       _cloneCallCError           004513c0 f   exPrimUtil.obj
 0001:00040930       _initScanCharPrimitives    00451930 f   exScanCh.obj
 0001:00040f80       _signalChildStatusSemaphore 00451f80 f   exSignal.obj
 0001:00040fa0       _initSignalPrimitives      00451fa0 f   exSignal.obj
 0001:00041040       _initTime                  00452040 f   exTimer.obj
 0001:00041060       _timeExpired               00452060 f   exTimer.obj
 0001:00041250       _isTimerActive             00452250 f   exTimer.obj
 0001:00041280       _initTimePrimitives        00452280 f   exTimer.obj
 0001:000415e0       _InitializeNBAPI           004525e0 f   exThapi.obj
 0001:00041930       _NBAPISemaphoreForCurrentProcess 00452930 f   exThapi.obj
 0001:00041af0       _NBAPITInfoForThread       00452af0 f   exThapi.obj
 0001:00041c30       _NBAPISignalThreadForCallout 00452c30 f   exThapi.obj
 0001:00041d00       _NBAPIThreadForCall        00452d00 f   exThapi.obj
 0001:00042350       _NBAPIProcessHasAttachedThread 00453350 f   exThapi.obj
 0001:000424e0       _NBAPIAttachProcessToThread 004534e0 f   exThapi.obj
 0001:00042520       _NBAPIDetachProcessFromThread 00453520 f   exThapi.obj
 0001:000426b0       _NBAPIGetThreadLevels      004536b0 f   exThapi.obj
 0001:00042890       _NBAPISetThreadLevels      00453890 f   exThapi.obj
 0001:00042910       _NBAPIInvokeCallback       00453910 f   exThapi.obj
 0001:00042f30       _NBAPICallbackReturn       00453f30 f   exThapi.obj
 0001:000431c0       _NBAPIReleaseThreadIfUnwound 004541c0 f   exThapi.obj
 0001:00043440       _NBAPICheckProcessTermination 00454440 f   exThapi.obj
 0001:00043ab0       _NBAPIYield                00454ab0 f   exThapi.obj
 0001:000443c0       _NBAPIServiceThreads       004553c0 f   exThapi.obj
 0001:000453b0       _stateof                   004563b0 f   exThapi.obj
 0001:00045430       _allegianceName            00456430 f   exThapi.obj
 0001:00045460       _printTInfo                00456460 f   exThapi.obj
 0001:00045570       _printNBAPIList            00456570 f   exThapi.obj
 0001:00045600       _printNBAPI                00456600 f   exThapi.obj
 0001:00045670       _initPrimitives            00456670 f   pr.obj
 0001:00045690       _initArithmeticPrims       00456690 f   prArithmetic.obj
 0001:00046460       _oeGetErrorCode            00457460 f   prCtoST.obj
 0001:00046470       _oeStartLongComputation    00457470 f   prCtoST.obj
 0001:00046480       _oeFinishLongComputation   00457480 f   prCtoST.obj
 0001:00046490       _oeNil                     00457490 f   prCtoST.obj
 0001:000464a0       _oeTrue                    004574a0 f   prCtoST.obj
 0001:000464b0       _oeFalse                   004574b0 f   prCtoST.obj
 0001:000464c0       _oeSmallIntegerClass       004574c0 f   prCtoST.obj
 0001:000464d0       _oeCharacterClass          004574d0 f   prCtoST.obj
 0001:000464e0       _oeFloatClass              004574e0 f   prCtoST.obj
 0001:000464f0       _oePointClass              004574f0 f   prCtoST.obj
 0001:00046500       _oeArrayClass              00457500 f   prCtoST.obj
 0001:00046510       _oeSemaphoreClass          00457510 f   prCtoST.obj
 0001:00046520       _oeByteStringClass         00457520 f   prCtoST.obj
 0001:00046530       _oeLargePositiveIntegerClass 00457530 f   prCtoST.obj
 0001:00046540       _oeLargeNegativeIntegerClass 00457540 f   prCtoST.obj
 0001:00046550       _oeByteArrayClass          00457550 f   prCtoST.obj
 0001:00046560       _oeTwoByteStringClass      00457560 f   prCtoST.obj
 0001:00046570       _oeTwoByteSymbolClass      00457570 f   prCtoST.obj
 0001:00046580       _oeDoubleClass             00457580 f   prCtoST.obj
 0001:00046590       _oeOEToCbool               00457590 f   prCtoST.obj
 0001:00046600       _oeOEToCint                00457600 f   prCtoST.obj
 0001:00046660       _oeOEToCchar               00457660 f   prCtoST.obj
 0001:000466c0       _oeOEToCfloat              004576c0 f   prCtoST.obj
 0001:00046740       _oeCtoOEbool               00457740 f   prCtoST.obj
 0001:00046760       _oeCtoOEint                00457760 f   prCtoST.obj
 0001:000467b0       _oeCtoOEchar               004577b0 f   prCtoST.obj
 0001:000467c0       _oeCtoOEfloat              004577c0 f   prCtoST.obj
 0001:000468c0       _oeAllocString             004578c0 f   prCtoST.obj
 0001:00046a30       _oeAllocByteArray          00457a30 f   prCtoST.obj
 0001:00046ba0       _oeAllocArray              00457ba0 f   prCtoST.obj
 0001:00046eb0       _oeCopyOEtoCstring         00457eb0 f   prCtoST.obj
 0001:00046fd0       _oeCopyOEtoCbytes          00457fd0 f   prCtoST.obj
 0001:000470a0       _oeCopyOEtoCintArray       004580a0 f   prCtoST.obj
 0001:000471e0       _oeCopyOEtoCfloatArray     004581e0 f   prCtoST.obj
 0001:00047340       _oeCopyCtoOEstring         00458340 f   prCtoST.obj
 0001:00047460       _oeCopyCtoOEbytes          00458460 f   prCtoST.obj
 0001:00047530       _oeCopyCtoOEintArray       00458530 f   prCtoST.obj
 0001:00047670       _oeCopyCtoOEfloatArray     00458670 f   prCtoST.obj
 0001:00047970       _oeOopDataPtr              00458970 f   prCtoST.obj
 0001:000479a0       _oeInstVarSize             004589a0 f   prCtoST.obj
 0001:00047a00       _oeIndexVarSize            00458a00 f   prCtoST.obj
 0001:00047ac0       _oeBasicAt                 00458ac0 f   prCtoST.obj
 0001:00047b80       _oeInstVarAt               00458b80 f   prCtoST.obj
 0001:00047c20       _oeByteAt                  00458c20 f   prCtoST.obj
 0001:00047cd0       _oeIntegerAt               00458cd0 f   prCtoST.obj
 0001:00047dc0       _oeFloatAt                 00458dc0 f   prCtoST.obj
 0001:00047ee0       _oeDoubleAt                00458ee0 f   prCtoST.obj
 0001:00048000       _oeBasicAtPut              00459000 f   prCtoST.obj
 0001:000481a0       _oeInstVarAtPut            004591a0 f   prCtoST.obj
 0001:00048310       _oeByteAtPut               00459310 f   prCtoST.obj
 0001:000483c0       _oeIntegerAtPut            004593c0 f   prCtoST.obj
 0001:00048560       _oeFloatAtPut              00459560 f   prCtoST.obj
 0001:00048700       _oeIsCharacter             00459700 f   prCtoST.obj
 0001:00048720       _oeIsInteger               00459720 f   prCtoST.obj
 0001:00048740       _oeIsString                00459740 f   prCtoST.obj
 0001:000487a0       _oeIsByteArray             004597a0 f   prCtoST.obj
 0001:00048800       _oeIsArrayOfInteger        00459800 f   prCtoST.obj
 0001:000488d0       _oeIsArrayOfFloat          004598d0 f   prCtoST.obj
 0001:000489c0       _oeIsBoolean               004599c0 f   prCtoST.obj
 0001:00048a10       _oeIsFloat                 00459a10 f   prCtoST.obj
 0001:00048a70       _oeIsByteLike              00459a70 f   prCtoST.obj
 0001:00048ab0       _oeIsImmediate             00459ab0 f   prCtoST.obj
 0001:00048ac0       _oeCouldBeOop              00459ac0 f   prCtoST.obj
 0001:00048b00       _oeClass                   00459b00 f   prCtoST.obj
 0001:00048b50       _oeOEToCdouble             00459b50 f   prCtoST.obj
 0001:00048be0       _oeCtoOEdouble             00459be0 f   prCtoST.obj
 0001:00048d00       _oeIsDouble                00459d00 f   prCtoST.obj
 0001:00048d50       _oeIsKindOf                00459d50 f   prCtoST.obj
 0001:00048dd0       _oeInstallPollHandler      00459dd0 f   prCtoST.obj
 0001:00048df0       _oeSignalSemaphore         00459df0 f   prCtoST.obj
 0001:00048e60       _oePostInterrupt           00459e60 f   prCtoST.obj
 0001:00048e70       _oeRegisteredHandleAt      00459e70 f   prCtoST.obj
 0001:00048ea0       _oeRegisteredHandleAtPut   00459ea0 f   prCtoST.obj
 0001:00048f10       _oeAddPrimitive            00459f10 f   prCtoST.obj
 0001:00048f30       _oeAllocRegistrySlot       00459f30 f   prCtoST.obj
 0001:00048f50       _oeAllocFsObject           00459f50 f   prCtoST.obj
 0001:00048fc0       _oeAllocVsObject           00459fc0 f   prCtoST.obj
 0001:00049050       _oeClassType               0045a050 f   prCtoST.obj
 0001:00049090       _initOEprotocol            0045a090 f   prCtoST.obj
 0001:000490a0       _initDoublePrims           0045a0a0 f   prDouble.obj
 0001:0004b2e0       _initFloatPrims            0045c2e0 f   prFloat.obj
 0001:0004d0f0       _initLargeIntPrims         0045e0f0 f   prLarge.obj
 0001:00051e00       _UPRegisterSymbolAndHandle 00462e00 f   prLinkRegistry.obj
 0001:00051ed0       _UPHandleForSymbol         00462ed0 f   prLinkRegistry.obj
 0001:00051f40       _oeRegisterSymbolAndHandle 00462f40 f   prLinkRegistry.obj
 0001:00051f60       _initLinkRegistryPrimitives 00462f60 f   prLinkRegistry.obj
 0001:00052010       _recycleObj                00463010 f   mm.obj
 0001:00052410       _maximumIdentityHashValue  00463410 f   mm.obj
 0001:00052420       _getObjHash                00463420 f   mm.obj
 0001:00052470       _objDataOkShouldBeMarked   00463470 f   mm.obj
 0001:00052760       _objDataOk                 00463760 f   mm.obj
 0001:000527a0       _objIsAlive                004637a0 f   mm.obj
 0001:000529b0       _objOk                     004639b0 f   mm.obj
 0001:00052a20       _objectMemoryOk            00463a20 f   mm.obj
 0001:00052ab0       _initObjectPrims           00463ab0 f   mm.obj
 0001:00053790       _classCheckIfMetaclassHasSubclasses 00464790 f   mmAllocate.obj
 0001:000537d0       _classType                 004647d0 f   mmAllocate.obj
 0001:00053860       _allocFSObj                00464860 f   mmAllocate.obj
 0001:00053b60       _allocVSObj                00464b60 f   mmAllocate.obj
 0001:00053fe0       _createShallowCopyOf       00464fe0 f   mmAllocate.obj
 0001:00054480       _allocSmallObj             00465480 f   mmAllocate.obj
 0001:000544e0       _allocLargePointerObj      004654e0 f   mmAllocate.obj
 0001:00054520       _allocLargeByteObj         00465520 f   mmAllocate.obj
 0001:00054570       _shrinkOrCopyPtrObj        00465570 f   mmAllocate.obj
 0001:00054650       _initAllocationPrims       00465650 f   mmAllocate.obj
 0001:00055880       _tryBecome                 00466880 f   mmBecome.obj
 0001:00058a00       _initBecomePrims           00469a00 f   mmBecome.obj
 0001:00059830       _printCheckMapInfo         0046a830 f   mmCheckMap.obj
 0001:00059880       _printCheckMapAddress      0046a880 f   mmCheckMap.obj
 0001:000598c0       @setCheckMapBit@4          0046a8c0 f   mmCheckMap.obj
 0001:00059910       @clearCheckMapBit@4        0046a910 f   mmCheckMap.obj
 0001:00059950       @isCheckMapBitSet@4        0046a950 f   mmCheckMap.obj
 0001:00059990       @clearCheckMapFromUpto@8   0046a990 f   mmCheckMap.obj
 0001:00059b30       @setCheckMapFromUpto@8     0046ab30 f   mmCheckMap.obj
 0001:00059d10       @checkMapIsClearFromUpto@8 0046ad10 f   mmCheckMap.obj
 0001:00059e90       @checkMapIsSetFromUpto@8   0046ae90 f   mmCheckMap.obj
 0001:0005a110       _dbObjHeader               0046b110 f   mmDebug.obj
 0001:0005a3e0       _dbxHeader                 0046b3e0 f   mmDebug.obj
 0001:0005a400       _dbObjData                 0046b400 f   mmDebug.obj
 0001:0005a600       _dbxData                   0046b600 f   mmDebug.obj
 0001:0005a620       _dbObjDataField            0046b620 f   mmDebug.obj
 0001:0005a660       _dbSetObjDataField         0046b660 f   mmDebug.obj
 0001:0005a690       _dbObjDataPtr              0046b690 f   mmDebug.obj
 0001:0005a6d0       _dbObjClass                0046b6d0 f   mmDebug.obj
 0001:0005a6f0       _dbObjClassName            0046b6f0 f   mmDebug.obj
 0001:0005a720       _dbfObjClassName           0046b720 f   mmDebug.obj
 0001:0005ada0       _dbxClassName              0046bda0 f   mmDebug.obj
 0001:0005adc0       _dbClassNameIs             0046bdc0 f   mmDebug.obj
 0001:0005b070       _printIfClassNameIs        0046c070 f   mmDebug.obj
 0001:0005b0a0       _dbObjClassNameIs          0046c0a0 f   mmDebug.obj
 0001:0005b620       _printIfObjClassNameIs     0046c620 f   mmDebug.obj
 0001:0005b650       _dbObjMayBeClass           0046c650 f   mmDebug.obj
 0001:0005b7c0       _dbObjDataSize             0046c7c0 f   mmDebug.obj
 0001:0005b840       _dbObjHasPtrs              0046c840 f   mmDebug.obj
 0001:0005b870       _dbObjInOldRt              0046c870 f   mmDebug.obj
 0001:0005b8a0       _dbObjIsMarked             0046c8a0 f   mmDebug.obj
 0001:0005b8d0       _dbObjIsForwarded          0046c8d0 f   mmDebug.obj
 0001:0005b900       _dbObjInRt                 0046c900 f   mmDebug.obj
 0001:0005b930       _dbObjHash                 0046c930 f   mmDebug.obj
 0001:0005b960       _dbSelectorName            0046c960 f   mmDebug.obj
 0001:0005ba40       _dbxSelectorName           0046ca40 f   mmDebug.obj
 0001:0005ba60       _dbResidence               0046ca60 f   mmDebug.obj
 0001:0005be60       _dbxResidence              0046ce60 f   mmDebug.obj
 0001:0005be80       _dbObjOwners               0046ce80 f   mmDebug.obj
 0001:0005c090       _dbxOwners                 0046d090 f   mmDebug.obj
 0001:0005c0b0       _dbPrintIndicesOfIn        0046d0b0 f   mmDebug.obj
 0001:0005c140       _initDebugPrims            0046d140 f   mmDebug.obj
 0001:0005c280       _oopInObj                  0046d280 f   mmEnumerate.obj
 0001:0005c3a0       _initEnumerationPrims      0046d3a0 f   mmEnumerate.obj
 0001:0005d120       _signalFinalizationSemaphoreIfRequired 0046e120 f   mmFinal.obj
 0001:0005d190       _reserveOnEphemeronQueue   0046e190 f   mmFinal.obj
 0001:0005d1e0       _addToEphemeronQueue       0046e1e0 f   mmFinal.obj
 0001:0005d270       _addToFinalQueue           0046e270 f   mmFinal.obj
 0001:0005d4d0       _shrinkFinalQueue          0046e4d0 f   mmFinal.obj
 0001:0005d590       _shiftFinalQueueEntries    0046e590 f   mmFinal.obj
 0001:0005d700       _initFinalQueue            0046e700 f   mmFinal.obj
 0001:0005d810       _updateFinalQueuePtrs      0046e810 f   mmFinal.obj
 0001:0005d8e0       _objReallyInFinalQueue     0046e8e0 f   mmFinal.obj
 0001:0005d910       _objHasValidWeaknessProperties 0046e910 f   mmFinal.obj
 0001:0005da10       _finalSemaphore            0046ea10 f   mmFinal.obj
 0001:0005da30       _initFinalizationPrims     0046ea30 f   mmFinal.obj
 0001:0005de70       _addToMarkListFunc         0046ee70 f   mmGarbage.obj
 0001:0005def0       _compact                   0046eef0 f   mmGarbage.obj
 0001:0005df80       _initGarbagePrims          0046ef80 f   mmGarbage.obj
 0001:0005fc80       _addToCheckMarkListFunc    00470c80 f   mmIncGC.obj
 0001:0005fd30       _addToIncWeakListFunc      00470d30 f   mmIncGC.obj
 0001:0005fe40       _blowAwayIncGC             00470e40 f   mmIncGC.obj
 0001:00060220       _incMarkObj                00471220 f   mmIncGC.obj
 0001:00060420       _incMarkPermObjRefs        00471420 f   mmIncGC.obj
 0001:00060720       _chStOldObjInNonNew        00471720 f   mmIncGC.obj
 0001:00062120       _validateOldObj            00473120 f   mmIncGC.obj
 0001:00062260       _oopOnIncMarkStack         00473260 f   mmIncGC.obj
 0001:00062290       _oopOnIncEphemeronStack    00473290 f   mmIncGC.obj
 0001:000622c0       _initIncGCPrims            004732c0 f   mmIncGC.obj
 0001:00062420       _getImageFileFormat        00473420 f   mmInit.obj
 0001:00062450       _getImageType              00473450 f   mmInit.obj
 0001:00062480       _getImageSubType           00473480 f   mmInit.obj
 0001:000624b0       _setImageSubType           004734b0 f   mmInit.obj
 0001:000624c0       _startKernel               004734c0 f   mmInit.obj
 0001:00062be0       _readImageHeader           00473be0 f   mmInit.obj
 0001:00063820       _getDecompressionWorkspaces 00474820 f   mmInit.obj
 0001:00063c70       _realSlotsInStackSpace     00474c70 f   mmInit.obj
 0001:00064950       _updateOopFunc             00475950 f   mmInit.obj
 0001:00064aa0       _updatePermDataPtrFunc     00475aa0 f   mmInit.obj
 0001:00066660       _sweepLt                   00477660 f   mmLargeSpace.obj
 0001:00066700       _sweepAndCompactLargeSpace 00477700 f   mmLargeSpace.obj
 0001:00066900       _findFreeLsBlock           00477900 f   mmLargeSpace.obj
 0001:00066930       _compactLargeSpace         00477930 f   mmLargeSpace.obj
 0001:00066d00       _resetLargeSpaceAfterScavenge 00477d00 f   mmLargeSpace.obj
 0001:00066e20       _compactLargeSpaceResponse 00477e20 f   mmLargeSpace.obj
 0001:000671a0       _reRegisterLargeObj        004781a0 f   mmLargeSpace.obj
 0001:00067270       _largeSlotsToTenure        00478270 f   mmLargeSpace.obj
 0001:00067290       _numLargeSpaceObjects      00478290 f   mmLargeSpace.obj
 0001:000672b0       _occupiedLsDataSlots       004782b0 f   mmLargeSpace.obj
 0001:000672d0       _writeLargeSpace           004782d0 f   mmLargeSpace.obj
 0001:00067370       _allocInLargeSpace         00478370 f   mmLargeSpace.obj
 0001:000676e0       _lsDataSlotsFunc           004786e0 f   mmLargeSpace.obj
 0001:00067700       _lsBlockForObj             00478700 f   mmLargeSpace.obj
 0001:00067720       _lsBlockOk                 00478720 f   mmLargeSpace.obj
 0001:00067800       _largeSpaceOk              00478800 f   mmLargeSpace.obj
 0001:00067b30       _initializeEmptyFixedSpaceSegment 00478b30 f   mmFixedSpace.obj
 0001:00067bb0       _sweepFt                   00478bb0 f   mmFixedSpace.obj
 0001:00067d20       _sweepAndCompactFixedSpace 00478d20 f   mmFixedSpace.obj
 0001:00067e40       _compactFixedSpace         00478e40 f   mmFixedSpace.obj
 0001:00067f90       _resetFixedSpaceAfterScavenge 00478f90 f   mmFixedSpace.obj
 0001:000680f0       _existsFixedSpaceSegmentFor 004790f0 f   mmFixedSpace.obj
 0001:000681a0       _reRegisterFixedObj        004791a0 f   mmFixedSpace.obj
 0001:00068240       _occupiedFsDataSlotsIn     00479240 f   mmFixedSpace.obj
 0001:00068280       _occupiedFsDataSlots       00479280 f   mmFixedSpace.obj
 0001:000682c0       _occupiedFtSlots           004792c0 f   mmFixedSpace.obj
 0001:00068310       _writeFixedSpace           00479310 f   mmFixedSpace.obj
 0001:00068470       _allocInFixedSpace         00479470 f   mmFixedSpace.obj
 0001:00068880       _growFixedSpace            00479880 f   mmFixedSpace.obj
 0001:00068ad0       _discardFixedSpaceSegment  00479ad0 f   mmFixedSpace.obj
 0001:00068af0       _numFixedSpaceSegs         00479af0 f   mmFixedSpace.obj
 0001:00068b10       _fsBlockOk                 00479b10 f   mmFixedSpace.obj
 0001:00068c50       _objInFt                   00479c50 f   mmFixedSpace.obj
 0001:00068cb0       _objDataPtrInFt            00479cb0 f   mmFixedSpace.obj
 0001:00068d10       _fixedSpaceOk              00479d10 f   mmFixedSpace.obj
 0001:000690c0       _sweepNewSpace             0047a0c0 f   mmNewSpace.obj
 0001:00069320       _getNextNewSpaceObj        0047a320 f   mmNewSpace.obj
 0001:00069450       _searchNewSpace            0047a450 f   mmNewSpace.obj
 0001:000694b0       _recycleNewObj             0047a4b0 f   mmNewSpace.obj
 0001:00069590       _recycleNewOtEntry         0047a590 f   mmNewSpace.obj
 0001:00069640       _allocInNewSpace           0047a640 f   mmNewSpace.obj
 0001:00069780       _allocInPastSpace          0047a780 f   mmNewSpace.obj
 0001:00069890       _shrinkOrCopyNewObj        0047a890 f   mmNewSpace.obj
 0001:00069b60       _newSpaceOk                0047ab60 f   mmNewSpace.obj
 0001:00069db0       _newSpaceObjOk             0047adb0 f   mmNewSpace.obj
 0001:0006a0f0       _newSpaceOkScavenge        0047b0f0 f   mmNewSpace.obj
 0001:0006a190       _newSpaceObjOkScavenge     0047b190 f   mmNewSpace.obj
 0001:0006a3c0       _printSomeNewSpace         0047b3c0 f   mmNewSpace.obj
 0001:0006a460       _printNewSpace             0047b460 f   mmNewSpace.obj
 0001:0006a520       _registerInOldRt           0047b520 f   mmOldRt.obj
 0001:0006a620       _initOldRt                 0047b620 f   mmOldRt.obj
 0001:0006a670       _initPermObjIfNotSystemObj 0047b670 f   mmOldRt.obj
 0001:0006a6c0       _initPermObj               0047b6c0 f   mmOldRt.obj
 0001:0006a760       _createOldRt               0047b760 f   mmOldRt.obj
 0001:0006a830       _scanOldRtCreatingBackPtrs 0047b830 f   mmOldRt.obj
 0001:0006a8a0       _updateOldRtPtrs           0047b8a0 f   mmOldRt.obj
 0001:0006a900       _cacheOldRtOop             0047b900 f   mmOldRt.obj
 0001:0006a920       _compactOldRt              0047b920 f   mmOldRt.obj
 0001:0006a9b0       _sweepOldRt                0047b9b0 f   mmOldRt.obj
 0001:0006ab10       _shrinkOldRt               0047bb10 f   mmOldRt.obj
 0001:0006ab70       _emptyOldRt                0047bb70 f   mmOldRt.obj
 0001:0006abb0       _prepareOldRtForIncMark    0047bbb0 f   mmOldRt.obj
 0001:0006ac00       _incMarkOldRtEntries       0047bc00 f   mmOldRt.obj
 0001:0006aca0       _incMarkOldRtEntriesNBL    0047bca0 f   mmOldRt.obj
 0001:0006ad60       _objReallyInOldRt          0047bd60 f   mmOldRt.obj
 0001:0006ade0       _oldRtOk                   0047bde0 f   mmOldRt.obj
 0001:0006aeb0       _addPermOldRtEntriesToCheckMarkList 0047beb0 f   mmOldRt.obj
 0001:0006af10       _oldDataWithPermOtEntries  0047bf10 f   mmOldRt.obj
 0001:0006afb0       _createOopStack            0047bfb0 f   mmOopStack.obj
 0001:0006b000       _releaseOopStack           0047c000 f   mmOopStack.obj
 0001:0006b040       _shrinkOopStack            0047c040 f   mmOopStack.obj
 0001:0006b080       _emptyOopStack             0047c080 f   mmOopStack.obj
 0001:0006b180       _recycleOopStack           0047c180 f   mmOopStack.obj
 0001:0006b1c0       _pushOopStackCallout       0047c1c0 f   mmOopStack.obj
 0001:0006b2a0       _popOopStackCallout        0047c2a0 f   mmOopStack.obj
 0001:0006b2e0       _enumOopStack              0047c2e0 f   mmOopStack.obj
 0001:0006b310       _incEnumOopStack           0047c310 f   mmOopStack.obj
 0001:0006b5c0       _incEnumOopStackNBL        0047c5c0 f   mmOopStack.obj
 0001:0006b830       _neverCalled               0047c830 f   mmOopStack.obj
 0001:0006b850       _initOopStack              0047c850 f   mmOopStack.obj
 0001:0006b970       _sweepOopStack             0047c970 f   mmOopStack.obj
 0001:0006b9b0       _markOopStack              0047c9b0 f   mmOopStack.obj
 0001:0006ba10       _objIsOopStackSeg          0047ca10 f   mmOopStack.obj
 0001:0006ba50       _totalEntriesInOopStack    0047ca50 f   mmOopStack.obj
 0001:0006ba80       _liveEntriesInOopStack     0047ca80 f   mmOopStack.obj
 0001:0006bab0       _checkMarkOopStack         0047cab0 f   mmOopStack.obj
 0001:0006bad0       _oopOnOopStack             0047cad0 f   mmOopStack.obj
 0001:0006bb20       _recommendedOsReserveSlots 0047cb20 f   mmOldSpace.obj
 0001:0006bb50       _objPointsToOldSpace       0047cb50 f   mmOldSpace.obj
 0001:0006bbd0       _growOldObject             0047cbd0 f   mmOldSpace.obj
 0001:0006c0e0       _shrinkOldObject           0047d0e0 f   mmOldSpace.obj
 0001:0006c360       _resetIncUnmarkCounts      0047d360 f   mmOldSpace.obj
 0001:0006c370       _resetIncSweepCounts       0047d370 f   mmOldSpace.obj
 0001:0006c390       _resetFragmentationCounts  0047d390 f   mmOldSpace.obj
 0001:0006c3b0       _initOldSpaceBounds        0047d3b0 f   mmOldSpace.obj
 0001:0006c4d0       _freeLargeOldDataNoOop     0047d4d0 f   mmOldSpace.obj
 0001:0006c5f0       _allocOldData              0047d5f0 f   mmOldSpace.obj
 0001:0006cc30       _prepareThreadedFreeListForSnapshot 0047dc30 f   mmOldSpace.obj
 0001:0006cda0       _updateThreadedDataPointers 0047dda0 f   mmOldSpace.obj
 0001:0006cf10       _assimilateOldFreeList     0047df10 f   mmOldSpace.obj
 0001:0006d020       _flattenThreadedDataForPermLoad 0047e020 f   mmOldSpace.obj
 0001:0006d110       _addressInOldSegment       0047e110 f   mmOldSpace.obj
 0001:0006d150       _addressInOldSegmentData   0047e150 f   mmOldSpace.obj
 0001:0006d190       _addressInAnySegment       0047e190 f   mmOldSpace.obj
 0001:0006d1c0       _addressInAnySegmentData   0047e1c0 f   mmOldSpace.obj
 0001:0006d1f0       _addressInOldOt            0047e1f0 f   mmOldSpace.obj
 0001:0006d230       _addressInAnyOt            0047e230 f   mmOldSpace.obj
 0001:0006d260       _addressInOldNewOt         0047e260 f   mmOldSpace.obj
 0001:0006d2a0       _addressInAnyNewOt         0047e2a0 f   mmOldSpace.obj
 0001:0006d2d0       _addressInPermSegment      0047e2d0 f   mmOldSpace.obj
 0001:0006d300       _addressInPermOt           0047e300 f   mmOldSpace.obj
 0001:0006d330       _absorbPermFreeList        0047e330 f   mmOldSpace.obj
 0001:0006d4b0       _absorbPermSpace           0047e4b0 f   mmOldSpace.obj
 0001:0006d600       _restorePermSpace          0047e600 f   mmOldSpace.obj
 0001:0006d710       _growOldSpace              0047e710 f   mmOldSpace.obj
 0001:0006da20       _findContiguousSlotsInOldSpaceSlowly 0047ea20 f   mmOldSpace.obj
 0001:0006db50       _resetThreadedData         0047eb50 f   mmOldSpace.obj
 0001:0006db70       _sweepAndCompactOldSpace   0047eb70 f   mmOldSpace.obj
 0001:0006f5f0       _updateOopAfterOtCompFunc  004805f0 f   mmOldSpace.obj
 0001:0006f620       _saveOtBaseAfterIncMark    00480620 f   mmOldSpace.obj
 0001:0006f680       _resetAfterIncSweepOfOldSpace 00480680 f   mmOldSpace.obj
 0001:0006f6b0       _incSweepOldSpace          004806b0 f   mmOldSpace.obj
 0001:0006fc50       _slotsLeftInOldSpace       00480c50 f   mmOldSpace.obj
 0001:0006fcb0       _slotsUsedInOldSpace       00480cb0 f   mmOldSpace.obj
 0001:0006fd10       _sufficientFreeContiguousSpace 00480d10 f   mmOldSpace.obj
 0001:0006fd80       _searchObjectMemory        00480d80 f   mmOldSpace.obj
 0001:0006ff10       _collectAllSpecifiedObjects 00480f10 f   mmOldSpace.obj
 0001:000703c0       _scanObjectMemory          004813c0 f   mmOldSpace.obj
 0001:00070590       _scanReferentsOf           00481590 f   mmOldSpace.obj
 0001:00070850       _writeOldSpace             00481850 f   mmOldSpace.obj
 0001:00070a00       _otEntriesUsedInOldSpace   00481a00 f   mmOldSpace.obj
 0001:00070a50       _numOldSpaceSegs           00481a50 f   mmOldSpace.obj
 0001:00070a70       _prepareToUnmarkOldSpace   00481a70 f   mmOldSpace.obj
 0001:00070ab0       _incUnmarkOldSpace         00481ab0 f   mmOldSpace.obj
 0001:00070ed0       _allocInOldSpace           00481ed0 f   mmOldSpace.obj
 0001:000716c0       _reversePointersInOldSpace 004826c0 f   mmOldSpace.obj
 0001:00071740       _prepareThreadedDataForCompaction 00482740 f   mmOldSpace.obj
 0001:000717d0       _compactOldSpace           004827d0 f   mmOldSpace.obj
 0001:00071a70       _oldSpaceOk                00482a70 f   mmOldSpace.obj
 0001:00071d90       _oldSpaceObjOk             00482d90 f   mmOldSpace.obj
 0001:000720c0       _otEntryOnThreadedFreeList 004830c0 f   mmOldSpace.obj
 0001:000720f0       _threadedDataOk            004830f0 f   mmOldSpace.obj
 0001:000724e0       _threadedOtEntriesOk       004834e0 f   mmOldSpace.obj
 0001:000728d0       _checkMarksInOt            004838d0 f   mmOldSpace.obj
 0001:00072980       _applyToThreadedData       00483980 f   mmOldSpace.obj
 0001:00072af0       _oldSpaceHasNoLeaks        00483af0 f   mmOldSpace.obj
 0001:00072b00       _permSpaceHasNoLeaks       00483b00 f   mmOldSpace.obj
 0001:00072fd0       _printOldSpaceSegs         00483fd0 f   mmOldSpace.obj
 0001:00073060       _initOldSpacePrims         00484060 f   mmOldSpace.obj
 0001:00074870       _rebootSystem              00485870 f   mmProcess.obj
 0001:00074d60       _asynchSignal              00485d60 f   mmProcess.obj
 0001:00075540       _processSwitch             00486540 f   mmProcess.obj
 0001:000765c0       _couldBeCodeAllowedAsNPC   004875c0 f   mmProcess.obj
 0001:00076f60       _highestProcessPriority    00487f60 f   mmProcess.obj
 0001:00076fb0       _requestActiveProcessPriority 00487fb0 f   mmProcess.obj
 0001:00076fe0       _removeHighestPriorityProcess 00487fe0 f   mmProcess.obj
 0001:00077d00       _waitOnCalloutSemaphore    00488d00 f   mmProcess.obj
 0001:00078420       _initProcessPrims          00489420 f   mmProcess.obj
 0001:0007ad80       _processIsRunnable         0048bd80 f   mmProcess.obj
 0001:0007afd0       _objOnList                 0048bfd0 f   mmProcess.obj
 0001:0007b000       _recyclePermOtEntry        0048c000 f   mmPermSpace.obj
 0001:0007b170       _recyclePermData           0048c170 f   mmPermSpace.obj
 0001:0007b210       _recyclePermObj            0048c210 f   mmPermSpace.obj
 0001:0007b3f0       _recycleNonNewData         0048c3f0 f   mmPermSpace.obj
 0001:0007b590       _markPermSpace             0048c590 f   mmPermSpace.obj
 0001:0007b5d0       _writePermSpace            0048c5d0 f   mmPermSpace.obj
 0001:0007b680       _nilPermSpacePtrs          0048c680 f   mmPermSpace.obj
 0001:0007b6a0       _permCtxAtStartupOk        0048c6a0 f   mmPermSpace.obj
 0001:0007b760       _objBelongsInOldRt         0048c760 f   mmPermSpace.obj
 0001:0007b7f0       _permSpaceObjOk            0048c7f0 f   mmPermSpace.obj
 0001:0007bb40       _permSpaceOk               0048cb40 f   mmPermSpace.obj
 0001:0007bd30       _slotsFreeInOldSpaceMinusReserve 0048cd30 f   mmResources.obj
 0001:0007bd60       _lowSpaceResponse          0048cd60 f   mmResources.obj
 0001:0007bdc0       _initResourcePrims         0048cdc0 f   mmResources.obj
 0001:0007d390       _registerInRt              0048e390 f   mmRt.obj
 0001:0007d5b0       _canonicalizeRt            0048e5b0 f   mmRt.obj
 0001:0007d630       _compactRt                 0048e630 f   mmRt.obj
 0001:0007d730       _shrinkRt                  0048e730 f   mmRt.obj
 0001:0007d830       _updateRtPtrs              0048e830 f   mmRt.obj
 0001:0007d8f0       _sweepRt                   0048e8f0 f   mmRt.obj
 0001:0007d950       _initRt                    0048e950 f   mmRt.obj
 0001:0007db50       _objReallyInRt             0048eb50 f   mmRt.obj
 0001:0007db90       _addPermRtEntriesToCheckMarkList 0048eb90 f   mmRt.obj
 0001:0007dbd0       _rtOk                      0048ebd0 f   mmRt.obj
 0001:0007dda0       _rtLooksOk                 0048eda0 f   mmRt.obj
 0001:0007e420       _getTenureThreshold        0048f420 f   mmScavenge.obj
 0001:0007e430       _initScavenger             0048f430 f   mmScavenge.obj
 0001:0007e470       _flushEden                 0048f470 f   mmScavenge.obj
 0001:0007e490       _flushNewSpace             0048f490 f   mmScavenge.obj
 0001:0007e4d0       _scavengeNewSpace          0048f4d0 f   mmScavenge.obj
 0001:0007e500       _scavengeTenuringEveryone  0048f500 f   mmScavenge.obj
 0001:0007e530       _scavengeTenuringInstancesOf 0048f530 f   mmScavenge.obj
 0001:0007e550       _scavengeTenuringOwnersOf  0048f550 f   mmScavenge.obj
 0001:0007e570       _scavengeTenuringTheseObjs 0048f570 f   mmScavenge.obj
 0001:000817b0       _copyAndForward            004927b0 f   mmScavenge.obj
 0001:000826c0       _updateNewObjRef           004936c0 f   mmScavenge.obj
 0001:00082d80       _initScavengePrims         00493d80 f   mmScavenge.obj
 0001:00083d30       _mapAllNPCs                00494d30 f   mmSnapshot.obj
 0001:00084000       _initSnapshotPrims         00495000 f   mmSnapshot.obj
 0001:000850a0       _initSubscriptPrims        004960a0 f   mmSubscript.obj
 0001:00089980       _registerSysOop            0049a980 f   mmSysOop.obj
 0001:00089b50       _registerNewSysOop         0049ab50 f   mmSysOop.obj
 0001:00089d00       _allocSysOopSlot           0049ad00 f   mmSysOop.obj
 0001:00089d60       _freeSysOopSlot            0049ad60 f   mmSysOop.obj
 0001:00089f40       _initSysOopRegistry        0049af40 f   mmSysOop.obj
 0001:0008a1b0       _shrinkSysOopRegistry      0049b1b0 f   mmSysOop.obj
 0001:0008a210       _updateSysOopRegistryPtrs  0049b210 f   mmSysOop.obj
 0001:0008a290       _maxValidSysOopX           0049b290 f   mmSysOop.obj
 0001:0008a2a0       _assertFail                0049b2a0 f   assertFail.obj
 0001:0008a3f0       _doAssert                  0049b3f0 f   assertFail.obj
 0001:0008a410       _assertReport              0049b410 f   assertFail.obj
 0001:0008a480       _reportAllocFailure        0049b480 f   checks.obj
 0001:0008a510       _doPanic                   0049b510 f   checks.obj
 0001:0008a550       _isAllocatedStack          0049b550 f   checks.obj
 0001:0008a580       _inStack                   0049b580 f   checks.obj
 0001:0008a5b0       _couldBeSP                 0049b5b0 f   checks.obj
 0001:0008a5f0       _interruptIsWithinHeadroom 0049b5f0 f   checks.obj
 0001:0008a680       _stackPCsOK                0049b680 f   checks.obj
 0001:0008a8d0       _allPCsOK                  0049b8d0 f   checks.obj
 0001:0008a920       _stackBlocksOK             0049b920 f   checks.obj
 0001:0008aac0       _allBlockActivationsOK     0049bac0 f   checks.obj
 0001:0008ab00       _stackHybridsOK            0049bb00 f   checks.obj
 0001:0008ae20       _allHybridsOK              0049be20 f   checks.obj
 0001:0008ae60       _stacksOK                  0049be60 f   checks.obj
 0001:0008af10       _frameIsConsistent         0049bf10 f   checks.obj
 0001:0008af50       _looksLikeHybrid           0049bf50 f   checks.obj
 0001:0008af90       _isFreeStack               0049bf90 f   checks.obj
 0001:0008b000       _numFreeStacks             0049c000 f   checks.obj
 0001:0008b020       _numAllocStacks            0049c020 f   checks.obj
 0001:0008b040       _stackObjsOK               0049c040 f   checks.obj
 0001:0008b280       _isFP                      0049c280 f   checks.obj
 0001:0008b2f0       _isStack                   0049c2f0 f   checks.obj
 0001:0008b330       _stackOfFrameFunc          0049c330 f   checks.obj
 0001:0008b350       _printStackHeader          0049c350 f   checks.obj
 0001:0008b4a0       _printSelector             0049c4a0 f   checks.obj
 0001:0008b680       _printNameOfClass          0049c680 f   checks.obj
 0001:0008b7e0       _printClassName            0049c7e0 f   checks.obj
 0001:0008bbd0       _printFrame                0049cbd0 f   checks.obj
 0001:0008bff0       _frameAbove                0049cff0 f   checks.obj
 0001:0008c040       _rawPrintFrame             0049d040 f   checks.obj
 0001:0008c320       _rawPrintThisFrame         0049d320 f   checks.obj
 0001:0008c3a0       _printContext              0049d3a0 f   checks.obj
 0001:0008c430       _printThisFrame            0049d430 f   checks.obj
 0001:0008c4b0       _briefPrintFrame           0049d4b0 f   checks.obj
 0001:0008c5b0       _printAllFrames            0049d5b0 f   checks.obj
 0001:0008c640       _printNFrames              0049d640 f   checks.obj
 0001:0008c6e0       _briefPrintAllFrames       0049d6e0 f   checks.obj
 0001:0008c770       _briefPrintFrames          0049d770 f   checks.obj
 0001:0008c7f0       _checkGetSender            0049d7f0 f   checks.obj
 0001:0008ca10       _printNFramesAndContextsFrom 0049da10 f   checks.obj
 0001:0008cb10       _printNFramesAndContexts   0049db10 f   checks.obj
 0001:0008cb30       _printAllFramesAndContextsFrom 0049db30 f   checks.obj
 0001:0008cb50       _dPrintNFramesAndContextsFrom 0049db50 f   checks.obj
 0001:0008cb70       _dPrintAllFramesAndContextsFrom 0049db70 f   checks.obj
 0001:0008cb90       _printAllFramesAndContextsFromContext 0049db90 f   checks.obj
 0001:0008ccc0       _printAllFramesAndContexts 0049dcc0 f   checks.obj
 0001:0008cd30       _dumpAll                   0049dd30 f   checks.obj
 0001:0008d010       _dumpAllProcesses          0049e010 f   checks.obj
 0001:0008d2f0       _dumpAllProcessesToFile    0049e2f0 f   checks.obj
 0001:0008d340       _dumpAllToFileCalling      0049e340 f   checks.obj
 0001:0008d3c0       _dumpAllToFileWithString   0049e3c0 f   checks.obj
 0001:0008d450       _dumpAllToFileWithChars    0049e450 f   checks.obj
 0001:0008d470       _dumpAllToFile             0049e470 f   checks.obj
 0001:0008d490       _printStack                0049e490 f   checks.obj
 0001:0008d4b0       _printTopFrame             0049e4b0 f   checks.obj
 0001:0008d4d0       _printCurrent              0049e4d0 f   checks.obj
 0001:0008d530       _printChain                0049e530 f   checks.obj
 0001:0008d630       _logSend                   0049e630 f   checks.obj
 0001:0008d690       _className                 0049e690 f   checks.obj
 0001:0008d820       _printSendLogFor           0049e820 f   checks.obj
 0001:0008d930       _printSendLog              0049e930 f   checks.obj
 0001:0008d940       _aha                       0049e940 f   checks.obj
 0001:0008da50       _initCSels                 0049ea50 f   checks.obj
 0001:0008db10       _initCClss                 0049eb10 f   checks.obj
 0001:0008dbd0       _makeCSel                  0049ebd0 f   checks.obj
 0001:0008dca0       _makeCCls                  0049eca0 f   checks.obj
 0001:0008dd90       _matchCSel                 0049ed90 f   checks.obj
 0001:0008de60       _matchCCls                 0049ee60 f   checks.obj
 0001:0008deb0       _isLiveHybrid              0049eeb0 f   contexts.obj
 0001:0008e020       _shouldBeLiveHybrid        0049f020 f   contexts.obj
 0001:0008e210       _CLoadContextInstVar       0049f210 f   contexts.obj
 0001:0008e600       _contextInstVarNoReify     0049f600 f   contexts.obj
 0001:0008e940       _CrtStoreContextInstVar    0049f940 f   contexts.obj
 0001:0008e970       _storeContextInstVar       0049f970 f   contexts.obj
 0001:0008f220       _replaceReferencesInHybridFrames 004a0220 f   contexts.obj
 0001:0008f310       _initContextPrimitives     004a0310 f   contexts.obj
 0001:000910c0       _doesNotUnderstandWA       004a20c0 f   dnu.obj
 0001:00091ae0       _CrtMNUFromPIC             004a2ae0 f   dnu.obj
 0001:00092b00       _Cdnu0                     004a3b00 f   dnu.obj
 0001:00092b30       _Cdnu1                     004a3b30 f   dnu.obj
 0001:00092b60       _Cdnu2                     004a3b60 f   dnu.obj
 0001:00092ba0       _Cdnu3                     004a3ba0 f   dnu.obj
 0001:00092c70       _CdnuMany                  004a3c70 f   dnu.obj
 0001:00092dc0       _doesNotUnderstand         004a3dc0 f   dnu.obj
 0001:00092e10       _CcantReturn               004a3e10 f   dnu.obj
 0001:00092fc0       _CrtCannotResume           004a3fc0 f   dnu.obj
 0001:00093130       _histSendTrace             004a4130 f   hist.obj
 0001:000932c0       _CrtTraceLinkedSend        004a42c0 f   hist.obj
 0001:000932e0       _CrtTraceOpenPIC           004a42e0 f   hist.obj
 0001:00093300       _nilContexts               004a4300 f   nlreturn.obj
 0001:00093710       _CrtMethodReturn           004a4710 f   nlreturn.obj
 0001:000943c0       _handleStackOverflow       004a53c0 f   nsupport.obj
 0001:00094440       _CrtAbortPrimFail          004a5440 f   nsupport.obj
 0001:00094610       _CrtAbortSend              004a5610 f   nsupport.obj
 0001:00094800       _CrtEndLoop                004a5800 f   nsupport.obj
 0001:000948e0       _CrtCarefulCallPrim        004a58e0 f   nsupport.obj
 0001:00095060       _CLoadThisContext          004a6060 f   nsupport.obj
 0001:00095200       _CrtCheckStore             004a6200 f   nsupport.obj
 0001:00095490       _CrtCheckStoreFrameless    004a6490 f   nsupport.obj
 0001:000956a0       _CrtMakeCopyingBlock       004a66a0 f   nsupport.obj
 0001:00095f20       _CrtMakeCopyingBlock1      004a6f20 f   nsupport.obj
 0001:00096300       _CrtMakeFullBlock          004a7300 f   nsupport.obj
 0001:000967e0       _CrtMakeFullCopyingBlock   004a77e0 f   nsupport.obj
 0001:00097250       _CrtConsArray              004a8250 f   nsupport.obj
 0001:00097660       _CrtCreateArray            004a8660 f   nsupport.obj
 0001:00097910       _CrtNotBoolean             004a8910 f   nsupport.obj
 0001:00097c00       _CrtNotBooleanTrue         004a8c00 f   nsupport.obj
 0001:00097c20       _CrtNotBooleanFalse        004a8c20 f   nsupport.obj
 0001:00097c40       _CrtAttemptToAssign        004a8c40 f   nsupport.obj
 0001:00097fe0       _CrtBadBytecode            004a8fe0 f   nsupport.obj
 0001:00098220       _buildSendWithArgs         004a9220 f   primSends.obj
 0001:00098470       _buildActivationOfSendWithArgs 004a9470 f   primSends.obj
 0001:00098790       _initEvaluationPrimitives  004a9790 f   primSends.obj
 0001:0009a010       _CunlinkedSend             004ab010 f   send.obj
 0001:0009a260       _CunlinkedSendNonImmediate 004ab260 f   send.obj
 0001:0009a470       _CunlinkedSendNoCheck      004ab470 f   send.obj
 0001:0009a6c0       _CunlinkedSendSuper        004ab6c0 f   send.obj
 0001:0009a8e0       _handleTranFailure         004ab8e0 f   send.obj
 0001:0009ab70       _outputMeasurements        004abb70 f   send.obj
 0001:0009ab80       _relinkSend                004abb80 f   send.obj
 0001:0009ae60       _CrtAbortSendMiss          004abe60 f   send.obj
 0001:0009aed0       _anyAsyncRequests          004abed0 f   services.obj
 0001:0009af10       _isRequested               004abf10 f   services.obj
 0001:0009af50       _clearRequest              004abf50 f   services.obj
 0001:0009af90       _setRequest                004abf90 f   services.obj
 0001:0009b000       _handleAsyncRequests       004ac000 f   services.obj
 0001:0009b120       _handleRequests            004ac120 f   services.obj
 0001:0009b1d0       _asyncSetRequest           004ac1d0 f   services.obj
 0001:0009b1f0       _frameMakeHybrid           004ac1f0 f   stackframe.obj
 0001:0009b7c0       _stackReify                004ac7c0 f   stackframe.obj
 0001:0009b8f0       _stackStabilize            004ac8f0 f   stackframe.obj
 0001:0009bc80       _relocateDownTo            004acc80 f   stackframe.obj
 0001:0009c210       _checkStacks               004ad210 f   stackframe.obj
 0001:0009c260       _frameEnsureStack          004ad260 f   stackframe.obj
 0001:0009d020       _stabilizeThisContext      004ae020 f   stackframe.obj
 0001:0009d720       _stabilizeContextsWithMethod 004ae720 f   stackframe.obj
 0001:0009d880       _mustAddNMethod            004ae880 f   stackframe.obj
 0001:0009d8d0       _mustMapVToNPC             004ae8d0 f   stackframe.obj
 0001:0009da00       _stableToHybrid            004aea00 f   stackframe.obj
 0001:0009e1c0       _CrootReturn               004af1c0 f   stackframe.obj
 0001:0009e3b0       _resumeContext             004af3b0 f   stackframe.obj
 0001:0009e650       _suspendTopContext         004af650 f   stackframe.obj
 0001:0009e6c0       _initStacks                004af6c0 f   stackzone.obj
 0001:0009e870       _stackAlloc                004af870 f   stackzone.obj
 0001:0009e9c0       _stabilizeAllStacks        004af9c0 f   stackzone.obj
 0001:0009ea30       _stabilizeMostStacks       004afa30 f   stackzone.obj
 0001:0009eaa0       _reifyAllStacks            004afaa0 f   stackzone.obj
 0001:0009ec20       _stackAtHead               004afc20 f   stackzone.obj
 0001:0009ed00       _promoteStack              004afd00 f   stackzone.obj
 0001:0009ed90       _stackDeAlloc              004afd90 f   stackzone.obj
 0001:0009ee50       _scavengeStacks            004afe50 f   vmsupport.obj
 0001:0009f250       _stackEnumerateOopsForGC   004b0250 f   vmsupport.obj
 0001:0009f3a0       _stackEnumerateRefsForGC   004b03a0 f   vmsupport.obj
 0001:0009f4e0       _enumerateFramesAndReturns 004b04e0 f   vmsupport.obj
 0001:0009f630       _commitPrimitive           004b0630 f   vmsupport.obj
 0001:0009fa00       _commitPrimitiveAndHandleRequests 004b0a00 f   vmsupport.obj
 0001:0009fa30       _commitPrimitiveWithRestart 004b0a30 f   vmsupport.obj
 0001:0009fb00       _convertRestartToReturn    004b0b00 f   vmsupport.obj
 0001:0009fc30       _asynchReCommitOrFailPrimitive 004b0c30 f   vmsupport.obj
 0001:000a0180       _topOfStack                004b1180 f   vmsupport.obj
 0001:000a0630       _failPrimitive             004b1630 f   vmsupport.obj
 0001:000a0ad0       _reInitNMethods            004b1ad0 f   nmalloc.obj
 0001:000a0b20       _initNMethodAlloc          004b1b20 f   nmalloc.obj
 0001:000a0c30       _scratchNmzBounds          004b1c30 f   nmalloc.obj
 0001:000a0c90       _nMethodPermAlloc          004b1c90 f   nmalloc.obj
 0001:000a0d50       _nMethodAlloc              004b1d50 f   nmalloc.obj
 0001:000a0fb0       _nMethodDealloc            004b1fb0 f   nmalloc.obj
 0001:000a1010       _nMethodShorten            004b2010 f   nmalloc.obj
 0001:000a10d0       _nMethodAllocScratch       004b20d0 f   nmalloc.obj
 0001:000a1110       _nMethodAddToList          004b2110 f   nmalloc.obj
 0001:000a1190       _nMethodSelectFromList     004b2190 f   nmalloc.obj
 0001:000a11f0       _nMethodListOK             004b21f0 f   nmalloc.obj
 0001:000a1240       _aoBoundariesOk            004b2240 f   nmalloc.obj
 0001:000a1250       _allNMethodsOK             004b2250 f   nmalloc.obj
 0001:000a1270       _compactNMethods           004b2270 f   nmalloc.obj
 0001:000a1290       _compactAllNMethods        004b2290 f   nmalloc.obj
 0001:000a1330       _printNMZone               004b2330 f   nmalloc.obj
 0001:000a1420       _printNMethodsForVMethod   004b2420 f   nmalloc.obj
 0001:000a14b0       _isNMethod                 004b24b0 f   nmalloc.obj
 0001:000a1580       _nMethodForPC              004b2580 f   nmalloc.obj
 0001:000a1630       _nMethodForPCVal           004b2630 f   nmalloc.obj
 0001:000a1650       _dbPrintNMethod            004b2650 f   nmalloc.obj
 0001:000a1670       _printNMethod              004b2670 f   nmalloc.obj
 0001:000a1aa0       _printNM                   004b2aa0 f   nmalloc.obj
 0001:000a1ac0       _printNMAtPC               004b2ac0 f   nmalloc.obj
 0001:000a1af0       _printUnlinkedNMethods     004b2af0 f   nmalloc.obj
 0001:000a1bc0       _nmUpdateNewRefs           004b2bc0 f   nmcompact.obj
 0001:000a1bf0       _invalidateNMethods        004b2bf0 f   nmcompact.obj
 0001:000a1ca0       _invalidatePostFreeNMethods 004b2ca0 f   nmcompact.obj
 0001:000a1db0       _nMethodOnNewList          004b2db0 f   nmcompact.obj
 0001:000a1de0       _nMethodsOK                004b2de0 f   nmcompact.obj
 0001:000a1f50       _nmCompact                 004b2f50 f   nmcompact.obj
 0001:000a2170       _markNMethodsWithMarkedObjs 004b3170 f   nmcompact.obj
 0001:000a2230       _markNMethodsAsNotReferringTo 004b3230 f   nmcompact.obj
 0001:000a2320       _unlinkAndFreeUnmarkedNMethods 004b3320 f   nmcompact.obj
 0001:000a2460       _listNMethod               004b3460 f   nmcompact.obj
 0001:000a2a30       _clearNTable               004b3a30 f   nmlookup.obj
 0001:000a2a60       _vToNMethod                004b3a60 f   nmlookup.obj
 0001:000a2c60       _nMethodIsInTables         004b3c60 f   nmlookup.obj
 0001:000a2de0       _blockVToNMethod           004b3de0 f   nmlookup.obj
 0001:000a2e10       _addNMethod                004b3e10 f   nmlookup.obj
 0001:000a2ea0       _findNMethodLinkBefore     004b3ea0 f   nmlookup.obj
 0001:000a2ee0       _findMethod                004b3ee0 f   nmlookup.obj
 0001:000a3320       _findMethodForOpenPIC      004b4320 f   nmlookup.obj
 0001:000a38a0       _initMCache                004b48a0 f   nmlookup.obj
 0001:000a38e0       _clearMCache               004b48e0 f   nmlookup.obj
 0001:000a3950       _mCacheOK                  004b4950 f   nmlookup.obj
 0001:000a3990       _nmFlushLookupCache        004b4990 f   nmlookup.obj
 0001:000a39c0       _nmFlushLookupEntriesForSelector 004b49c0 f   nmlookup.obj
 0001:000a3ab0       _nmFlushCachedCodeForMethod 004b4ab0 f   nmlookup.obj
 0001:000a3be0       _basicAccessClass          004b4be0 f   nmlookup.obj
 0001:000a3f00       _getPrimitiveNumber        004b4f00 f   nmlookup.obj
 0001:000a3fb0       _nmUpdateNewRefsFromMCache 004b4fb0 f   nmlookup.obj
 0001:000a4060       _printMethodName           004b5060 f   nmlookup.obj
 0001:000a4390       _printMethod               004b5390 f   nmlookup.obj
 0001:000a43b0       _actionInit                004b53b0 f   taction.obj
 0001:000a4430       _actionReset               004b5430 f   taction.obj
 0001:000a4460       _addAction                 004b5460 f   taction.obj
 0001:000a4710       _loopBegin                 004b5710 f   taction.obj
 0001:000a4780       _loopEnd                   004b5780 f   taction.obj
 0001:000a47d0       _optReFix                  004b57d0 f   taction.obj
 0001:000a4880       _initFirstTime             004b5880 f   taux.obj
 0001:000a4950       _initTemps                 004b5950 f   taux.obj
 0001:000a4d30       _tPushArgs                 004b5d30 f   taux.obj
 0001:000a4d60       _tFinishMethod             004b5d60 f   taux.obj
 0001:000a54d0       _saveSelectorInNMethod     004b64d0 f   taux.obj
 0001:000a5610       _restoreSelectorFromNMethod 004b6610 f   taux.obj
 0001:000a5b00       _cgenPutB                  004b6b00 f   tcgencode.obj
 0001:000a5b10       _cgenPutW                  004b6b10 f   tcgencode.obj
 0001:000a5b30       _cgenPutL                  004b6b30 f   tcgencode.obj
 0001:000a5b40       _cNopGenTo                 004b6b40 f   tcgencode.obj
 0001:000a5bf0       _cgenDiv                   004b6bf0 f   tcgencode.obj
 0001:000a5d00       _cgenByteRN                004b6d00 f   tcgencode.obj
 0001:000a5e00       _cgenByteRXn               004b6e00 f   tcgencode.obj
 0001:000a5ed0       _is686OrHigher             004b6ed0 f   tcgencode.obj
 0001:000a5f10       _tcInlineIFlush            004b6f10 f   tcgencode.obj
 0001:000a5f50       _initClearICache           004b6f50 f   tcgencode.obj
 0001:000a5fe0       _alignForCall              004b6fe0 f   tcgencode.obj
 0001:000a6030       _tFJumpCond                004b7030 f   tcgencode.obj
 0001:000a60a0       _initBxpNotBoolean         004b70a0 f   tcodes.obj
 0001:000a6180       _isCalleeNotBooleanRt      004b7180 f   tcodes.obj
 0001:000a61b0       _tDup                      004b71b0 f   tcodes.obj
 0001:000a6250       _tJmp                      004b7250 f   tcodes.obj
 0001:000a63d0       _tLoopHead                 004b73d0 f   tcodes.obj
 0001:000a6420       _tJmpBack                  004b7420 f   tcodes.obj
 0001:000a6710       _tBxp                      004b7710 f   tcodes.obj
 0001:000a69a0       _tCopyingBlock             004b79a0 f   tcodes.obj
 0001:000a6a50       _tFullBlock                004b7a50 f   tcodes.obj
 0001:000a6ac0       _tFullCopyingBlock         004b7ac0 f   tcodes.obj
 0001:000a6b50       _tConsArray                004b7b50 f   tcodes.obj
 0001:000a6be0       _tCreateArray              004b7be0 f   tcodes.obj
 0001:000a6c80       _tCopyValues               004b7c80 f   tcodes.obj
 0001:000a6d30       _initNMethods              004b7d30 f   tinit.obj
 0001:000a6de0       _initTranAfter             004b7de0 f   tinit.obj
 0001:000a6e10       _initSendTypeTable         004b7e10 f   tinit.obj
 0001:000a6e50       _tMainLoop                 004b7e50 f   tloop.obj
 0001:000a84f0       _initStoreInst             004b94f0 f   tloadstore.obj
 0001:000a8720       _tLoadInst                 004b9720 f   tloadstore.obj
 0001:000a8860       _tStoreInst                004b9860 f   tloadstore.obj
 0001:000a8ca0       _tLoadLocalIndirect        004b9ca0 f   tloadstore.obj
 0001:000a8dd0       _tStoreLocalIndirect       004b9dd0 f   tloadstore.obj
 0001:000a8e00       _tStoreCheck               004b9e00 f   tloadstore.obj
 0001:000a92b0       _nmTranslate               004ba2b0 f   tmain.obj
 0001:000a97d0       _tGenerate                 004ba7d0 f   tmain.obj
 0001:000a9ae0       _tGenerate1                004baae0 f   tmain.obj
 0001:000a9b50       _unpackVMethod             004bab50 f   tmain.obj
 0001:000a9e00       _mapNToVPC                 004bae00 f   tmain.obj
 0001:000a9f60       _mapVToNPC                 004baf60 f   tmain.obj
 0001:000a9fe0       _TAbortFunc                004bafe0 f   tmain.obj
 0001:000aa070       _vMethodMaxInstVar         004bb070 f   tmain.obj
 0001:000aa3d0       _printEntireNMethod        004bb3d0 f   tmain.obj
 0001:000aa5a0       _fprintNCode               004bb5a0 f   tmain.obj
 0001:000aaa70       _regProc                   004bba70 f   tmain.obj
 0001:000aab50       _nmGetXNumArgs             004bbb50 f   tmaprt.obj
 0001:000aab80       _nmGetXNumTemps            004bbb80 f   tmaprt.obj
 0001:000aabb0       _nmGetXFrameSize           004bbbb0 f   tmaprt.obj
 0001:000aabe0       _nMethodUnlink             004bbbe0 f   tmaprt.obj
 0001:000aad40       _CrtAbortRelinkSendToUnlinked 004bbd40 f   tmaprt.obj
 0001:000ab0b0       _mapDataForNpc             004bc0b0 f   tmaprt.obj
 0001:000ab240       _nmInvalidateLinks         004bc240 f   tmaprt.obj
 0001:000ab380       _nmInvalidateLinksTo       004bc380 f   tmaprt.obj
 0001:000ab4c0       _nmInvalidateLinksToFree   004bc4c0 f   tmaprt.obj
 0001:000ab610       _nmInvalidateLinksToUnmarked 004bc610 f   tmaprt.obj
 0001:000ab7b0       _nMethodRelocateLinks      004bc7b0 f   tmaprt.obj
 0001:000ab960       _smashInlineCache          004bc960 f   tmaprt.obj
 0001:000ab9c0       _smashInlineCall           004bc9c0 f   tmaprt.obj
 0001:000aba10       _updateInlineCache         004bca10 f   tmaprt.obj
 0001:000aba40       _updateInlineCacheToPIC    004bca40 f   tmaprt.obj
 0001:000abab0       _nmUpdateNewLiterals       004bcab0 f   tmaprt.obj
 0001:000abcf0       _nMethodRefersTo           004bccf0 f   tmaprt.obj
 0001:000abe60       _nMethodRefersToMustScanNMethod 004bce60 f   tmaprt.obj
 0001:000abec0       _lastValidNPCOf            004bcec0 f   tmaprt.obj
 0001:000abf90       _fetchLiteralOperandFunc   004bcf90 f   tmaprt.obj
 0001:000abfa0       _canDecodeSend             004bcfa0 f   tmaprt.obj
 0001:000abff0       _canDecodeCall             004bcff0 f   tmaprt.obj
 0001:000ac030       _nMethodOK                 004bd030 f   tmaprt.obj
 0001:000ac3e0       _printBadNM                004bd3e0 f   tmaprt.obj
 0001:000ac4a0       _npcInNMethodMap           004bd4a0 f   tmaprt.obj
 0001:000ac5a0       _mapPrimitiveRestart       004bd5a0 f   tmaprt.obj
 0001:000ac690       _mapPrimitiveReturn        004bd690 f   tmaprt.obj
[...]
 0001:0002dcf0       _rgbSubwith                0043ecf0 f   exBitBlt.obj
 0001:0002dd70       _setWordwith               0043ed70 f   exBitBlt.obj
 0001:0002e3f0       _sourceWordwith            0043f3f0 f   exBitBlt.obj
 0001:0002e400       _srcLongAt                 0043f400 f   exBitBlt.obj
 0001:0002e440       _subWordwith               0043f440 f   exBitBlt.obj
 0001:0002e450       _tileArrayCopyBitsstridewidthxysourcestridewidthxywidthheigthrule 0043f450 f   exBitBlt.obj
 0001:0002e4a0       _unlockSurfaces            0043f4a0 f   exBitBlt.obj
 0001:0002e570       _warpLoopSmoothing         0043f570 f   exBitBlt.obj
 0001:0002ee90       _deltaFromtonSteps         0043fe90 f   exBitBlt.obj
 0001:0002eee0       _fetchIntOrFloatofObject   0043fee0 f   exBitBlt.obj
 0001:0002ef90       _mapDestPixel              0043ff90 f   exBitBlt.obj
 0001:0002f000       _warpPickSmoothPixelsxDeltahyDeltahxDeltavyDeltavsmoothingdstShiftInc 00440000 f   exBitBlt.obj
 0001:00028440       _thunkArgumentsFar         00439440 f   ntcbk16.obj
 0001:000275e0       _processException          004385e0 f   ntcallc.obj
 0001:000257b0       _thunkProcess              004367b0 f   ntcallbk.obj
 0001:00025d00       _thunkArguments            00436d00 f   ntcallbk.obj
 0001:00024060       _invokeCOMMethod           00435060 f   ntcom.obj
 0001:00022c70       _pollEvents                00433c70 f   ntwin.obj
 0001:000228e0       _pdReInitTime              004338e0 f   nttime.obj
 0001:0001fef0       _primNewPrinter            00430ef0 f   ntprint.obj
 0001:00020130       _bInitCoordinateSystem     00431130 f   ntprint.obj
 0001:000201d0       _primBeginPrintJob         004311d0 f   ntprint.obj
 0001:000202d0       _primSendToPrinter         004312d0 f   ntprint.obj
 0001:00020370       _primClosePrinter          00431370 f   ntprint.obj
 0001:00020400       _primNewPage               00431400 f   ntprint.obj
 0001:000204b0       _primListPrinterFonts      004314b0 f   ntprint.obj
 0001:00020550       _primCreatePrinterFont     00431550 f   ntprint.obj
 0001:00020930       _primPrintImage            00431930 f   ntprint.obj
 0001:00020970       _bSTImageToDC              00431970 f   ntprint.obj
 0001:00020eb0       _primPrintMonoImage        00431eb0 f   ntprint.obj
 0001:00020f90       _primColorPrinterDepthAndBitsPerPixel 00431f90 f   ntprint.obj
 0001:00021060       _primCoveragePrinterDepthAndBitsPerPixel 00432060 f   ntprint.obj
 0001:00021100       _primGetPrinterDimensions  00432100 f   ntprint.obj
 0001:00021980       _primPrinterName           00432980 f   ntprint.obj
 0001:00021a40       _primChangePrinterExtent   00432a40 f   ntprint.obj
 0001:00021b50       _primSetLandscape          00432b50 f   ntprint.obj
 0001:00021c60       _primPrinterEscape         00432c60 f   ntprint.obj
 0001:00021d00       _primStartPage             00432d00 f   ntprint.obj
 0001:00021db0       _primEndPage               00432db0 f   ntprint.obj
 0001:00021e40       _primSendJobToPrinter      00432e40 f   ntprint.obj
 0001:0001c6e0       _outputWSALastError        0042d6e0 f   ntsock.obj
 0001:0001c930       _sockWSAEvent              0042d930 f   ntsock.obj
 0001:0001ca20       _sockSignalSemaphore       0042da20 f   ntsock.obj
 0001:0001cad0       _sockCleanup               0042dad0 f   ntsock.obj
 0001:0001ccd0       _sockInit                  0042dcd0 f   ntsock.obj
 0001:0001ce50       _setSem                    0042de50 f   ntsock.obj
 0001:0001d070       _sockOpen                  0042e070 f   ntsock.obj
 0001:0001d370       _sockAccept                0042e370 f   ntsock.obj
 0001:0001db10       _sockBind                  0042eb10 f   ntsock.obj
 0001:0001dc50       _sockListen                0042ec50 f   ntsock.obj
 0001:0001dd50       _sockConnect               0042ed50 f   ntsock.obj
 0001:0001de50       _sockRecvfrom              0042ee50 f   ntsock.obj
 0001:0001e0e0       _sockSendto                0042f0e0 f   ntsock.obj
 0001:0001e360       _sockShutdown              0042f360 f   ntsock.obj
 0001:0001e450       _sockSetOptions            0042f450 f   ntsock.obj
 0001:0001e610       _sockGetOptions            0042f610 f   ntsock.obj
 0001:0001e850       _sockGetName               0042f850 f   ntsock.obj
 0001:0001ea40       _sockGetPeer               0042fa40 f   ntsock.obj
 0001:0001ecd0       _sockAtMark                0042fcd0 f   ntsock.obj
 0001:0001edc0       _getIPHostNum              0042fdc0 f   ntsock.obj
 0001:0001efc0       _getIPProtoNum             0042ffc0 f   ntsock.obj
 0001:0001f080       _getIPServNum              00430080 f   ntsock.obj
 0001:0001f230       _getIPHostNam              00430230 f   ntsock.obj
 0001:0001f3c0       _getIPProtoNam             004303c0 f   ntsock.obj
 0001:0001f490       _getIPServNam              00430490 f   ntsock.obj
 0001:0001f590       _primGetHostname           00430590 f   ntsock.obj
 0001:0001f670       _sockClose                 00430670 f   ntsock.obj
 0001:0001f760       _loadSocketLibrary         00430760 f   ntsock.obj
 0001:0001f770       _bCreateSocketWindow       00430770 f   ntsock.obj
 0001:0001b390       _fileOpen                  0042c390 f   ntfio.obj
 0001:0001b6e0       _fileClose                 0042c6e0 f   ntfio.obj
 0001:0001b7d0       _fileRead                  0042c7d0 f   ntfio.obj
 0001:0001b960       _fileWrite                 0042c960 f   ntfio.obj
 0001:0001bae0       _fileSeek                  0042cae0 f   ntfio.obj
 0001:0001bca0       _fileTruncate              0042cca0 f   ntfio.obj
 0001:0001bdc0       _ioaCommit                 0042cdc0 f   ntfio.obj
 0001:0001beb0       _fileSize                  0042ceb0 f   ntfio.obj
 0001:0001c060       _lockOrUnlock              0042d060 f   ntfio.obj
 0001:0001c200       _outstanding               0042d200 f   ntfio.obj
 0001:0001c2e0       _bufferSize                0042d2e0 f   ntfio.obj
 0001:0001c330       _primGetDescriptor         0042d330 f   ntfio.obj
 0001:0001c3e0       _primGetStdHandle          0042d3e0 f   ntfio.obj
 0001:00017bf0       _bFileSize                 00428bf0 f   ntfile.obj
 0001:00017e00       _getDates                  00428e00 f   ntfile.obj
 0001:00018030       _listDir                   00429030 f   ntfile.obj
 0001:000187a0       _invalidDrive              004297a0 f   ntfile.obj
 0001:000187f0       _deleteFile                004297f0 f   ntfile.obj
 0001:000188b0       _isDirectory               004298b0 f   ntfile.obj
 0001:00018960       _renameFile                00429960 f   ntfile.obj
 0001:00018a60       _makeDir                   00429a60 f   ntfile.obj
 0001:00018b10       _defaultDir                00429b10 f   ntfile.obj
 0001:00018bb0       _primFileSize              00429bb0 f   ntfile.obj
 0001:00018ca0       _isWritable                00429ca0 f   ntfile.obj
 0001:00018da0       _setWritable               00429da0 f   ntfile.obj
 0001:00018e80       _fileExists                00429e80 f   ntfile.obj
 0001:00018ef0       _getVolumeStrings          00429ef0 f   ntfile.obj
 0001:000193a0       _fileSystem                0042a3a0 f   ntfile.obj
 0001:00019540       _fileSystemAttributes      0042a540 f   ntfile.obj
 0001:0001a670       _primPrintPostScriptFile   0042b670 f   ntfile.obj
 0001:0001a760       _primPrintTextFile         0042b760 f   ntfile.obj
 0001:0001a870       _primEnvironment           0042b870 f   ntfile.obj
 0001:0001ac00       _commandLineArguments      0042bc00 f   ntfile.obj
 0001:0001af70       _primProcessId             0042bf70 f   ntfile.obj
 0001:0001afb0       _IOinform                  0042bfb0 f   ntfile.obj
 0001:0001b150       _primGetLocale             0042c150 f   ntfile.obj
 0001:00017770       _imeSetSpot                00428770 f   ntnls.obj
 0001:000177f0       _hAllocIME                 004287f0 f   ntnls.obj
 0001:00017810       _imeSetRoot                00428810 f   ntnls.obj
 0001:00017880       _imeSetArea                00428880 f   ntnls.obj
 0001:000178c0       _imeSetFont                004288c0 f   ntnls.obj
 0001:000178d0       _initIMEFuncs              004288d0 f   ntnls.obj
 0001:000164c0       _realOeMain                004274c0 f   ntmain.obj
 0001:000165d0       _getWinPlatformId          004275d0 f   ntmain.obj
 0001:00016620       _initProgramOptions        00427620 f   ntmain.obj
 0001:000166b0       _initFloatingPoint         004276b0 f   ntmain.obj
 0001:000166d0       _exceptionHandler          004276d0 f   ntmain.obj
 0001:00016760       _innerOeMain               00427760 f   ntmain.obj
 0001:00016a70       _verifyCurrentDirectory    00427a70 f   ntmain.obj
 0001:00016c30       _parseCommandLine          00427c30 f   ntmain.obj
 0001:00016d10       _bRegisterWinClasses       00427d10 f   ntmain.obj
 0001:00016d80       _bRegisterPopupWinClass    00427d80 f   ntmain.obj
 0001:00016dd0       _bRegisterDialogWinClass   00427dd0 f   ntmain.obj
 0001:00016e20       _bRegisterNormalWinClass   00427e20 f   ntmain.obj
 0001:00016e70       _bRegisterFullScreenHiddenWinClass 00427e70 f   ntmain.obj
 0001:00016f40       _HiddenWndProc@16          00427f40 f   ntmain.obj
 0001:00016f70       _bRegisterHiddenSocketWinClass 00427f70 f   ntmain.obj
 0001:00016fc0       _MonitorSizeCallback@16    00427fc0 f   ntmain.obj
 0001:00015c00       _InsertIOBlock             00426c00 f   ntioblok.obj
 0001:00015ca0       _isOnList                  00426ca0 f   ntioblok.obj
 0001:00015d00       _bInitIOSem                00426d00 f   ntioblok.obj
 0001:00015290       _primDisplayImage          00426290 f   ntimage.obj
 0001:00015490       _hbmCreateImage            00426490 f   ntimage.obj
 0001:00015850       _primDisplayMonoImage      00426850 f   ntimage.obj
 0001:000150f0       _callIs686OrHigher         004260f0 f   nticache.obj
 0001:00014110       _heraldWndProc@16          00425110 f   ntherald.obj
 0001:000145f0       _ReadResourceBitmap        004255f0 f   ntherald.obj
 0001:00014690       _ReadBitmapFromFile        00425690 f   ntherald.obj
 0001:000148a0       _MakeDIBPalette            004258a0 f   ntherald.obj
 0001:00013f80       _primDeviceColormap        00424f80 f   ntgraph.obj
 0001:00010160       _extractPort               00421160 f   ntgc.obj
 0001:00010a50       _primDisplayLine           00421a50 f   ntgc.obj
 0001:00010d10       _primDisplayPolyLine       00421d10 f   ntgc.obj
 0001:00010e40       _primDisplayPolygon        00421e40 f   ntgc.obj
 0001:00010f70       _primDisplayRectangle      00421f70 f   ntgc.obj
 0001:00011120       _primDisplayRectangularBorder 00422120 f   ntgc.obj
 0001:00011350       _primDisplayArc            00422350 f   ntgc.obj
 0001:000118d0       _calcArcPoint              004228d0 f   ntgc.obj
 0001:00011970       _primDisplayWedge          00422970 f   ntgc.obj
 0001:00011e50       _primDisplayMask           00422e50 f   ntgc.obj
 0001:00012090       _primCopyRectangularArea   00423090 f   ntgc.obj
 0001:00012610       _primCopyMaskedArea        00423610 f   ntgc.obj
 0001:00012ce0       _primIdentifierString      00423ce0 f   ntgc.obj
 0001:0000deb0       _iWinEnumFonts             0041eeb0 f   ntfont.obj
 0001:0000e070       _appendFontToInfo          0041f070 f   ntfont.obj
 0001:0000e130       _collectFontFacesCallback@16 0041f130 f   ntfont.obj
 0001:0000e230       _printFontSizeCallback@16  0041f230 f   ntfont.obj
 0001:0000e4a0       _primDisplayMappedString   0041f4a0 f   ntfont.obj
 0001:0000e770       _primDisplayWideChars      0041f770 f   ntfont.obj
 0001:0000e9d0       _primDisplayCharacter      0041f9d0 f   ntfont.obj
 0001:0000eaf0       _primOpenFontOnly          0041faf0 f   ntfont.obj
 0001:0000eea0       _primGetFontWidths         0041fea0 f   ntfont.obj
 0001:0000f420       _primUnLoadFont            00420420 f   ntfont.obj
 0001:0000f4a0       _primListFonts             004204a0 f   ntfont.obj
 0001:0000d6d0       _getCursorPositions        0041e6d0 f   ntevent.obj
 0001:0000d720       _updateMetaState           0041e720 f   ntevent.obj
 0001:0000d810       _EnumAllMenus@8            0041e810 f   ntevent.obj
 0001:0000bc80       _nameOfError               0041cc80 f   ntecode.obj
 0001:0000bd50       _cmpei                     0041cd50 f   ntecode.obj
 0001:0000bd70       _getErrMsg                 0041cd70 f   ntecode.obj
 0001:0000be30       _errorCodesAreSorted       0041ce30 f   ntecode.obj
 0001:0000b6b0       _primLoadLibrary           0041c6b0 f   ntdynld.obj
 0001:0000b900       _primUnloadLibrary         0041c900 f   ntdynld.obj
 0001:0000ba60       _primMapExternalName       0041ca60 f   ntdynld.obj
 0001:0000b080       _createCursorResource      0041c080 f   ntcurs.obj
 0001:0000b2b0       _enableHostCursors         0041c2b0 f   ntcurs.obj
 0001:0000b2e0       _showCursorResource        0041c2e0 f   ntcurs.obj
 0001:0000b350       _loadSystemCursorFor       0041c350 f   ntcurs.obj
 0001:0000b3e0       _freeCursorResource        0041c3e0 f   ntcurs.obj
 0001:00006ca0       _undoModality              00417ca0 f   ntcanvas.obj
 0001:00006d20       _dwGetWindowProcessId      00417d20 f   ntcanvas.obj
 0001:00006f90       _primDestroyWindow         00417f90 f   ntcanvas.obj
 0001:00007050       _getDrawableAndGC          00418050 f   ntcanvas.obj
 0001:000070f0       _primSetMinMaxConstraints  004180f0 f   ntcanvas.obj
 0001:000071d0       _hwndOfWindowOop           004181d0 f   ntcanvas.obj
 0001:00007250       _primStoreLabels           00418250 f   ntcanvas.obj
 0001:000072c0       _primGetDimensions         004182c0 f   ntcanvas.obj
 0001:00007740       _primXMoveResizeWindow     00418740 f   ntcanvas.obj
 0001:000078e0       _primXRaiseWindow          004188e0 f   ntcanvas.obj
 0001:00007980       _primXLowerWindow          00418980 f   ntcanvas.obj
 0001:00007a20       _primCollapseWindow        00418a20 f   ntcanvas.obj
 0001:00007a60       _primExpandWindow          00418a60 f   ntcanvas.obj
 0001:00007ac0       _primCreateWindowOnScreen  00418ac0 f   ntcanvas.obj
 0001:00007ea0       _hwndCreate                00418ea0 f   ntcanvas.obj
 0001:00008260       _primWindowActivate        00419260 f   ntcanvas.obj
 0001:000082e0       _primSetIcon               004192e0 f   ntcanvas.obj
 0001:000083c0       _createAndSetIcon          004193c0 f   ntcanvas.obj
 0001:000084a0       _primSetTransparentIcon    004194a0 f   ntcanvas.obj
 0001:000085d0       _primWinFlush              004195d0 f   ntcanvas.obj
 0001:000085e0       _primGetScreenDimensions   004195e0 f   ntcanvas.obj
 0001:000087c0       _MonitorSizeCallback@16    004197c0 f   ntcanvas.obj
 0001:00008a70       _primWindowUnmap           00419a70 f   ntcanvas.obj
 0001:00008ac0       _primNewPixmap             00419ac0 f   ntcanvas.obj
 0001:00008cc0       _primNewMask               00419cc0 f   ntcanvas.obj
 0001:00008f20       _primDestroyPixmap         00419f20 f   ntcanvas.obj
 0001:00008f80       _primPixmapFromClipboard   00419f80 f   ntcanvas.obj
 0001:00009410       _primPixmapToClipboard     0041a410 f   ntcanvas.obj
 0001:000095c0       _primWindowBackground      0041a5c0 f   ntcanvas.obj
 0001:00009710       _primQueryStackingOrder    0041a710 f   ntcanvas.obj
 0001:00009800       _primPixmapMaskContentsInto 0041a800 f   ntcanvas.obj
 0001:00009cf0       _getDrawableContentsInto   0041acf0 f   ntcanvas.obj
 0001:00009fb0       _primWindowContentsInto    0041afb0 f   ntcanvas.obj
 0001:0000a700       _primScreenContentsInto    0041b700 f   ntcanvas.obj
 0001:0000ad60       _primColorScreenDepthAndBitsPerPixel 0041bd60 f   ntcanvas.obj
 0001:0000adb0       _primCoverageScreenDepthAndBitsPerPixel 0041bdb0 f   ntcanvas.obj
 0001:0000ae30       _primWindowAtPoint         0041be30 f   ntcanvas.obj
 0001:0000ae90       _primHostColors            0041be90 f   ntcanvas.obj
 0001:0000af80       _primWindowHandle          0041bf80 f   ntcanvas.obj
 0001:00004430       _primDragShape             00415430 f   ntanim.obj
 0001:000054b0       _GetButtonState            004164b0 f   ntanim.obj
 0001:00005500       _trackUser                 00416500 f   ntanim.obj
 0001:00005560       _calculateBounds           00416560 f   ntanim.obj
 0001:000055d0       _getShape                  004165d0 f   ntanim.obj
 0001:00005660       _displayShape              00416660 f   ntanim.obj
 0001:00005720       _primResizeRectangle       00416720 f   ntanim.obj
 0001:00006910       _primDisplayShape          00417910 f   ntanim.obj
 0001:00006ad0       _createHiddenFullScreenWindow 00417ad0 f   ntanim.obj
 0001:00006b30       _destroyHiddenFullScreenWindow 00417b30 f   ntanim.obj
 0001:00006b50       _processDummyEvents        00417b50 f   ntanim.obj
 0001:00003b30       _changePollTimerState      00414b30 f   ntalarm.obj
 0001:00003d80       _delayStateMachine@4       00414d80 f   ntalarm.obj
 0001:00003ea0       _pollHeartbeat@4           00414ea0 f   ntalarm.obj
 0001:00003f50       _killTimerThread           00414f50 f   ntalarm.obj
 0001:00004140       _startProfileThread        00415140 f   ntalarm.obj
 0001:00004230       _profileHeartbeat@4        00415230 f   ntalarm.obj
 0001:00004310       _changeProfileTimerState   00415310 f   ntalarm.obj
 0001:00000320       _cToSTint                  00411320 f   prUdummy.obj
 0001:000003b0       _cToSTfloat                004113b0 f   prUdummy.obj
 0001:000031a0       _cToSTdouble               004141a0 f   prUdummy.obj
 0001:000c3300       _huft_build                004d4300 f   zlib:inftrees.obj
 0001:000c0fd0       _tr_static_init            004d1fd0 f   zlib:trees.obj
 0001:000c0fe0       _init_block                004d1fe0 f   zlib:trees.obj
 0001:000c1500       _build_tree                004d2500 f   zlib:trees.obj
 0001:000c1730       _pqdownheap                004d2730 f   zlib:trees.obj
 0001:000c1810       _gen_bitlen                004d2810 f   zlib:trees.obj
 0001:000c1a20       _gen_codes                 004d2a20 f   zlib:trees.obj
 0001:000c1aa0       _build_bl_tree             004d2aa0 f   zlib:trees.obj
 0001:000c1b20       _scan_tree                 004d2b20 f   zlib:trees.obj
 0001:000c1c20       _send_all_trees            004d2c20 f   zlib:trees.obj
 0001:000c1e50       _send_tree                 004d2e50 f   zlib:trees.obj
 0001:000c2460       _compress_block            004d3460 f   zlib:trees.obj
 0001:000c28a0       _set_data_type             004d38a0 f   zlib:trees.obj
 0001:000c2920       _bi_reverse                004d3920 f   zlib:trees.obj
 0001:000c2950       _bi_flush                  004d3950 f   zlib:trees.obj
 0001:000c29d0       _bi_windup                 004d39d0 f   zlib:trees.obj
 0001:000c2a40       _copy_block                004d3a40 f   zlib:trees.obj
 0001:000beef0       _putShortMSB               004cfef0 f   zlib:deflate.obj
 0001:000bef20       _flush_pending             004cff20 f   zlib:deflate.obj
 0001:000bf200       _lm_init                   004d0200 f   zlib:deflate.obj
 0001:000bf2a0       _deflate_stored            004d02a0 f   zlib:deflate.obj
 0001:000bf400       _fill_window               004d0400 f   zlib:deflate.obj
 0001:000bf540       _read_buf                  004d0540 f   zlib:deflate.obj
 0001:000bf5c0       _deflate_fast              004d05c0 f   zlib:deflate.obj
 0001:000bf8e0       _longest_match             004d08e0 f   zlib:deflate.obj
 0001:000bfa50       _deflate_slow              004d0a50 f   zlib:deflate.obj
 0001:000bd880       _gz_open                   004ce880 f   zlib:gzio.obj
 0001:000bdb80       _check_header              004ceb80 f   zlib:gzio.obj
 0001:000bdce0       _get_byte                  004cece0 f   zlib:gzio.obj
 0001:000bdd60       _destroy                   004ced60 f   zlib:gzio.obj
 0001:000be290       _do_flush                  004cf290 f   zlib:gzio.obj
 0001:000be570       _getLong                   004cf570 f   zlib:gzio.obj
 0001:000be620       _putLong                   004cf620 f   zlib:gzio.obj
