 vwntoe

 Timestamp is 425576f4 (Thu Apr 07 11:07:48 2005)

 Preferred load address is 00410000

 Start         Length     Name                   Class
 0001:00000000 00139ce2H .text                   CODE
 0002:00000000 00000d48H CODE                    CODE
 0003:00000000 00000540H .idata$5                DATA
 0003:00000540 000271abH .rdata                  DATA
 0003:000276ec 000000c8H .idata$2                DATA
 0003:000277b4 00000014H .idata$3                DATA
 0003:000277c8 00000540H .idata$4                DATA
 0003:00027d08 00001238H .idata$6                DATA
 0003:00028f40 00001523H .edata                  DATA
 0004:00000000 00000004H .CRT$XCA                DATA
 0004:00000004 00000004H .CRT$XCZ                DATA
 0004:00000008 00000004H .CRT$XIA                DATA
 0004:0000000c 00000004H .CRT$XIZ                DATA
 0004:00000010 00002dccH .data                   DATA
 0004:00002de0 0000cad8H .bss                    DATA
 0005:00000000 0000002cH DATA                    DATA
 0006:00000000 000000a0H .rsrc$01                DATA
 0006:000000a0 00000300H .rsrc$02                DATA

  Address         Publics by Value              Rva+Base     Lib:Object

 0001:00000000       __ftext                    00411000 f   ntstart.obj
 0001:00000010       _UPfail                    00411010 f   prUdummy.obj
 0001:00000021       _oeFail                    00411021 f   prUdummy.obj
 0001:00000032       __UPaddPrimitive           00411032 f   prUdummy.obj
 0001:00000075       _UPstartLongPrimitive      00411075 f   prUdummy.obj
 0001:0000007a       _UPfinishLongPrimitive     0041107a f   prUdummy.obj
 0001:0000007f       _UPnil                     0041107f f   prUdummy.obj
 0001:0000008b       _UPSTtoCbool               0041108b f   prUdummy.obj
 0001:000001ba       _UPSTtoCint                004111ba f   prUdummy.obj
 0001:000002cb       _UPSTtoCchar               004112cb f   prUdummy.obj
 0001:000003dd       _UPSTtoCfloat              004113dd f   prUdummy.obj
 0001:00000519       _UPCtoSTbool               00411519 f   prUdummy.obj
 0001:0000053a       _UPCtoSTint                0041153a f   prUdummy.obj
 0001:00000599       _UPCtoSTchar               00411599 f   prUdummy.obj
 0001:000005b2       _UPCtoSTfloat              004115b2 f   prUdummy.obj
 0001:000007c4       _UPallocString             004117c4 f   prUdummy.obj
 0001:00000aa0       _UPallocByteArray          00411aa0 f   prUdummy.obj
 0001:00000d8f       _UPallocArray              00411d8f f   prUdummy.obj
 0001:00001391       _UPcopySTtoCstring         00412391 f   prUdummy.obj
 0001:000015bb       _UPcopySTtoCbytes          004125bb f   prUdummy.obj
 0001:000017c2       _UPcopySTtoCintArray       004127c2 f   prUdummy.obj
 0001:00001a9a       _UPcopySTtoCfloatArray     00412a9a f   prUdummy.obj
 0001:00001da5       _UPcopyCtoSTstring         00412da5 f   prUdummy.obj
 0001:00001fcf       _UPcopyCtoSTbytes          00412fcf f   prUdummy.obj
 0001:000021d6       _UPcopyCtoSTintArray       004131d6 f   prUdummy.obj
 0001:00002485       _UPcopyCtoSTfloatArray     00413485 f   prUdummy.obj
 0001:000029cc       _UPinstVarSize             004139cc f   prUdummy.obj
 0001:00002af9       _UPindexVarSize            00413af9 f   prUdummy.obj
 0001:00002d05       _UPbasicAt                 00413d05 f   prUdummy.obj
 0001:00002f19       _UPinstVarAt               00413f19 f   prUdummy.obj
 0001:000030eb       _UPbyteAt                  004140eb f   prUdummy.obj
 0001:000032cc       _UPintegerAt               004142cc f   prUdummy.obj
 0001:00003538       _UPfloatAt                 00414538 f   prUdummy.obj
 0001:000037d1       _UPdoubleAt                004147d1 f   prUdummy.obj
 0001:00003a78       _UPbasicAtPut              00414a78 f   prUdummy.obj
 0001:00003fc5       _UPinstVarAtPut            00414fc5 f   prUdummy.obj
 0001:000044d0       _UPbyteAtPut               004154d0 f   prUdummy.obj
 0001:000046b6       _UPintegerAtPut            004156b6 f   prUdummy.obj
 0001:00004b62       _UPfloatAtPut              00415b62 f   prUdummy.obj
 0001:0000500d       _UPisCharacter             0041600d f   prUdummy.obj
 0001:00005020       _UPisInteger               00416020 f   prUdummy.obj
 0001:00005031       _UPisString                00416031 f   prUdummy.obj
 0001:0000515a       _UPisByteArray             0041615a f   prUdummy.obj
 0001:00005283       _UPisArrayOfInteger        00416283 f   prUdummy.obj
 0001:000054bb       _UPisArrayOfFloat          004164bb f   prUdummy.obj
 0001:00005720       _UPisBoolean               00416720 f   prUdummy.obj
 0001:0000582d       _UPisFloat                 0041682d f   prUdummy.obj
 0001:00005943       _UPisByteLike              00416943 f   prUdummy.obj
 0001:00005a48       _UPinstallErrorHandler     00416a48 f   prUdummy.obj
 0001:00005a64       _UPisImmediate             00416a64 f   prUdummy.obj
 0001:00005a75       _UPclass                   00416a75 f   prUdummy.obj
 0001:00005b7c       _UPSTtoCdouble             00416b7c f   prUdummy.obj
 0001:00005ccc       _UPCtoSTdouble             00416ccc f   prUdummy.obj
 0001:00005ef2       _UPisDouble                00416ef2 f   prUdummy.obj
 0001:0000600b       _UPisKindOf                0041700b f   prUdummy.obj
 0001:000061fb       _UPinstallPollHandler      004171fb f   prUdummy.obj
 0001:00006217       _UPsignalSemaphore         00417217 f   prUdummy.obj
 0001:00006307       _UPpostInterrupt           00417307 f   prUdummy.obj
 0001:0000631a       _UPregisteredHandleAt      0041731a f   prUdummy.obj
 0001:0000635f       _UPregisteredHandleAtPut   0041735f f   prUdummy.obj
 0001:000063a8       _UPallocRegistrySlot       004173a8 f   prUdummy.obj
 0001:000063e5       _UPallocFsObject           004173e5 f   prUdummy.obj
 0001:00006535       _UPallocVsObject           00417535 f   prUdummy.obj
 0001:000066b3       _UPclassType               004176b3 f   prUdummy.obj
 0001:0000679c       _UPreturnHandle            0041779c f   prUdummy.obj
 0001:0000686e       _UPreturnNil               0041786e f   prUdummy.obj
 0001:00006883       _UPreturnTrue              00417883 f   prUdummy.obj
 0001:00006899       _UPreturnFalse             00417899 f   prUdummy.obj
 0001:000068af       _UPmustBeByteLike          004178af f   prUdummy.obj
 0001:000068d1       _UPmustBeCharacter         004178d1 f   prUdummy.obj
 0001:000068f3       _UPmustBeInteger           004178f3 f   prUdummy.obj
 0001:00006915       _UPmustBeString            00417915 f   prUdummy.obj
 0001:00006937       _UPmustBeByteArray         00417937 f   prUdummy.obj
 0001:00006959       _UPmustBeArrayOfInteger    00417959 f   prUdummy.obj
 0001:0000697b       _UPmustBeArrayOfFloat      0041797b f   prUdummy.obj
 0001:0000699d       _UPmustBeBoolean           0041799d f   prUdummy.obj
 0001:000069bf       _UPmustBeFloat             004179bf f   prUdummy.obj
 0001:000069e1       _main                      004179e1 f   prUdummy.obj
 0001:000069fa       _CrtUPrimGlue0             004179fa f   prUdummy.obj
 0001:000069ff       _CrtUPrimGlue1             004179ff f   prUdummy.obj
 0001:00006a04       _CrtUPrimGlue2             00417a04 f   prUdummy.obj
 0001:00006a09       _CrtUPrimGlue3             00417a09 f   prUdummy.obj
 0001:00006a0e       _CrtUPrimGlueMany          00417a0e f   prUdummy.obj
 0001:00006a13       _initUserPrimitives        00417a13 f   prUdummy.obj
 0001:00006a27       _UPInitLinkRegistry        00417a27 f   prUdummy.obj
 0001:00006a2c       _initUPprotocol            00417a2c f   prUdummy.obj
 0001:00006a40       _pdTerminateTimer          00417a40 f   ntalarm.obj
 0001:00006aa3       _pdSignalAtMicroseconds    00417aa3 f   ntalarm.obj
 0001:00006bf7       _startPollTimer            00417bf7 f   ntalarm.obj
 0001:00006c6d       _stopPollTimer             00417c6d f   ntalarm.obj
 0001:00006c99       _pdBeginCritical           00417c99 f   ntalarm.obj
 0001:00006cbe       _pdEndCritical             00417cbe f   ntalarm.obj
 0001:00006cea       _pdResetCritical           00417cea f   ntalarm.obj
 0001:00006cfe       _pdInitTimers              00417cfe f   ntalarm.obj
 0001:0000707a       _pdExitTimers              0041807a f   ntalarm.obj
 0001:000070fe       _platBlockUntilEvent       004180fe f   ntalarm.obj
 0001:00007203       _pdWakeup                  00418203 f   ntalarm.obj
 0001:00007251       _pdStartProfileTimer       00418251 f   ntalarm.obj
 0001:000074b2       _pdStopProfileTimer        004184b2 f   ntalarm.obj
 0001:000074e9       _pdInitProfile             004184e9 f   ntalarm.obj
 0001:00007550       _initNTAnimationPrims      00418550 f   ntanim.obj
 0001:0000ba30       _freeWindowResources       0041ca30 f   ntcanvas.obj
 0001:0000bc25       _initNTCanvasPrims         0041cc25 f   ntcanvas.obj
 0001:00012050       _pdMoveMouse               00423050 f   ntcurs.obj
 0001:00012063       _initNTCursPrims           00423063 f   ntcurs.obj
 0001:00012500       _initDynamicLoadPrimitives 00423500 f   ntdynld.obj
 0001:000130c0       _initOSErrorCodePrims      004240c0 f   ntecode.obj
 0001:000133d0       _pdErrorString             004243d0 f   nterror.obj
 0001:000133e2       _pdPrint                   004243e2 f   nterror.obj
 0001:000134c8       _openConsole               004244c8 f   nterror.obj
 0001:000135d2       _pdDebugLog                004245d2 f   nterror.obj
 0001:00013641       _pdCloseDebugLog           00424641 f   nterror.obj
 0001:00013690       _pdSizeOfEvent             00424690 f   ntevent.obj
 0001:0001369a       _PopupWndProc@16           0042469a f   ntevent.obj
 0001:00013739       _MainWndProc@16            00424739 f   ntevent.obj
 0001:00015720       _hfWinQueryFont            00426720 f   ntfont.obj
 0001:000158ee       _listFonts                 004268ee f   ntfont.obj
 0001:00016624       _initNTFontPrims           00427624 f   ntfont.obj
 0001:00018260       _flushWindowCachedDC       00429260 f   ntgc.obj
 0001:000182a8       _flushPixmapCachedDC       004292a8 f   ntgc.obj
 0001:000182ea       _bDeinstallGraphicsState   004292ea f   ntgc.obj
 0001:000188a8       _bInstallGraphicsState     004298a8 f   ntgc.obj
 0001:00019697       _buildPoints               0042a697 f   ntgc.obj
 0001:00019b6e       _bGetMask                  0042ab6e f   ntgc.obj
 0001:00019ccc       _vw_GetWindowRgn           0042accc f   ntgc.obj
 0001:00019e1e       _initNTGCPrims             0042ae1e f   ntgc.obj
 0001:0001d7a0       _CreateColorMapOop         0042e7a0 f   ntgraph.obj
 0001:0001f48b       _BuildPalette              0043048b f   ntgraph.obj
 0001:0001f702       _RemovePalette             00430702 f   ntgraph.obj
 0001:0001f744       _InitPalette               00430744 f   ntgraph.obj
 0001:0001f778       _TermPalette               00430778 f   ntgraph.obj
 0001:0001f78a       _InitScreen                0043078a f   ntgraph.obj
 0001:0001f833       _initWindowPrimitives      00430833 f   ntgraph.obj
 0001:0001f9a0       _pdHerald                  004309a0 f   ntherald.obj
 0001:0002000b       _pdTearDownHerald          0043100b f   ntherald.obj
 0001:00020041       _pdReportVersion           00431041 f   ntherald.obj
 0001:00020630       _initPixmapRegistry        00431630 f   nthreg.obj
 0001:00020899       _bFreeHandleRegistry       00431899 f   nthreg.obj
 0001:00020bec       _registerHandle            00431bec f   nthreg.obj
 0001:00021000       _iHandleOfKey              00432000 f   nthreg.obj
 0001:000210cf       _iKeyOfHandle              004320cf f   nthreg.obj
 0001:0002119e       _unRegisterHandle          0043219e f   nthreg.obj
 0001:00021290       _pdMustFlushICache         00432290 f   nticache.obj
 0001:00021320       _convert32BETo24LE         00432320 f   ntimage.obj
 0001:00021367       _convert24LETo32BE         00432367 f   ntimage.obj
 0001:000213ae       _getImage                  004323ae f   ntimage.obj
 0001:000214c7       _initNTImagePrims          004324c7 f   ntimage.obj
 0001:00022140       _initIOBlock               00433140 f   ntioblok.obj
 0001:0002239b       _freeIOBlock               0043339b f   ntioblok.obj
 0001:000224f6       _pioblockOfHandle          004334f6 f   ntioblok.obj
 0001:0002256e       _pioblockFirst             0043356e f   ntioblok.obj
 0001:000225ce       _pioblockNext              004335ce f   ntioblok.obj
 0001:00022630       _validIOBlock              00433630 f   ntioblok.obj
 0001:00022680       _logErrorInformation       00433680 f   ntleave.obj
 0001:000226ca       _pdExit                    004336ca f   ntleave.obj
 0001:00022703       _pdInvokeDebugger          00433703 f   ntleave.obj
 0001:00022720       _InitMultipleMonitorStubs  00433720 f   ntmain.obj
 0001:00022869       _xGetSystemMetrics@4       00433869 f   ntmain.obj
 0001:000228e4       _xMonitorFromPoint@12      004338e4 f   ntmain.obj
 0001:00022941       _xMonitorFromRect@8        00433941 f   ntmain.obj
 0001:000229a5       _xMonitorFromWindow@8      004339a5 f   ntmain.obj
 0001:00022a24       _xGetMonitorInfo@8         00433a24 f   ntmain.obj
 0001:00022afd       _xEnumDisplayMonitors@16   00433afd f   ntmain.obj
 0001:00022c2c       _oeMain                    00433c2c f   ntmain.obj
 0001:000233a9       _dllCMain                  004343a9 f   ntmain.obj
 0001:000233c2       _WinMain@16                004343c2 f   ntmain.obj
 0001:00023414       _dllWMain                  00434414 f   ntmain.obj
 0001:000235fc       _pdInformSystemReady       004345fc f   ntmain.obj
 0001:000239a2       _profileInt                004349a2 f   ntmain.obj
 0001:000239ba       _profileString             004349ba f   ntmain.obj
 0001:000239da       _UPInitInternalLinkRegistry 004349da f   ntmain.obj
 0001:000239f0       _pdSetMemExecPerm          004349f0 f   ntmem.obj
 0001:000239f5       _pdMoreMemory              004349f5 f   ntmem.obj
 0001:00023baf       _pdMapMemory               00434baf f   ntmem.obj
 0001:00023e58       _pdUnmapMemory             00434e58 f   ntmem.obj
 0001:00023eae       _pdStringLength            00434eae f   ntmem.obj
 0001:00023f56       _pdCopyFromExternalHeap    00434f56 f   ntmem.obj
 0001:00024009       _pdCopyToExternalHeap      00435009 f   ntmem.obj
 0001:000240bc       _pdAllocMemory             004350bc f   ntmem.obj
 0001:000240ed       _pdFreeMemory              004350ed f   ntmem.obj
 0001:0002411a       _pdMemStrategy             0043511a f   ntmem.obj
 0001:0002411f       _pdGetPagesize             0043511f f   ntmem.obj
 0001:0002415b       _pdMapFile                 0043515b f   ntmem.obj
 0001:00024170       _cleanUpNTNLS              00435170 f   ntnls.obj
 0001:00024194       _initNTNLS                 00435194 f   ntnls.obj
 0001:00024410       _checkResources            00435410 f   ntfile.obj
 0001:0002442c       _pdOpenImageResource       0043542c f   ntfile.obj
 0001:000244db       _pdBlessSnapshot           004354db f   ntfile.obj
 0001:0002452a       _pdOpenImage               0043552a f   ntfile.obj
 0001:000245df       _pdCloseImage              004355df f   ntfile.obj
 0001:00024618       _pdCloseImageResource      00435618 f   ntfile.obj
 0001:00024629       _pdRead                    00435629 f   ntfile.obj
 0001:0002466b       _pdWrite                   0043566b f   ntfile.obj
 0001:000246c7       _pdSeek                    004356c7 f   ntfile.obj
 0001:0002479b       _initFileUtilityPrims      0043579b f   ntfile.obj
 0001:0002a1b0       _bDoFileReadFunc           0043b1b0 f   ntfio.obj
 0001:0002a1e8       _bDoFileWriteFunc          0043b1e8 f   ntfio.obj
 0001:0002a26a       _bDoFileBytesToReadFunc    0043b26a f   ntfio.obj
 0001:0002a271       _initFileIOPrims           0043b271 f   ntfio.obj
 0001:0002bef3       _initNewIO                 0043cef3 f   ntfio.obj
 0001:0002bf10       _freeSocketLibrary         0043cf10 f   ntsock.obj
 0001:0002bffc       _bDoSockRecvFunc           0043cffc f   ntsock.obj
 0001:0002c0b9       _bDoSockSendFunc           0043d0b9 f   ntsock.obj
 0001:0002c183       _bDoSockBytesToReadFunc    0043d183 f   ntsock.obj
 0001:0002c1b6       _HiddenSocketWndProc@16    0043d1b6 f   ntsock.obj
 0001:0002c4a0       _initSocketPrims           0043d4a0 f   ntsock.obj
 0001:00030710       _pdInitPlatform            00441710 f   ntplat.obj
 0001:00030715       _pdFPUType                 00441715 f   ntplat.obj
 0001:0003071f       _pdSupportNBAPI            0044171f f   ntplat.obj
 0001:00030729       _PrintTextFile             00441729 f   ntplat.obj
 0001:00030a93       _PrintPostScriptFile       00441a93 f   ntplat.obj
 0001:00030d50       _PrinterAbortProc@8        00441d50 f   ntprint.obj
 0001:00030d91       _initNTPrinterPrims        00441d91 f   ntprint.obj
 0001:00034170       _pdInitSelection           00445170 f   ntsel.obj
 0001:00034175       _pdGetSelection            00445175 f   ntsel.obj
 0001:0003425d       _pdGetSelectionDone        0044525d f   ntsel.obj
 0001:00034285       _pdSetSelection            00445285 f   ntsel.obj
 0001:00034310       _setIOSemSlot              00445310 f   ntsem.obj
 0001:00034647       _getIOSemSlot              00445647 f   ntsem.obj
 0001:00034662       _iAllocIOSemSlot           00445662 f   ntsem.obj
 0001:00034d09       _freeIOSemSlot             00445d09 f   ntsem.obj
 0001:00034df9       _bInitIOSemRegistry        00445df9 f   ntsem.obj
 0001:00035183       _validIOSem                00446183 f   ntsem.obj
 0001:00035220       _pdAckChildSignal          00446220 f   ntsig.obj
 0001:00035230       _pdInitTime                00446230 f   nttime.obj
 0001:0003549d       _pdMicrosecondClock        0044649d f   nttime.obj
 0001:0003564e       _FileToSmalltalkSeconds    0044664e f   nttime.obj
 0001:00035720       _pdStringEncoding          00446720 f   ntwin.obj
 0001:00035737       _pdInitWindow              00446737 f   ntwin.obj
 0001:00035749       _pdTerminateWindow         00446749 f   ntwin.obj
 0001:00035772       _pdSynchronizeInput        00446772 f   ntwin.obj
 0001:0003585f       _pdThunkProcess            0044685f f   ntwin.obj
 0001:00035892       _pdBlockUntilEvent         00446892 f   ntwin.obj
 0001:000358b9       _pdRingBell                004468b9 f   ntwin.obj
 0001:000358d0       _pdCallFar                 004468d0 f   ntcall16.obj
 0001:000376b0       _pdCOMMethodThunkSize      004486b0 f   ntcom.obj
 0001:000376ef       _pdCOMPlaceThunkInto       004486ef f   ntcom.obj
 0001:00039fe0       _pdThunkCreate             0044afe0 f   ntcallbk.obj
 0001:0003a24c       _pdThunkDestroy            0044b24c f   ntcallbk.obj
 0001:0003adf1       _NBAPICallbackArgsInto     0044bdf1 f   ntcallbk.obj
 0001:0003ae71       _NBAPIReapCallbackReturn   0044be71 f   ntcallbk.obj
 0001:0003b3d0       _pdCallC                   0044c3d0 f   ntcallc.obj
 0001:0003d43a       _pdNumBitsForKind          0044e43a f   ntcallc.obj
 0001:0003d4e0       _NBAPIInnerCall            0044e4e0 f   ntcallc.obj
 0001:0003d7ca       _NBAPIReapInnerCall        0044e7ca f   ntcallc.obj
 0001:0003df80       _thunkCreateFar            0044ef80 f   ntcbk16.obj
 0001:0003e349       _thunkDestroyFar           0044f349 f   ntcbk16.obj
 0001:0003e384       _thunkProcessFar@16        0044f384 f   ntcbk16.obj
 0001:0003f5cb       _copyBits                  004505cb f   exBitBlt.obj
 0001:00040cd3       _copyBitsFromtoat          00451cd3 f   exBitBlt.obj
 0001:00041fad       _getModuleName             00452fad f   exBitBlt.obj
 0001:00041fb7       _initBitBltPrimitives      00452fb7 f   exBitBlt.obj
 0001:00043081       _initialiseModule          00454081 f   exBitBlt.obj
 0001:000430b1       _loadBitBltFrom            004540b1 f   exBitBlt.obj
 0001:00044a33       _moduleUnloaded            00455a33 f   exBitBlt.obj
 0001:00044e60       _primitiveCopyBits         00455e60 f   exBitBlt.obj
 0001:00044ee4       _primitiveCopyBitstranslucency 00455ee4 f   exBitBlt.obj
 0001:00044fae       _primitiveDisplayStringstringfromtomapxTablekern 00455fae f   exBitBlt.obj
 0001:0004566e       _primitiveDrawLoopXY       0045666e f   exBitBlt.obj
 0001:0004605f       _primitiveWarpBitssmoothing 0045705f f   exBitBlt.obj
 0001:00046eb2       _sourceBLTstridedeststridedxdysxsywhruledoTile 00457eb2 f   exBitBlt.obj
 0001:00048e30       _countTableSlots           00459e30 f   exCOM.obj
 0001:00048f20       _populateMethodTable       00459f20 f   exCOM.obj
 0001:00049268       _initCOMPrimitives         0045a268 f   exCOM.obj
 0001:0004c7a0       _maybeCallCFatalError      0045d7a0 f   exCallC.obj
 0001:0004c815       _initCPrimitives           0045d815 f   exCallC.obj
 0001:00050c60       _initCallbackPrimitives    00461c60 f   exCallback.obj
 0001:00050ff0       _stOopToCValue             00461ff0 f   exCallSup.obj
 0001:0005131c       _cSignedToOop              0046231c f   exCallSup.obj
 0001:000515da       _cUnsignedToOop            004625da f   exCallSup.obj
 0001:00051842       _coerceToCString           00462842 f   exCallSup.obj
 0001:00052032       _initCSupportPrimitives    00463032 f   exCallSup.obj
 0001:00056400       _initDisplayPrimitives     00467400 f   exDisplay.obj
 0001:00056720       _objReverseFourQ8s         00467720 f   exEndian.obj
 0001:000567ea       _objReverseTwoQ8s          004677ea f   exEndian.obj
 0001:000568a0       _objReverseTwoQ16s         004678a0 f   exEndian.obj
 0001:00056bcf       _initEnvironmentPrimitives 00467bcf f   exEnviron.obj
 0001:00059770       _initError                 0046a770 f   exError.obj
 0001:00059815       _doReportError             0046a815 f   exError.obj
 0001:00059b60       _exportTableAt             0046ab60 f   exExport.obj
 0001:00059c67       _exportTableReleaseAt      0046ac67 f   exExport.obj
 0001:00059dcf       _initExportTablePrimitives 0046adcf f   exExport.obj
 0001:00059ee0       _initExternPrimitives      0046aee0 f   exInit.obj
 0001:00059f1c       _loadImageHeader           0046af1c f   exInit.obj
 0001:0005a0c4       _startSupervisor           0046b0c4 f   exInit.obj
 0001:0005a2e1       _initSuper                 0046b2e1 f   exInit.obj
 0001:0005a688       _readImageFile             0046b688 f   exInit.obj
 0001:0005a8dc       _closeImageFile            0046b8dc f   exInit.obj
 0001:0005ab19       _wellFormedZone            0046bb19 f   exInit.obj
 0001:0005b3bc       _oeInitZlibLinkRegistry    0046c3bc f   exInit.obj
 0001:0005b740       _extendedQueueNewAscii     0046c740 f   exInQueue.obj
 0001:0005b7a1       _extendedQueueTypedEvent   0046c7a1 f   exInQueue.obj
 0001:0005bb40       _queueTypedEvent           0046cb40 f   exInQueue.obj
 0001:0005bb7b       _initInput                 0046cb7b f   exInQueue.obj
 0001:0005c020       _initIOPrimitives          0046d020 f   exIO.obj
 0001:0005c411       _initGUIPrimitives         0046d411 f   exIO.obj
 0001:0005c430       _vmExit                    0046d430 f   exLeave.obj
 0001:0005c47b       _initLeavePrimitives       0046d47b f   exLeave.obj
 0001:0005c5c0       _moreMemory                0046d5c0 f   exMemory.obj
 0001:0005c6be       _lessMemory                0046d6be f   exMemory.obj
 0001:0005c711       _memStrategy               0046d711 f   exMemory.obj
 0001:0005c730       _UPSendMessageMany         0046d730 f   exMessage.obj
 0001:0005c751       _oeSendMessageMany         0046d751 f   exMessage.obj
 0001:0006014f       _UPSendMessage0            0047114f f   exMessage.obj
 0001:000606b4       _oeSendMessage0            004716b4 f   exMessage.obj
 0001:000606d5       _UPSendMessage1            004716d5 f   exMessage.obj
 0001:000606f8       _oeSendMessage1            004716f8 f   exMessage.obj
 0001:0006071b       _UPSendMessage2            0047171b f   exMessage.obj
 0001:0006074f       _oeSendMessage2            0047174f f   exMessage.obj
 0001:00060783       _oeSendMessage3            00471783 f   exMessage.obj
 0001:000607bd       _UPSendMessage3            004717bd f   exMessage.obj
 0001:000607f7       _UPCSendMessageMany        004717f7 f   exMessage.obj
 0001:0006081c       _oeCSendMessageMany        0047181c f   exMessage.obj
 0001:00060d8b       _UPCSendMessage0           00471d8b f   exMessage.obj
 0001:00060dac       _oeCSendMessage0           00471dac f   exMessage.obj
 0001:00060dcd       _UPCSendMessage1           00471dcd f   exMessage.obj
 0001:00060df0       _oeCSendMessage1           00471df0 f   exMessage.obj
 0001:00060e13       _UPCSendMessage2           00471e13 f   exMessage.obj
 0001:00060e47       _oeCSendMessage2           00471e47 f   exMessage.obj
 0001:00060e7b       _UPCSendMessage3           00471e7b f   exMessage.obj
 0001:00060eb5       _oeCSendMessage3           00471eb5 f   exMessage.obj
 0001:00060eef       _UPFailPrimitive           00471eef f   exMessage.obj
 0001:00060f3a       _UPFailPrimitiveAtLine     00471f3a f   exMessage.obj
 0001:00060f9f       _UPReturn                  00471f9f f   exMessage.obj
 0001:00061068       _initMessagePrimitives     00472068 f   exMessage.obj
 0001:00061910       _stringToInt               00472910 f   exOption.obj
 0001:00061b97       _setOption                 00472b97 f   exOption.obj
 0001:0006223e       _reportUsage               0047323e f   exOption.obj
 0001:000622a0       _copySubStringToC          004732a0 f   exPrimUtil.obj
 0001:00062718       _isValidPlatformString     00473718 f   exPrimUtil.obj
 0001:00062b2f       _promoteToFixedSpace       00473b2f f   exPrimUtil.obj
 0001:00062ccf       _copyToCString             00473ccf f   exPrimUtil.obj
 0001:00062dc0       _tempCString               00473dc0 f   exPrimUtil.obj
 0001:00062edd       _STStringWithSize          00473edd f   exPrimUtil.obj
 0001:00062f31       _setStringEncoding         00473f31 f   exPrimUtil.obj
 0001:000630c9       _isKindOf                  004740c9 f   exPrimUtil.obj
 0001:0006312d       _inheritsFrom1             0047412d f   exPrimUtil.obj
 0001:0006316a       _inheritsFrom2             0047416a f   exPrimUtil.obj
 0001:000631af       _inheritsFrom3             004741af f   exPrimUtil.obj
 0001:000631fe       _inheritsFrom4             004741fe f   exPrimUtil.obj
 0001:00063253       _cloneErrorWith            00474253 f   exPrimUtil.obj
 0001:0006362d       _cloneCallCError           0047462d f   exPrimUtil.obj
 0001:00063f60       _initScanCharPrimitives    00474f60 f   exScanCh.obj
 0001:000649e0       _signalChildStatusSemaphore 004759e0 f   exSignal.obj
 0001:00064a0a       _initSignalPrimitives      00475a0a f   exSignal.obj
 0001:00064ac0       _initTime                  00475ac0 f   exTimer.obj
 0001:00064ada       _timeExpired               00475ada f   exTimer.obj
 0001:00064dac       _isTimerActive             00475dac f   exTimer.obj
 0001:00064de8       _initTimePrimitives        00475de8 f   exTimer.obj
 0001:000653b0       _InitializeNBAPI           004763b0 f   exThapi.obj
 0001:00065913       _NBAPISemaphoreForCurrentProcess 00476913 f   exThapi.obj
 0001:00065bb1       _NBAPITInfoForThread       00476bb1 f   exThapi.obj
 0001:00065d65       _NBAPISignalThreadForCallout 00476d65 f   exThapi.obj
 0001:00065e70       _NBAPIThreadForCall        00476e70 f   exThapi.obj
 0001:00066ab5       _NBAPIProcessHasAttachedThread 00477ab5 f   exThapi.obj
 0001:00066cf9       _NBAPIAttachProcessToThread 00477cf9 f   exThapi.obj
 0001:00066d55       _NBAPIDetachProcessFromThread 00477d55 f   exThapi.obj
 0001:00066fa8       _NBAPIGetThreadLevels      00477fa8 f   exThapi.obj
 0001:0006727c       _NBAPISetThreadLevels      0047827c f   exThapi.obj
 0001:00067309       _NBAPIInvokeCallback       00478309 f   exThapi.obj
 0001:00067cef       _NBAPICallbackReturn       00478cef f   exThapi.obj
 0001:00068194       _NBAPIReleaseThreadIfUnwound 00479194 f   exThapi.obj
 0001:00068577       _NBAPICheckProcessTermination 00479577 f   exThapi.obj
 0001:00068ffd       _NBAPIYield                00479ffd f   exThapi.obj
 0001:0006a002       _NBAPIServiceThreads       0047b002 f   exThapi.obj
 0001:0006bc69       _stateof                   0047cc69 f   exThapi.obj
 0001:0006bce8       _allegianceName            0047cce8 f   exThapi.obj
 0001:0006bd24       _printTInfo                0047cd24 f   exThapi.obj
 0001:0006bf17       _printNBAPIList            0047cf17 f   exThapi.obj
 0001:0006c03c       _printNBAPI                0047d03c f   exThapi.obj
 0001:0006c120       _initPrimitives            0047d120 f   pr.obj
 0001:0006c150       _initArithmeticPrims       0047d150 f   prArithmetic.obj
 0001:0006d770       _oeGetErrorCode            0047e770 f   prCtoST.obj
 0001:0006d77a       _oeStartLongComputation    0047e77a f   prCtoST.obj
 0001:0006d77f       _oeFinishLongComputation   0047e77f f   prCtoST.obj
 0001:0006d784       _oeNil                     0047e784 f   prCtoST.obj
 0001:0006d790       _oeTrue                    0047e790 f   prCtoST.obj
 0001:0006d79d       _oeFalse                   0047e79d f   prCtoST.obj
 0001:0006d7aa       _oeSmallIntegerClass       0047e7aa f   prCtoST.obj
 0001:0006d7b7       _oeCharacterClass          0047e7b7 f   prCtoST.obj
 0001:0006d7c4       _oeFloatClass              0047e7c4 f   prCtoST.obj
 0001:0006d7d1       _oePointClass              0047e7d1 f   prCtoST.obj
 0001:0006d7de       _oeArrayClass              0047e7de f   prCtoST.obj
 0001:0006d7eb       _oeSemaphoreClass          0047e7eb f   prCtoST.obj
 0001:0006d7f8       _oeByteStringClass         0047e7f8 f   prCtoST.obj
 0001:0006d805       _oeLargePositiveIntegerClass 0047e805 f   prCtoST.obj
 0001:0006d812       _oeLargeNegativeIntegerClass 0047e812 f   prCtoST.obj
 0001:0006d81f       _oeByteArrayClass          0047e81f f   prCtoST.obj
 0001:0006d82c       _oeTwoByteStringClass      0047e82c f   prCtoST.obj
 0001:0006d839       _oeTwoByteSymbolClass      0047e839 f   prCtoST.obj
 0001:0006d846       _oeDoubleClass             0047e846 f   prCtoST.obj
 0001:0006d856       _oeOEToCbool               0047e856 f   prCtoST.obj
 0001:0006d956       _oeOEToCint                0047e956 f   prCtoST.obj
 0001:0006da32       _oeOEToCchar               0047ea32 f   prCtoST.obj
 0001:0006db0f       _oeOEToCfloat              0047eb0f f   prCtoST.obj
 0001:0006dc17       _oeCtoOEbool               0047ec17 f   prCtoST.obj
 0001:0006dc35       _oeCtoOEint                0047ec35 f   prCtoST.obj
 0001:0006dc75       _oeCtoOEchar               0047ec75 f   prCtoST.obj
 0001:0006dc85       _oeCtoOEfloat              0047ec85 f   prCtoST.obj
 0001:0006de7b       _oeAllocString             0047ee7b f   prCtoST.obj
 0001:0006e12e       _oeAllocByteArray          0047f12e f   prCtoST.obj
 0001:0006e3f4       _oeAllocArray              0047f3f4 f   prCtoST.obj
 0001:0006e9ad       _oeCopyOEtoCstring         0047f9ad f   prCtoST.obj
 0001:0006eb9b       _oeCopyOEtoCbytes          0047fb9b f   prCtoST.obj
 0001:0006ed65       _oeCopyOEtoCintArray       0047fd65 f   prCtoST.obj
 0001:0006efdb       _oeCopyOEtoCfloatArray     0047ffdb f   prCtoST.obj
 0001:0006f280       _oeCopyCtoOEstring         00480280 f   prCtoST.obj
 0001:0006f46e       _oeCopyCtoOEbytes          0048046e f   prCtoST.obj
 0001:0006f638       _oeCopyCtoOEintArray       00480638 f   prCtoST.obj
 0001:0006f892       _oeCopyCtoOEfloatArray     00480892 f   prCtoST.obj
 0001:0006fd79       _oeOopDataPtr              00480d79 f   prCtoST.obj
 0001:0006fe20       _oeInstVarSize             00480e20 f   prCtoST.obj
 0001:0006ff2f       _oeIndexVarSize            00480f2f f   prCtoST.obj
 0001:0007010f       _oeBasicAt                 0048110f f   prCtoST.obj
 0001:000702bd       _oeInstVarAt               004812bd f   prCtoST.obj
 0001:00070424       _oeByteAt                  00481424 f   prCtoST.obj
 0001:000705ad       _oeIntegerAt               004815ad f   prCtoST.obj
 0001:000707ad       _oeFloatAt                 004817ad f   prCtoST.obj
 0001:000709da       _oeDoubleAt                004819da f   prCtoST.obj
 0001:00070c21       _oeBasicAtPut              00481c21 f   prCtoST.obj
 0001:000710ef       _oeInstVarAtPut            004820ef f   prCtoST.obj
 0001:0007157b       _oeByteAtPut               0048257b f   prCtoST.obj
 0001:00071704       _oeIntegerAtPut            00482704 f   prCtoST.obj
 0001:00071b6e       _oeFloatAtPut              00482b6e f   prCtoST.obj
 0001:00071fde       _oeIsCharacter             00482fde f   prCtoST.obj
 0001:00071ff1       _oeIsInteger               00482ff1 f   prCtoST.obj
 0001:00072012       _oeIsString                00483012 f   prCtoST.obj
 0001:000720fb       _oeIsByteArray             004830fb f   prCtoST.obj
 0001:000721e4       _oeIsArrayOfInteger        004831e4 f   prCtoST.obj
 0001:000723e8       _oeIsArrayOfFloat          004833e8 f   prCtoST.obj
 0001:00072618       _oeIsBoolean               00483618 f   prCtoST.obj
 0001:000726e3       _oeIsFloat                 004836e3 f   prCtoST.obj
 0001:000727cb       _oeIsByteLike              004837cb f   prCtoST.obj
 0001:0007288d       _oeIsImmediate             0048388d f   prCtoST.obj
 0001:000728ae       _oeCouldBeOop              004838ae f   prCtoST.obj
 0001:00072955       _oeClass                   00483955 f   prCtoST.obj
 0001:00072a35       _oeOEToCdouble             00483a35 f   prCtoST.obj
 0001:00072b49       _oeCtoOEdouble             00483b49 f   prCtoST.obj
 0001:00072d84       _oeIsDouble                00483d84 f   prCtoST.obj
 0001:00072e83       _oeIsKindOf                00483e83 f   prCtoST.obj
 0001:00073011       _oeInstallPollHandler      00484011 f   prCtoST.obj
 0001:0007302d       _oeSignalSemaphore         0048402d f   prCtoST.obj
 0001:00073120       _oePostInterrupt           00484120 f   prCtoST.obj
 0001:00073133       _oeRegisteredHandleAt      00484133 f   prCtoST.obj
 0001:00073162       _oeRegisteredHandleAtPut   00484162 f   prCtoST.obj
 0001:00073249       _oeAddPrimitive            00484249 f   prCtoST.obj
 0001:00073262       _oeAllocRegistrySlot       00484262 f   prCtoST.obj
 0001:0007328a       _oeAllocFsObject           0048428a f   prCtoST.obj
 0001:00073387       _oeAllocVsObject           00484387 f   prCtoST.obj
 0001:0007349c       _oeClassType               0048449c f   prCtoST.obj
 0001:0007354a       _initOEprotocol            0048454a f   prCtoST.obj
 0001:00073550       _initDoublePrims           00484550 f   prDouble.obj
 0001:00077480       _initFloatPrims            00488480 f   prFloat.obj
 0001:0007a8e0       _initLargeIntPrims         0048b8e0 f   prLarge.obj
 0001:000820c0       _UPRegisterSymbolAndHandle 004930c0 f   prLinkRegistry.obj
 0001:000821cc       _UPHandleForSymbol         004931cc f   prLinkRegistry.obj
 0001:00082221       _oeRegisterSymbolAndHandle 00493221 f   prLinkRegistry.obj
 0001:00082236       _initLinkRegistryPrimitives 00493236 f   prLinkRegistry.obj
 0001:00082310       _recycleObj                00493310 f   mm.obj
 0001:0008299d       _maximumIdentityHashValue  0049399d f   mm.obj
 0001:000829a7       _getObjHash                004939a7 f   mm.obj
 0001:00082a25       _objDataOkShouldBeMarked   00493a25 f   mm.obj
 0001:00082e11       _objDataOk                 00493e11 f   mm.obj
 0001:00082e60       _objIsAlive                00493e60 f   mm.obj
 0001:0008316a       _objOk                     0049416a f   mm.obj
 0001:00083246       _objectMemoryOk            00494246 f   mm.obj
 0001:00083309       _initObjectPrims           00494309 f   mm.obj
 0001:00084700       _classCheckIfMetaclassHasSubclasses 00495700 f   mmAllocate.obj
 0001:00084757       _classType                 00495757 f   mmAllocate.obj
 0001:00084866       _allocFSObj                00495866 f   mmAllocate.obj
 0001:00084d8b       _allocVSObj                00495d8b f   mmAllocate.obj
 0001:0008557a       _createShallowCopyOf       0049657a f   mmAllocate.obj
 0001:00085e0c       _allocSmallObj             00496e0c f   mmAllocate.obj
 0001:00085e87       _allocLargePointerObj      00496e87 f   mmAllocate.obj
 0001:00085ed0       _allocLargeByteObj         00496ed0 f   mmAllocate.obj
 0001:00085f3e       _shrinkOrCopyPtrObj        00496f3e f   mmAllocate.obj
 0001:00086081       _initAllocationPrims       00497081 f   mmAllocate.obj
 0001:00088020       _tryBecome                 00499020 f   mmBecome.obj
 0001:0008d48d       _initBecomePrims           0049e48d f   mmBecome.obj
 0001:0008e670       _printCheckMapInfo         0049f670 f   mmCheckMap.obj
 0001:0008e6c0       _printCheckMapAddress      0049f6c0 f   mmCheckMap.obj
 0001:0008e700       @setCheckMapBit@4          0049f700 f   mmCheckMap.obj
 0001:0008e750       @clearCheckMapBit@4        0049f750 f   mmCheckMap.obj
 0001:0008e790       @isCheckMapBitSet@4        0049f790 f   mmCheckMap.obj
 0001:0008e7d0       @clearCheckMapFromUpto@8   0049f7d0 f   mmCheckMap.obj
 0001:0008e970       @setCheckMapFromUpto@8     0049f970 f   mmCheckMap.obj
 0001:0008eb50       @checkMapIsClearFromUpto@8 0049fb50 f   mmCheckMap.obj
 0001:0008ecd0       @checkMapIsSetFromUpto@8   0049fcd0 f   mmCheckMap.obj
 0001:0008ef50       _dbObjHeader               0049ff50 f   mmDebug.obj
 0001:0008f400       _dbxHeader                 004a0400 f   mmDebug.obj
 0001:0008f411       _dbObjData                 004a0411 f   mmDebug.obj
 0001:0008f72a       _dbxData                   004a072a f   mmDebug.obj
 0001:0008f73b       _dbObjDataField            004a073b f   mmDebug.obj
 0001:0008f77e       _dbSetObjDataField         004a077e f   mmDebug.obj
 0001:0008f7c1       _dbObjDataPtr              004a07c1 f   mmDebug.obj
 0001:0008f806       _dbObjClass                004a0806 f   mmDebug.obj
 0001:0008f836       _dbObjClassName            004a0836 f   mmDebug.obj
 0001:0008f86a       _dbfObjClassName           004a086a f   mmDebug.obj
 0001:000901a5       _dbxClassName              004a11a5 f   mmDebug.obj
 0001:000901b6       _dbClassNameIs             004a11b6 f   mmDebug.obj
 0001:00090515       _printIfClassNameIs        004a1515 f   mmDebug.obj
 0001:00090546       _dbObjClassNameIs          004a1546 f   mmDebug.obj
 0001:00090bae       _printIfObjClassNameIs     004a1bae f   mmDebug.obj
 0001:00090bde       _dbObjMayBeClass           004a1bde f   mmDebug.obj
 0001:00090df8       _dbObjDataSize             004a1df8 f   mmDebug.obj
 0001:00090eea       _dbObjHasPtrs              004a1eea f   mmDebug.obj
 0001:00090f1f       _dbObjInOldRt              004a1f1f f   mmDebug.obj
 0001:00090f52       _dbObjIsMarked             004a1f52 f   mmDebug.obj
 0001:00090f85       _dbObjIsForwarded          004a1f85 f   mmDebug.obj
 0001:00090fb6       _dbObjInRt                 004a1fb6 f   mmDebug.obj
 0001:00090fe9       _dbObjHash                 004a1fe9 f   mmDebug.obj
 0001:0009101b       _dbSelectorName            004a201b f   mmDebug.obj
 0001:00091148       _dbxSelectorName           004a2148 f   mmDebug.obj
 0001:00091159       _dbResidence               004a2159 f   mmDebug.obj
 0001:000917b5       _dbxResidence              004a27b5 f   mmDebug.obj
 0001:000917c6       _dbObjOwners               004a27c6 f   mmDebug.obj
 0001:00091a88       _dbxOwners                 004a2a88 f   mmDebug.obj
 0001:00091a99       _dbPrintIndicesOfIn        004a2a99 f   mmDebug.obj
 0001:00091b57       _initDebugPrims            004a2b57 f   mmDebug.obj
 0001:00091d30       _oopInObj                  004a2d30 f   mmEnumerate.obj
 0001:00091ef7       _initEnumerationPrims      004a2ef7 f   mmEnumerate.obj
 0001:00093180       _signalFinalizationSemaphoreIfRequired 004a4180 f   mmFinal.obj
 0001:0009322d       _reserveOnEphemeronQueue   004a422d f   mmFinal.obj
 0001:00093268       _addToEphemeronQueue       004a4268 f   mmFinal.obj
 0001:00093352       _addToFinalQueue           004a4352 f   mmFinal.obj
 0001:000936e7       _shrinkFinalQueue          004a46e7 f   mmFinal.obj
 0001:000937e4       _shiftFinalQueueEntries    004a47e4 f   mmFinal.obj
 0001:00093acf       _initFinalQueue            004a4acf f   mmFinal.obj
 0001:00093c69       _updateFinalQueuePtrs      004a4c69 f   mmFinal.obj
 0001:00093d6b       _objReallyInFinalQueue     004a4d6b f   mmFinal.obj
 0001:00093da2       _objHasValidWeaknessProperties 004a4da2 f   mmFinal.obj
 0001:00093f51       _finalSemaphore            004a4f51 f   mmFinal.obj
 0001:00093f7f       _initFinalizationPrims     004a4f7f f   mmFinal.obj
 0001:000945a0       _addToMarkListFunc         004a55a0 f   mmGarbage.obj
 0001:00094657       _compact                   004a5657 f   mmGarbage.obj
 0001:000946e3       _initGarbagePrims          004a56e3 f   mmGarbage.obj
 0001:00097160       _addToCheckMarkListFunc    004a8160 f   mmIncGC.obj
 0001:00097241       _addToIncWeakListFunc      004a8241 f   mmIncGC.obj
 0001:000973d2       _blowAwayIncGC             004a83d2 f   mmIncGC.obj
 0001:00097801       _incMarkObj                004a8801 f   mmIncGC.obj
 0001:00097adb       _incMarkPermObjRefs        004a8adb f   mmIncGC.obj
 0001:00097f87       _chStOldObjInNonNew        004a8f87 f   mmIncGC.obj
 0001:0009a360       _validateOldObj            004ab360 f   mmIncGC.obj
 0001:0009a510       _oopOnIncMarkStack         004ab510 f   mmIncGC.obj
 0001:0009a54a       _oopOnIncEphemeronStack    004ab54a f   mmIncGC.obj
 0001:0009a584       _initIncGCPrims            004ab584 f   mmIncGC.obj
 0001:0009a770       _getImageFileFormat        004ab770 f   mmInit.obj
 0001:0009a7a7       _getImageType              004ab7a7 f   mmInit.obj
 0001:0009a7de       _getImageSubType           004ab7de f   mmInit.obj
 0001:0009a815       _setImageSubType           004ab815 f   mmInit.obj
 0001:0009a822       _startKernel               004ab822 f   mmInit.obj
 0001:0009b5bb       _readImageHeader           004ac5bb f   mmInit.obj
 0001:0009c5f0       _getDecompressionWorkspaces 004ad5f0 f   mmInit.obj
 0001:0009cc2d       _realSlotsInStackSpace     004adc2d f   mmInit.obj
 0001:0009dd60       _updateOopFunc             004aed60 f   mmInit.obj
 0001:0009dfac       _updatePermDataPtrFunc     004aefac f   mmInit.obj
 0001:000a0f40       _sweepLt                   004b1f40 f   mmLargeSpace.obj
 0001:000a1078       _sweepAndCompactLargeSpace 004b2078 f   mmLargeSpace.obj
 0001:000a13e7       _findFreeLsBlock           004b23e7 f   mmLargeSpace.obj
 0001:000a1423       _compactLargeSpace         004b2423 f   mmLargeSpace.obj
 0001:000a1adf       _resetLargeSpaceAfterScavenge 004b2adf f   mmLargeSpace.obj
 0001:000a1d97       _compactLargeSpaceResponse 004b2d97 f   mmLargeSpace.obj
 0001:000a232e       _reRegisterLargeObj        004b332e f   mmLargeSpace.obj
 0001:000a243d       _largeSlotsToTenure        004b343d f   mmLargeSpace.obj
 0001:000a245e       _numLargeSpaceObjects      004b345e f   mmLargeSpace.obj
 0001:000a249f       _occupiedLsDataSlots       004b349f f   mmLargeSpace.obj
 0001:000a24e3       _writeLargeSpace           004b34e3 f   mmLargeSpace.obj
 0001:000a2598       _allocInLargeSpace         004b3598 f   mmLargeSpace.obj
 0001:000a2aed       _lsDataSlotsFunc           004b3aed f   mmLargeSpace.obj
 0001:000a2b05       _lsBlockForObj             004b3b05 f   mmLargeSpace.obj
 0001:000a2b3a       _lsBlockOk                 004b3b3a f   mmLargeSpace.obj
 0001:000a2c86       _largeSpaceOk              004b3c86 f   mmLargeSpace.obj
 0001:000a3260       _initializeEmptyFixedSpaceSegment 004b4260 f   mmFixedSpace.obj
 0001:000a3349       _sweepFt                   004b4349 f   mmFixedSpace.obj
 0001:000a35a4       _sweepAndCompactFixedSpace 004b45a4 f   mmFixedSpace.obj
 0001:000a37bc       _compactFixedSpace         004b47bc f   mmFixedSpace.obj
 0001:000a39af       _resetFixedSpaceAfterScavenge 004b49af f   mmFixedSpace.obj
 0001:000a3cc1       _existsFixedSpaceSegmentFor 004b4cc1 f   mmFixedSpace.obj
 0001:000a3d88       _reRegisterFixedObj        004b4d88 f   mmFixedSpace.obj
 0001:000a3e72       _occupiedFsDataSlotsIn     004b4e72 f   mmFixedSpace.obj
 0001:000a3ed5       _occupiedFsDataSlots       004b4ed5 f   mmFixedSpace.obj
 0001:000a3f2f       _occupiedFtSlots           004b4f2f f   mmFixedSpace.obj
 0001:000a3f94       _writeFixedSpace           004b4f94 f   mmFixedSpace.obj
 0001:000a4184       _allocInFixedSpace         004b5184 f   mmFixedSpace.obj
 0001:000a479d       _growFixedSpace            004b579d f   mmFixedSpace.obj
 0001:000a4abf       _discardFixedSpaceSegment  004b5abf f   mmFixedSpace.obj
 0001:000a4ae4       _numFixedSpaceSegs         004b5ae4 f   mmFixedSpace.obj
 0001:000a4b1b       _fsBlockOk                 004b5b1b f   mmFixedSpace.obj
 0001:000a4cd7       _objInFt                   004b5cd7 f   mmFixedSpace.obj
 0001:000a4d79       _objDataPtrInFt            004b5d79 f   mmFixedSpace.obj
 0001:000a4e25       _fixedSpaceOk              004b5e25 f   mmFixedSpace.obj
 0001:000a5480       _sweepNewSpace             004b6480 f   mmNewSpace.obj
 0001:000a58dc       _getNextNewSpaceObj        004b68dc f   mmNewSpace.obj
 0001:000a5a96       _searchNewSpace            004b6a96 f   mmNewSpace.obj
 0001:000a5afd       _recycleNewObj             004b6afd f   mmNewSpace.obj
 0001:000a5c1b       _recycleNewOtEntry         004b6c1b f   mmNewSpace.obj
 0001:000a5cdb       _allocInNewSpace           004b6cdb f   mmNewSpace.obj
 0001:000a5ef0       _allocInPastSpace          004b6ef0 f   mmNewSpace.obj
 0001:000a60d8       _shrinkOrCopyNewObj        004b70d8 f   mmNewSpace.obj
 0001:000a64a9       _newSpaceOk                004b74a9 f   mmNewSpace.obj
 0001:000a6846       _newSpaceObjOk             004b7846 f   mmNewSpace.obj
 0001:000a6db6       _newSpaceOkScavenge        004b7db6 f   mmNewSpace.obj
 0001:000a6e7a       _newSpaceObjOkScavenge     004b7e7a f   mmNewSpace.obj
 0001:000a7224       _printSomeNewSpace         004b8224 f   mmNewSpace.obj
 0001:000a72d6       _printNewSpace             004b82d6 f   mmNewSpace.obj
 0001:000a73d0       _registerInOldRt           004b83d0 f   mmOldRt.obj
 0001:000a75a3       _initOldRt                 004b85a3 f   mmOldRt.obj
 0001:000a75fc       _initPermObjIfNotSystemObj 004b85fc f   mmOldRt.obj
 0001:000a7648       _initPermObj               004b8648 f   mmOldRt.obj
 0001:000a7739       _createOldRt               004b8739 f   mmOldRt.obj
 0001:000a7875       _scanOldRtCreatingBackPtrs 004b8875 f   mmOldRt.obj
 0001:000a7932       _updateOldRtPtrs           004b8932 f   mmOldRt.obj
 0001:000a7992       _cacheOldRtOop             004b8992 f   mmOldRt.obj
 0001:000a79a7       _compactOldRt              004b89a7 f   mmOldRt.obj
 0001:000a7a26       _sweepOldRt                004b8a26 f   mmOldRt.obj
 0001:000a7c14       _shrinkOldRt               004b8c14 f   mmOldRt.obj
 0001:000a7c78       _emptyOldRt                004b8c78 f   mmOldRt.obj
 0001:000a7cad       _prepareOldRtForIncMark    004b8cad f   mmOldRt.obj
 0001:000a7cf9       _incMarkOldRtEntries       004b8cf9 f   mmOldRt.obj
 0001:000a7d98       _incMarkOldRtEntriesNBL    004b8d98 f   mmOldRt.obj
 0001:000a7e43       _objReallyInOldRt          004b8e43 f   mmOldRt.obj
 0001:000a7ebf       _oldRtOk                   004b8ebf f   mmOldRt.obj
 0001:000a7ff1       _addPermOldRtEntriesToCheckMarkList 004b8ff1 f   mmOldRt.obj
 0001:000a8047       _oldDataWithPermOtEntries  004b9047 f   mmOldRt.obj
 0001:000a8110       _createOopStack            004b9110 f   mmOopStack.obj
 0001:000a8187       _releaseOopStack           004b9187 f   mmOopStack.obj
 0001:000a81db       _shrinkOopStack            004b91db f   mmOopStack.obj
 0001:000a8243       _emptyOopStack             004b9243 f   mmOopStack.obj
 0001:000a83d1       _recycleOopStack           004b93d1 f   mmOopStack.obj
 0001:000a8418       _pushOopStackCallout       004b9418 f   mmOopStack.obj
 0001:000a8545       _popOopStackCallout        004b9545 f   mmOopStack.obj
 0001:000a8592       _enumOopStack              004b9592 f   mmOopStack.obj
 0001:000a85c4       _incEnumOopStack           004b95c4 f   mmOopStack.obj
 0001:000a89cd       _incEnumOopStackNBL        004b99cd f   mmOopStack.obj
 0001:000a8d46       _neverCalled               004b9d46 f   mmOopStack.obj
 0001:000a8d6b       _initOopStack              004b9d6b f   mmOopStack.obj
 0001:000a8f0b       _sweepOopStack             004b9f0b f   mmOopStack.obj
 0001:000a8f66       _markOopStack              004b9f66 f   mmOopStack.obj
 0001:000a8fec       _objIsOopStackSeg          004b9fec f   mmOopStack.obj
 0001:000a903a       _totalEntriesInOopStack    004ba03a f   mmOopStack.obj
 0001:000a907c       _liveEntriesInOopStack     004ba07c f   mmOopStack.obj
 0001:000a90c2       _checkMarkOopStack         004ba0c2 f   mmOopStack.obj
 0001:000a90eb       _oopOnOopStack             004ba0eb f   mmOopStack.obj
 0001:000a9150       _recommendedOsReserveSlots 004ba150 f   mmOldSpace.obj
 0001:000a917d       _objPointsToOldSpace       004ba17d f   mmOldSpace.obj
 0001:000a927a       _growOldObject             004ba27a f   mmOldSpace.obj
 0001:000a9aed       _shrinkOldObject           004baaed f   mmOldSpace.obj
 0001:000a9eb0       _resetIncUnmarkCounts      004baeb0 f   mmOldSpace.obj
 0001:000a9ebf       _resetIncSweepCounts       004baebf f   mmOldSpace.obj
 0001:000a9ef6       _resetFragmentationCounts  004baef6 f   mmOldSpace.obj
 0001:000a9f23       _initOldSpaceBounds        004baf23 f   mmOldSpace.obj
 0001:000aa078       _freeLargeOldDataNoOop     004bb078 f   mmOldSpace.obj
 0001:000aa227       _allocOldData              004bb227 f   mmOldSpace.obj
 0001:000aaadf       _prepareThreadedFreeListForSnapshot 004bbadf f   mmOldSpace.obj
 0001:000aad44       _updateThreadedDataPointers 004bbd44 f   mmOldSpace.obj
 0001:000aafc0       _assimilateOldFreeList     004bbfc0 f   mmOldSpace.obj
 0001:000ab12a       _flattenThreadedDataForPermLoad 004bc12a f   mmOldSpace.obj
 0001:000ab305       _addressInOldSegment       004bc305 f   mmOldSpace.obj
 0001:000ab361       _addressInOldSegmentData   004bc361 f   mmOldSpace.obj
 0001:000ab3bd       _addressInAnySegment       004bc3bd f   mmOldSpace.obj
 0001:000ab3ea       _addressInAnySegmentData   004bc3ea f   mmOldSpace.obj
 0001:000ab417       _addressInOldOt            004bc417 f   mmOldSpace.obj
 0001:000ab473       _addressInAnyOt            004bc473 f   mmOldSpace.obj
 0001:000ab4a0       _addressInOldNewOt         004bc4a0 f   mmOldSpace.obj
 0001:000ab4fc       _addressInAnyNewOt         004bc4fc f   mmOldSpace.obj
 0001:000ab529       _addressInPermSegment      004bc529 f   mmOldSpace.obj
 0001:000ab54c       _addressInPermOt           004bc54c f   mmOldSpace.obj
 0001:000ab56f       _absorbPermFreeList        004bc56f f   mmOldSpace.obj
 0001:000ab780       _absorbPermSpace           004bc780 f   mmOldSpace.obj
 0001:000ab9ac       _restorePermSpace          004bc9ac f   mmOldSpace.obj
 0001:000abb74       _growOldSpace              004bcb74 f   mmOldSpace.obj
 0001:000abfc7       _findContiguousSlotsInOldSpaceSlowly 004bcfc7 f   mmOldSpace.obj
 0001:000ac194       _resetThreadedData         004bd194 f   mmOldSpace.obj
 0001:000ac1d8       _sweepAndCompactOldSpace   004bd1d8 f   mmOldSpace.obj
 0001:000aec97       _updateOopAfterOtCompFunc  004bfc97 f   mmOldSpace.obj
 0001:000aece2       _saveOtBaseAfterIncMark    004bfce2 f   mmOldSpace.obj
 0001:000aed4c       _resetAfterIncSweepOfOldSpace 004bfd4c f   mmOldSpace.obj
 0001:000aed89       _incSweepOldSpace          004bfd89 f   mmOldSpace.obj
 0001:000af5bb       _slotsLeftInOldSpace       004c05bb f   mmOldSpace.obj
 0001:000af648       _slotsUsedInOldSpace       004c0648 f   mmOldSpace.obj
 0001:000af6d2       _sufficientFreeContiguousSpace 004c06d2 f   mmOldSpace.obj
 0001:000af759       _searchObjectMemory        004c0759 f   mmOldSpace.obj
 0001:000af9c8       _collectAllSpecifiedObjects 004c09c8 f   mmOldSpace.obj
 0001:000b01b4       _scanObjectMemory          004c11b4 f   mmOldSpace.obj
 0001:000b040c       _scanReferentsOf           004c140c f   mmOldSpace.obj
 0001:000b079e       _writeOldSpace             004c179e f   mmOldSpace.obj
 0001:000b09cf       _otEntriesUsedInOldSpace   004c19cf f   mmOldSpace.obj
 0001:000b0a2f       _numOldSpaceSegs           004c1a2f f   mmOldSpace.obj
 0001:000b0a64       _prepareToUnmarkOldSpace   004c1a64 f   mmOldSpace.obj
 0001:000b0aa5       _incUnmarkOldSpace         004c1aa5 f   mmOldSpace.obj
 0001:000b106b       _allocInOldSpace           004c206b f   mmOldSpace.obj
 0001:000b1cfc       _reversePointersInOldSpace 004c2cfc f   mmOldSpace.obj
 0001:000b1de6       _prepareThreadedDataForCompaction 004c2de6 f   mmOldSpace.obj
 0001:000b1ebe       _compactOldSpace           004c2ebe f   mmOldSpace.obj
 0001:000b2369       _oldSpaceOk                004c3369 f   mmOldSpace.obj
 0001:000b287d       _oldSpaceObjOk             004c387d f   mmOldSpace.obj
 0001:000b2daa       _otEntryOnThreadedFreeList 004c3daa f   mmOldSpace.obj
 0001:000b2ddd       _threadedDataOk            004c3ddd f   mmOldSpace.obj
 0001:000b337e       _threadedOtEntriesOk       004c437e f   mmOldSpace.obj
 0001:000b397e       _checkMarksInOt            004c497e f   mmOldSpace.obj
 0001:000b3a64       _applyToThreadedData       004c4a64 f   mmOldSpace.obj
 0001:000b3c81       _oldSpaceHasNoLeaks        004c4c81 f   mmOldSpace.obj
 0001:000b3c90       _permSpaceHasNoLeaks       004c4c90 f   mmOldSpace.obj
 0001:000b43a3       _printOldSpaceSegs         004c53a3 f   mmOldSpace.obj
 0001:000b446f       _initOldSpacePrims         004c546f f   mmOldSpace.obj
 0001:000b6840       _rebootSystem              004c7840 f   mmProcess.obj
 0001:000b6fb0       _asynchSignal              004c7fb0 f   mmProcess.obj
 0001:000b7bb6       _processSwitch             004c8bb6 f   mmProcess.obj
 0001:000b956f       _couldBeCodeAllowedAsNPC   004ca56f f   mmProcess.obj
 0001:000ba3ad       _highestProcessPriority    004cb3ad f   mmProcess.obj
 0001:000ba417       _requestActiveProcessPriority 004cb417 f   mmProcess.obj
 0001:000ba45e       _removeHighestPriorityProcess 004cb45e f   mmProcess.obj
 0001:000bb8bd       _waitOnCalloutSemaphore    004cc8bd f   mmProcess.obj
 0001:000bc44e       _initProcessPrims          004cd44e f   mmProcess.obj
 0001:000c03b6       _processIsRunnable         004d13b6 f   mmProcess.obj
 0001:000c06f9       _objOnList                 004d16f9 f   mmProcess.obj
 0001:000c0740       _recyclePermOtEntry        004d1740 f   mmPermSpace.obj
 0001:000c096f       _recyclePermData           004d196f f   mmPermSpace.obj
 0001:000c0a44       _recyclePermObj            004d1a44 f   mmPermSpace.obj
 0001:000c0d05       _recycleNonNewData         004d1d05 f   mmPermSpace.obj
 0001:000c0f49       _markPermSpace             004d1f49 f   mmPermSpace.obj
 0001:000c0f8c       _writePermSpace            004d1f8c f   mmPermSpace.obj
 0001:000c1049       _nilPermSpacePtrs          004d2049 f   mmPermSpace.obj
 0001:000c107b       _permCtxAtStartupOk        004d207b f   mmPermSpace.obj
 0001:000c1189       _objBelongsInOldRt         004d2189 f   mmPermSpace.obj
 0001:000c12c2       _permSpaceObjOk            004d22c2 f   mmPermSpace.obj
 0001:000c1822       _permSpaceOk               004d2822 f   mmPermSpace.obj
 0001:000c1b50       _slotsFreeInOldSpaceMinusReserve 004d2b50 f   mmResources.obj
 0001:000c1ba1       _lowSpaceResponse          004d2ba1 f   mmResources.obj
 0001:000c1c1f       _initResourcePrims         004d2c1f f   mmResources.obj
 0001:000c4210       _registerInRt              004d5210 f   mmRt.obj
 0001:000c452c       _canonicalizeRt            004d552c f   mmRt.obj
 0001:000c45c0       _compactRt                 004d55c0 f   mmRt.obj
 0001:000c46fc       _shrinkRt                  004d56fc f   mmRt.obj
 0001:000c4867       _updateRtPtrs              004d5867 f   mmRt.obj
 0001:000c4978       _sweepRt                   004d5978 f   mmRt.obj
 0001:000c49e2       _initRt                    004d59e2 f   mmRt.obj
 0001:000c4cd8       _objReallyInRt             004d5cd8 f   mmRt.obj
 0001:000c4d25       _addPermRtEntriesToCheckMarkList 004d5d25 f   mmRt.obj
 0001:000c4d7d       _rtOk                      004d5d7d f   mmRt.obj
 0001:000c502d       _rtLooksOk                 004d602d f   mmRt.obj
 0001:000c5a00       _getTenureThreshold        004d6a00 f   mmScavenge.obj
 0001:000c5a0a       _initScavenger             004d6a0a f   mmScavenge.obj
 0001:000c5a63       _flushEden                 004d6a63 f   mmScavenge.obj
 0001:000c5a9e       _flushNewSpace             004d6a9e f   mmScavenge.obj
 0001:000c5aea       _scavengeNewSpace          004d6aea f   mmScavenge.obj
 0001:000c5b13       _scavengeTenuringEveryone  004d6b13 f   mmScavenge.obj
 0001:000c5b51       _scavengeTenuringInstancesOf 004d6b51 f   mmScavenge.obj
 0001:000c5b6f       _scavengeTenuringOwnersOf  004d6b6f f   mmScavenge.obj
 0001:000c5b8d       _scavengeTenuringTheseObjs 004d6b8d f   mmScavenge.obj
 0001:000ca7dd       _copyAndForward            004db7dd f   mmScavenge.obj
 0001:000cc09e       _updateNewObjRef           004dd09e f   mmScavenge.obj
 0001:000ccb04       _initScavengePrims         004ddb04 f   mmScavenge.obj
 0001:000ce5b0       _mapAllNPCs                004df5b0 f   mmSnapshot.obj
 0001:000ce988       _initSnapshotPrims         004df988 f   mmSnapshot.obj
 0001:000d0320       _initSubscriptPrims        004e1320 f   mmSubscript.obj
 0001:000d7810       _registerSysOop            004e8810 f   mmSysOop.obj
 0001:000d7ada       _registerNewSysOop         004e8ada f   mmSysOop.obj
 0001:000d7d97       _allocSysOopSlot           004e8d97 f   mmSysOop.obj
 0001:000d7e14       _freeSysOopSlot            004e8e14 f   mmSysOop.obj
 0001:000d80ce       _initSysOopRegistry        004e90ce f   mmSysOop.obj
 0001:000d8499       _shrinkSysOopRegistry      004e9499 f   mmSysOop.obj
 0001:000d852e       _updateSysOopRegistryPtrs  004e952e f   mmSysOop.obj
 0001:000d85f9       _maxValidSysOopX           004e95f9 f   mmSysOop.obj
 0001:000d8610       _assertFail                004e9610 f   assertFail.obj
 0001:000d87f0       _doAssert                  004e97f0 f   assertFail.obj
 0001:000d880d       _assertReport              004e980d f   assertFail.obj
 0001:000d8890       _reportAllocFailure        004e9890 f   checks.obj
 0001:000d891d       _doPanic                   004e991d f   checks.obj
 0001:000d896c       _isAllocatedStack          004e996c f   checks.obj
 0001:000d89a8       _inStack                   004e99a8 f   checks.obj
 0001:000d89d9       _couldBeSP                 004e99d9 f   checks.obj
 0001:000d8a25       _interruptIsWithinHeadroom 004e9a25 f   checks.obj
 0001:000d8adf       _stackPCsOK                004e9adf f   checks.obj
 0001:000d8e48       _allPCsOK                  004e9e48 f   checks.obj
 0001:000d8e90       _stackBlocksOK             004e9e90 f   checks.obj
 0001:000d9127       _allBlockActivationsOK     004ea127 f   checks.obj
 0001:000d916b       _stackHybridsOK            004ea16b f   checks.obj
 0001:000d968a       _allHybridsOK              004ea68a f   checks.obj
 0001:000d96ce       _stacksOK                  004ea6ce f   checks.obj
 0001:000d97b5       _frameIsConsistent         004ea7b5 f   checks.obj
 0001:000d9812       _looksLikeHybrid           004ea812 f   checks.obj
 0001:000d986e       _isFreeStack               004ea86e f   checks.obj
 0001:000d9901       _numFreeStacks             004ea901 f   checks.obj
 0001:000d9938       _numAllocStacks            004ea938 f   checks.obj
 0001:000d9972       _stackObjsOK               004ea972 f   checks.obj
 0001:000d9d19       _isFP                      004ead19 f   checks.obj
 0001:000d9dca       _isStack                   004eadca f   checks.obj
 0001:000d9e0c       _stackOfFrameFunc          004eae0c f   checks.obj
 0001:000d9e28       _printStackHeader          004eae28 f   checks.obj
 0001:000d9ff0       _printSelector             004eaff0 f   checks.obj
 0001:000da23d       _printNameOfClass          004eb23d f   checks.obj
 0001:000da411       _printClassName            004eb411 f   checks.obj
 0001:000da99e       _printFrame                004eb99e f   checks.obj
 0001:000daf63       _frameAbove                004ebf63 f   checks.obj
 0001:000dafcb       _rawPrintFrame             004ebfcb f   checks.obj
 0001:000db3b6       _rawPrintThisFrame         004ec3b6 f   checks.obj
 0001:000db454       _printContext              004ec454 f   checks.obj
 0001:000db518       _printThisFrame            004ec518 f   checks.obj
 0001:000db5b6       _briefPrintFrame           004ec5b6 f   checks.obj
 0001:000db6c5       _printAllFrames            004ec6c5 f   checks.obj
 0001:000db765       _printNFrames              004ec765 f   checks.obj
 0001:000db832       _briefPrintAllFrames       004ec832 f   checks.obj
 0001:000db8ed       _briefPrintFrames          004ec8ed f   checks.obj
 0001:000db9ac       _checkGetSender            004ec9ac f   checks.obj
 0001:000dbcc3       _printNFramesAndContextsFrom 004eccc3 f   checks.obj
 0001:000dbdfb       _printNFramesAndContexts   004ecdfb f   checks.obj
 0001:000dbe1e       _printAllFramesAndContextsFrom 004ece1e f   checks.obj
 0001:000dbe39       _dPrintNFramesAndContextsFrom 004ece39 f   checks.obj
 0001:000dbe56       _dPrintAllFramesAndContextsFrom 004ece56 f   checks.obj
 0001:000dbe6f       _printAllFramesAndContextsFromContext 004ece6f f   checks.obj
 0001:000dbfc0       _printAllFramesAndContexts 004ecfc0 f   checks.obj
 0001:000dc038       _dumpAll                   004ed038 f   checks.obj
 0001:000dc3b4       _dumpAllProcesses          004ed3b4 f   checks.obj
 0001:000dc728       _dumpAllProcessesToFile    004ed728 f   checks.obj
 0001:000dc774       _dumpAllToFileCalling      004ed774 f   checks.obj
 0001:000dc800       _dumpAllToFileWithString   004ed800 f   checks.obj
 0001:000dc8a7       _dumpAllToFileWithChars    004ed8a7 f   checks.obj
 0001:000dc8c7       _dumpAllToFile             004ed8c7 f   checks.obj
 0001:000dc8de       _printStack                004ed8de f   checks.obj
 0001:000dc8fb       _printTopFrame             004ed8fb f   checks.obj
 0001:000dc922       _printCurrent              004ed922 f   checks.obj
 0001:000dc98b       _printChain                004ed98b f   checks.obj
 0001:000dcb01       _logSend                   004edb01 f   checks.obj
 0001:000dcba8       _className                 004edba8 f   checks.obj
 0001:000dce00       _printSendLogFor           004ede00 f   checks.obj
 0001:000dcf6f       _printSendLog              004edf6f f   checks.obj
 0001:000dcf7e       _aha                       004edf7e f   checks.obj
 0001:000dd0b0       _initCSels                 004ee0b0 f   checks.obj
 0001:000dd198       _initCClss                 004ee198 f   checks.obj
 0001:000dd280       _makeCSel                  004ee280 f   checks.obj
 0001:000dd35e       _makeCCls                  004ee35e f   checks.obj
 0001:000dd45c       _matchCSel                 004ee45c f   checks.obj
 0001:000dd53b       _matchCCls                 004ee53b f   checks.obj
 0001:000dd580       _isLiveHybrid              004ee580 f   contexts.obj
 0001:000dd779       _shouldBeLiveHybrid        004ee779 f   contexts.obj
 0001:000dda51       _CLoadContextInstVar       004eea51 f   contexts.obj
 0001:000de066       _contextInstVarNoReify     004ef066 f   contexts.obj
 0001:000de557       _CrtStoreContextInstVar    004ef557 f   contexts.obj
 0001:000de596       _storeContextInstVar       004ef596 f   contexts.obj
 0001:000df3ff       _replaceReferencesInHybridFrames 004f03ff f   contexts.obj
 0001:000df53c       _initContextPrimitives     004f053c f   contexts.obj
 0001:000e2230       _doesNotUnderstandWA       004f3230 f   dnu.obj
 0001:000e330f       _CrtMNUFromPIC             004f430f f   dnu.obj
 0001:000e4d5c       _Cdnu0                     004f5d5c f   dnu.obj
 0001:000e4d7e       _Cdnu1                     004f5d7e f   dnu.obj
 0001:000e4dab       _Cdnu2                     004f5dab f   dnu.obj
 0001:000e4de0       _Cdnu3                     004f5de0 f   dnu.obj
 0001:000e4eef       _CdnuMany                  004f5eef f   dnu.obj
 0001:000e510c       _doesNotUnderstand         004f610c f   dnu.obj
 0001:000e5175       _CcantReturn               004f6175 f   dnu.obj
 0001:000e541d       _CrtCannotResume           004f641d f   dnu.obj
 0001:000e5640       _histSendTrace             004f6640 f   hist.obj
 0001:000e5831       _CrtTraceLinkedSend        004f6831 f   hist.obj
 0001:000e584b       _CrtTraceOpenPIC           004f684b f   hist.obj
 0001:000e5870       _nilContexts               004f6870 f   nlreturn.obj
 0001:000e5edd       _CrtMethodReturn           004f6edd f   nlreturn.obj
 0001:000e72e0       _handleStackOverflow       004f82e0 f   nsupport.obj
 0001:000e739d       _CrtAbortPrimFail          004f839d f   nsupport.obj
 0001:000e76ad       _CrtAbortSend              004f86ad f   nsupport.obj
 0001:000e79a5       _CrtEndLoop                004f89a5 f   nsupport.obj
 0001:000e7b7c       _CrtCarefulCallPrim        004f8b7c f   nsupport.obj
 0001:000e8667       _CLoadThisContext          004f9667 f   nsupport.obj
 0001:000e8919       _CrtCheckStore             004f9919 f   nsupport.obj
 0001:000e8d26       _CrtCheckStoreFrameless    004f9d26 f   nsupport.obj
 0001:000e8ff6       _CrtMakeCopyingBlock       004f9ff6 f   nsupport.obj
 0001:000e9ddf       _CrtMakeCopyingBlock1      004faddf f   nsupport.obj
 0001:000ea4e6       _CrtMakeFullBlock          004fb4e6 f   nsupport.obj
 0001:000ead96       _CrtMakeFullCopyingBlock   004fbd96 f   nsupport.obj
 0001:000ebe99       _CrtConsArray              004fce99 f   nsupport.obj
 0001:000ec53d       _CrtCreateArray            004fd53d f   nsupport.obj
 0001:000ec9c7       _CrtNotBoolean             004fd9c7 f   nsupport.obj
 0001:000ece83       _CrtNotBooleanTrue         004fde83 f   nsupport.obj
 0001:000ecea1       _CrtNotBooleanFalse        004fdea1 f   nsupport.obj
 0001:000ecebf       _CrtAttemptToAssign        004fdebf f   nsupport.obj
 0001:000ed460       _CrtCheckObjOk             004fe460 f   nsupport.obj
 0001:000ed510       _CrtBadBytecode            004fe510 f   nsupport.obj
 0001:000ed8d0       _buildSendWithArgs         004fe8d0 f   primSends.obj
 0001:000edc8b       _buildActivationOfSendWithArgs 004fec8b f   primSends.obj
 0001:000ee177       _initEvaluationPrimitives  004ff177 f   primSends.obj
 0001:000f0790       _CunlinkedSend             00501790 f   send.obj
 0001:000f0aeb       _CunlinkedSendNonImmediate 00501aeb f   send.obj
 0001:000f0dd7       _CunlinkedSendNoCheck      00501dd7 f   send.obj
 0001:000f1132       _CunlinkedSendSuper        00502132 f   send.obj
 0001:000f142b       _handleTranFailure         0050242b f   send.obj
 0001:000f17de       _outputMeasurements        005027de f   send.obj
 0001:000f17e3       _relinkSend                005027e3 f   send.obj
 0001:000f1c3f       _CrtAbortSendMiss          00502c3f f   send.obj
 0001:000f1cc0       _anyAsyncRequests          00502cc0 f   services.obj
 0001:000f1d17       _isRequested               00502d17 f   services.obj
 0001:000f1d5a       _clearRequest              00502d5a f   services.obj
 0001:000f1d96       _setRequest                00502d96 f   services.obj
 0001:000f1e2b       _handleAsyncRequests       00502e2b f   services.obj
 0001:000f1f6f       _handleRequests            00502f6f f   services.obj
 0001:000f200f       _asyncSetRequest           0050300f f   services.obj
 0001:000f2030       _frameMakeHybrid           00503030 f   stackframe.obj
 0001:000f2980       _stackReify                00503980 f   stackframe.obj
 0001:000f2b32       _stackStabilize            00503b32 f   stackframe.obj
 0001:000f308d       _relocateDownTo            0050408d f   stackframe.obj
 0001:000f38b6       _checkStacks               005048b6 f   stackframe.obj
 0001:000f3981       _frameEnsureStack          00504981 f   stackframe.obj
 0001:000f4c77       _stabilizeThisContext      00505c77 f   stackframe.obj
 0001:000f56f9       _stabilizeContextsWithMethod 005066f9 f   stackframe.obj
 0001:000f58f3       _mustAddNMethod            005068f3 f   stackframe.obj
 0001:000f5962       _mustMapVToNPC             00506962 f   stackframe.obj
 0001:000f5b12       _stableToHybrid            00506b12 f   stackframe.obj
 0001:000f6847       _CrootReturn               00507847 f   stackframe.obj
 0001:000f6b3a       _resumeContext             00507b3a f   stackframe.obj
 0001:000f6fd3       _suspendTopContext         00507fd3 f   stackframe.obj
 0001:000f7080       _initStacks                00508080 f   stackzone.obj
 0001:000f73c6       _stackAlloc                005083c6 f   stackzone.obj
 0001:000f75a5       _stabilizeAllStacks        005085a5 f   stackzone.obj
 0001:000f7625       _stabilizeMostStacks       00508625 f   stackzone.obj
 0001:000f76a6       _reifyAllStacks            005086a6 f   stackzone.obj
 0001:000f7857       _stackAtHead               00508857 f   stackzone.obj
 0001:000f7973       _promoteStack              00508973 f   stackzone.obj
 0001:000f7a36       _stackDeAlloc              00508a36 f   stackzone.obj
 0001:000f7b40       _scavengeStacks            00508b40 f   vmsupport.obj
 0001:000f8139       _stackEnumerateOopsForGC   00509139 f   vmsupport.obj
 0001:000f8367       _stackEnumerateRefsForGC   00509367 f   vmsupport.obj
 0001:000f857a       _enumerateFramesAndReturns 0050957a f   vmsupport.obj
 0001:000f8755       _commitPrimitive           00509755 f   vmsupport.obj
 0001:000f8d40       _commitPrimitiveAndHandleRequests 00509d40 f   vmsupport.obj
 0001:000f8d62       _commitPrimitiveWithRestart 00509d62 f   vmsupport.obj
 0001:000f8ea2       _convertRestartToReturn    00509ea2 f   vmsupport.obj
 0001:000f9099       _asynchReCommitOrFailPrimitive 0050a099 f   vmsupport.obj
 0001:000f9990       _topOfStack                0050a990 f   vmsupport.obj
 0001:000fa19f       _flushNMethods             0050b19f f   vmsupport.obj
 0001:000fa339       _failPrimitive             0050b339 f   vmsupport.obj
 0001:000faa10       _reInitNMethods            0050ba10 f   nmalloc.obj
 0001:000faa71       _initNMethodAlloc          0050ba71 f   nmalloc.obj
 0001:000fabdd       _scratchNmzBounds          0050bbdd f   nmalloc.obj
 0001:000fac29       _nMethodPermAlloc          0050bc29 f   nmalloc.obj
 0001:000fad14       _nMethodAlloc              0050bd14 f   nmalloc.obj
 0001:000fb134       _nMethodDealloc            0050c134 f   nmalloc.obj
 0001:000fb1f8       _nMethodShorten            0050c1f8 f   nmalloc.obj
 0001:000fb36f       _nMethodAllocScratch       0050c36f f   nmalloc.obj
 0001:000fb3a9       _nMethodAddToList          0050c3a9 f   nmalloc.obj
 0001:000fb43a       _nMethodSelectFromList     0050c43a f   nmalloc.obj
 0001:000fb49d       _nMethodListOK             0050c49d f   nmalloc.obj
 0001:000fb50c       _aoBoundariesOk            0050c50c f   nmalloc.obj
 0001:000fb516       _allNMethodsOK             0050c516 f   nmalloc.obj
 0001:000fb538       _compactNMethods           0050c538 f   nmalloc.obj
 0001:000fb565       _compactAllNMethods        0050c565 f   nmalloc.obj
 0001:000fb66e       _printNMZone               0050c66e f   nmalloc.obj
 0001:000fb7c4       _printNMethodsForVMethod   0050c7c4 f   nmalloc.obj
 0001:000fb87e       _isNMethod                 0050c87e f   nmalloc.obj
 0001:000fb9c4       _nMethodForPC              0050c9c4 f   nmalloc.obj
 0001:000fbadc       _nMethodForPCVal           0050cadc f   nmalloc.obj
 0001:000fbaed       _dbPrintNMethod            0050caed f   nmalloc.obj
 0001:000fbb09       _printNMethod              0050cb09 f   nmalloc.obj
 0001:000fbfbf       _printNM                   0050cfbf f   nmalloc.obj
 0001:000fbfdb       _printNMAtPC               0050cfdb f   nmalloc.obj
 0001:000fc000       _printUnlinkedNMethods     0050d000 f   nmalloc.obj
 0001:000fc150       _nmUpdateNewRefs           0050d150 f   nmcompact.obj
 0001:000fc18e       _invalidateNMethods        0050d18e f   nmcompact.obj
 0001:000fc2b3       _invalidatePostFreeNMethods 0050d2b3 f   nmcompact.obj
 0001:000fc45f       _nMethodOnNewList          0050d45f f   nmcompact.obj
 0001:000fc49e       _nMethodsOK                0050d49e f   nmcompact.obj
 0001:000fc6da       _nmCompact                 0050d6da f   nmcompact.obj
 0001:000fca3f       _markNMethodsWithMarkedObjs 0050da3f f   nmcompact.obj
 0001:000fcc0f       _markNMethodsAsNotReferringTo 0050dc0f f   nmcompact.obj
 0001:000fcda9       _unlinkAndFreeUnmarkedNMethods 0050dda9 f   nmcompact.obj
 0001:000fcf89       _listNMethod               0050df89 f   nmcompact.obj
 0001:000fd940       _clearNTable               0050e940 f   nmlookup.obj
 0001:000fd9ab       _vToNMethod                0050e9ab f   nmlookup.obj
 0001:000fdd40       _nMethodIsInTables         0050ed40 f   nmlookup.obj
 0001:000fdfa2       _blockVToNMethod           0050efa2 f   nmlookup.obj
 0001:000fdfe6       _addNMethod                0050efe6 f   nmlookup.obj
 0001:000fe0cf       _findNMethodLinkBefore     0050f0cf f   nmlookup.obj
 0001:000fe11f       _findMethod                0050f11f f   nmlookup.obj
 0001:000fe7f9       _findMethodForOpenPIC      0050f7f9 f   nmlookup.obj
 0001:000ff252       _initMCache                00510252 f   nmlookup.obj
 0001:000ff2a4       _clearMCache               005102a4 f   nmlookup.obj
 0001:000ff37f       _mCacheOK                  0051037f f   nmlookup.obj
 0001:000ff3ea       _nmFlushLookupCache        005103ea f   nmlookup.obj
 0001:000ff427       _nmFlushLookupEntriesForSelector 00510427 f   nmlookup.obj
 0001:000ff586       _nmFlushCachedCodeForMethod 00510586 f   nmlookup.obj
 0001:000ff741       _basicAccessClass          00510741 f   nmlookup.obj
 0001:000ffb6e       _getPrimitiveNumber        00510b6e f   nmlookup.obj
 0001:000ffc6b       _nmUpdateNewRefsFromMCache 00510c6b f   nmlookup.obj
 0001:000ffdcd       _printNTable               00510dcd f   nmlookup.obj
 0001:000ffdf8       _printBlockNTable          00510df8 f   nmlookup.obj
 0001:000ffedb       _printMCache               00510edb f   nmlookup.obj
 0001:000fffd0       _printMethodName           00510fd0 f   nmlookup.obj
 0001:00100475       _printMethod               00511475 f   nmlookup.obj
 0001:00100490       _actionInit                00511490 f   taction.obj
 0001:00100510       _actionReset               00511510 f   taction.obj
 0001:0010054c       _addAction                 0051154c f   taction.obj
 0001:00100884       _loopBegin                 00511884 f   taction.obj
 0001:0010090b       _loopEnd                   0051190b f   taction.obj
 0001:00100968       _optReFix                  00511968 f   taction.obj
 0001:00100a9a       _printAction               00511a9a f   taction.obj
 0001:00100b69       _printActionList           00511b69 f   taction.obj
 0001:00100b97       _printOptStatus            00511b97 f   taction.obj
 0001:00100c90       _initFirstTime             00511c90 f   taux.obj
 0001:00100d87       _initTemps                 00511d87 f   taux.obj
 0001:00101542       _tPushArgs                 00512542 f   taux.obj
 0001:001015a9       _tFinishMethod             005125a9 f   taux.obj
 0001:001021e6       _saveSelectorInNMethod     005131e6 f   taux.obj
 0001:001023ae       _restoreSelectorFromNMethod 005133ae f   taux.obj
 0001:00102d50       _cgenPutB                  00513d50 f   tcgencode.obj
 0001:00102d69       _cgenPutW                  00513d69 f   tcgencode.obj
 0001:00102d84       _cgenPutL                  00513d84 f   tcgencode.obj
 0001:00102d9d       _cNopGenTo                 00513d9d f   tcgencode.obj
 0001:00102ef2       _cgenDiv                   00513ef2 f   tcgencode.obj
 0001:001031de       _cgenByteRN                005141de f   tcgencode.obj
 0001:00103493       _cgenByteRXn               00514493 f   tcgencode.obj
 0001:0010368b       _is686OrHigher             0051468b f   tcgencode.obj
 0001:001036ec       _tcInlineIFlush            005146ec f   tcgencode.obj
 0001:0010379f       _initClearICache           0051479f f   tcgencode.obj
 0001:001038f2       _alignForCall              005148f2 f   tcgencode.obj
 0001:00103942       _tFJumpCond                00514942 f   tcgencode.obj
 0001:00103a30       _initBxpNotBoolean         00514a30 f   tcodes.obj
 0001:00103bbe       _isCalleeNotBooleanRt      00514bbe f   tcodes.obj
 0001:00103c1d       _tDup                      00514c1d f   tcodes.obj
 0001:00103cff       _tJmp                      00514cff f   tcodes.obj
 0001:00103f4d       _tLoopHead                 00514f4d f   tcodes.obj
 0001:00103fa2       _tJmpBack                  00514fa2 f   tcodes.obj
 0001:00104561       _tBxp                      00515561 f   tcodes.obj
 0001:001049e3       _tCopyingBlock             005159e3 f   tcodes.obj
 0001:00104b06       _tFullBlock                00515b06 f   tcodes.obj
 0001:00104bb3       _tFullCopyingBlock         00515bb3 f   tcodes.obj
 0001:00104c93       _tConsArray                00515c93 f   tcodes.obj
 0001:00104dbd       _tCreateArray              00515dbd f   tcodes.obj
 0001:00104edc       _tCopyValues               00515edc f   tcodes.obj
 0001:00105030       _initNMethods              00516030 f   tinit.obj
 0001:0010521b       _initTranAfter             0051621b f   tinit.obj
 0001:00105256       _initSendTypeTable         00516256 f   tinit.obj
 0001:001052d0       _tMainLoop                 005162d0 f   tloop.obj
 0001:00108140       _initStoreInst             00519140 f   tloadstore.obj
 0001:001085ce       _tLoadInst                 005195ce f   tloadstore.obj
 0001:00108809       _tStoreInst                00519809 f   tloadstore.obj
 0001:001091e4       _tLoadLocalIndirect        0051a1e4 f   tloadstore.obj
 0001:001093df       _tStoreLocalIndirect       0051a3df f   tloadstore.obj
 0001:00109412       _tStoreCheck               0051a412 f   tloadstore.obj
 0001:0010a300       _nmTranslate               0051b300 f   tmain.obj
 0001:0010ab8a       _tGenerate                 0051bb8a f   tmain.obj
 0001:0010b006       _tGenerate1                0051c006 f   tmain.obj
 0001:0010b078       _unpackVMethod             0051c078 f   tmain.obj
 0001:0010b57f       _mapNToVPC                 0051c57f f   tmain.obj
 0001:0010b754       _mapVToNPC                 0051c754 f   tmain.obj
 0001:0010b7e3       _TAbortFunc                0051c7e3 f   tmain.obj
 0001:0010b887       _vMethodMaxInstVar         0051c887 f   tmain.obj
 0001:0010bd64       _printCode                 0051cd64 f   tmain.obj
 0001:0010be87       _printEntireNMethod        0051ce87 f   tmain.obj
 0001:0010c143       _fprintNCode               0051d143 f   tmain.obj
 0001:0010c8d8       _regProc                   0051d8d8 f   tmain.obj
 0001:0010ca00       _nmGetXNumArgs             0051da00 f   tmaprt.obj
 0001:0010ca2b       _nmGetXNumTemps            0051da2b f   tmaprt.obj
 0001:0010ca56       _nmGetXFrameSize           0051da56 f   tmaprt.obj
 0001:0010ca81       _nMethodUnlink             0051da81 f   tmaprt.obj
 0001:0010ccaa       _CrtAbortRelinkSendToUnlinked 0051dcaa f   tmaprt.obj
 0001:0010d167       _mapDataForNpc             0051e167 f   tmaprt.obj
 0001:0010d3d6       _nmInvalidateLinks         0051e3d6 f   tmaprt.obj
 0001:0010d637       _nmInvalidateLinksTo       0051e637 f   tmaprt.obj
 0001:0010d8a0       _nmInvalidateLinksToFree   0051e8a0 f   tmaprt.obj
 0001:0010db13       _nmInvalidateLinksToUnmarked 0051eb13 f   tmaprt.obj
 0001:0010ddfb       _nMethodRelocateLinks      0051edfb f   tmaprt.obj
 0001:0010e109       _smashInlineCache          0051f109 f   tmaprt.obj
 0001:0010e1d7       _smashInlineCall           0051f1d7 f   tmaprt.obj
 0001:0010e24a       _updateInlineCache         0051f24a f   tmaprt.obj
 0001:0010e2c4       _updateInlineCacheToPIC    0051f2c4 f   tmaprt.obj
 0001:0010e351       _nmUpdateNewLiterals       0051f351 f   tmaprt.obj
 0001:0010e700       _nMethodRefersTo           0051f700 f   tmaprt.obj
 0001:0010e9c6       _nMethodRefersToMustScanNMethod 0051f9c6 f   tmaprt.obj
[...]
 0001:00046e27       _rgbSubwith                00457e27 f   exBitBlt.obj
 0001:00046eaa       _setWordwith               00457eaa f   exBitBlt.obj
 0001:0004777e       _sourceWordwith            0045877e f   exBitBlt.obj
 0001:00047786       _srcLongAt                 00458786 f   exBitBlt.obj
 0001:000477e3       _subWordwith               004587e3 f   exBitBlt.obj
 0001:000477ee       _tileArrayCopyBitsstridewidthxysourcestridewidthxywidthheigthrule 004587ee f   exBitBlt.obj
 0001:00047834       _unlockSurfaces            00458834 f   exBitBlt.obj
 0001:00047990       _warpLoopSmoothing         00458990 f   exBitBlt.obj
 0001:00048801       _deltaFromtonSteps         00459801 f   exBitBlt.obj
 0001:00048850       _fetchIntOrFloatofObject   00459850 f   exBitBlt.obj
 0001:00048988       _mapDestPixel              00459988 f   exBitBlt.obj
 0001:000489ee       _warpPickSmoothPixelsxDeltahyDeltahxDeltavyDeltavsmoothingdstShiftInc 004599ee f   exBitBlt.obj
 0001:0003e9b3       _thunkArgumentsFar         0044f9b3 f   ntcbk16.obj
 0001:0003d416       _processException          0044e416 f   ntcallc.obj
 0001:0003a276       _thunkProcess              0044b276 f   ntcallbk.obj
 0001:0003a9f1       _thunkArguments            0044b9f1 f   ntcallbk.obj
 0001:000378fa       _invokeCOMMethod           004488fa f   ntcom.obj
 0001:000357f1       _pollEvents                004467f1 f   ntwin.obj
 0001:00035311       _pdReInitTime              00446311 f   nttime.obj
 0001:00030f12       _primNewPrinter            00441f12 f   ntprint.obj
 0001:000312be       _bInitCoordinateSystem     004422be f   ntprint.obj
 0001:00031357       _primBeginPrintJob         00442357 f   ntprint.obj
 0001:00031478       _primSendToPrinter         00442478 f   ntprint.obj
 0001:00031549       _primClosePrinter          00442549 f   ntprint.obj
 0001:0003161c       _primNewPage               0044261c f   ntprint.obj
 0001:00031700       _primListPrinterFonts      00442700 f   ntprint.obj
 0001:000317ec       _primCreatePrinterFont     004427ec f   ntprint.obj
 0001:00031edc       _primPrintImage            00442edc f   ntprint.obj
 0001:00031f23       _bSTImageToDC              00442f23 f   ntprint.obj
 0001:00032751       _primPrintMonoImage        00443751 f   ntprint.obj
 0001:00032862       _primColorPrinterDepthAndBitsPerPixel 00443862 f   ntprint.obj
 0001:000329f3       _primCoveragePrinterDepthAndBitsPerPixel 004439f3 f   ntprint.obj
 0001:00032b2c       _primGetPrinterDimensions  00443b2c f   ntprint.obj
 0001:00033a00       _primPrinterName           00444a00 f   ntprint.obj
 0001:00033b03       _primChangePrinterExtent   00444b03 f   ntprint.obj
 0001:00033c78       _primSetLandscape          00444c78 f   ntprint.obj
 0001:00033dea       _primPrinterEscape         00444dea f   ntprint.obj
 0001:00033f05       _primStartPage             00444f05 f   ntprint.obj
 0001:00033fe9       _primEndPage               00444fe9 f   ntprint.obj
 0001:000340a7       _primSendJobToPrinter      004450a7 f   ntprint.obj
 0001:0002bfd4       _outputWSALastError        0043cfd4 f   ntsock.obj
 0001:0002c247       _sockWSAEvent              0043d247 f   ntsock.obj
 0001:0002c375       _sockSignalSemaphore       0043d375 f   ntsock.obj
 0001:0002c44d       _sockCleanup               0043d44d f   ntsock.obj
 0001:0002c685       _sockInit                  0043d685 f   ntsock.obj
 0001:0002c88d       _setSem                    0043d88d f   ntsock.obj
 0001:0002cb46       _sockOpen                  0043db46 f   ntsock.obj
 0001:0002d000       _sockAccept                0043e000 f   ntsock.obj
 0001:0002dd3b       _sockBind                  0043ed3b f   ntsock.obj
 0001:0002ded5       _sockListen                0043eed5 f   ntsock.obj
 0001:0002e018       _sockConnect               0043f018 f   ntsock.obj
 0001:0002e151       _sockRecvfrom              0043f151 f   ntsock.obj
 0001:0002e4d5       _sockSendto                0043f4d5 f   ntsock.obj
 0001:0002e810       _sockShutdown              0043f810 f   ntsock.obj
 0001:0002e941       _sockSetOptions            0043f941 f   ntsock.obj
 0001:0002eb8b       _sockGetOptions            0043fb8b f   ntsock.obj
 0001:0002ef68       _sockGetName               0043ff68 f   ntsock.obj
 0001:0002f28b       _sockGetPeer               0044028b f   ntsock.obj
 0001:0002f6d6       _sockAtMark                004406d6 f   ntsock.obj
 0001:0002f808       _getIPHostNum              00440808 f   ntsock.obj
 0001:0002fb9e       _getIPProtoNum             00440b9e f   ntsock.obj
 0001:0002fca1       _getIPServNum              00440ca1 f   ntsock.obj
 0001:0002ffbb       _getIPHostNam              00440fbb f   ntsock.obj
 0001:000301ca       _getIPProtoNam             004411ca f   ntsock.obj
 0001:000302ed       _getIPServNam              004412ed f   ntsock.obj
 0001:00030446       _primGetHostname           00441446 f   ntsock.obj
 0001:00030569       _sockClose                 00441569 f   ntsock.obj
 0001:0003069f       _loadSocketLibrary         0044169f f   ntsock.obj
 0001:000306a9       _bCreateSocketWindow       004416a9 f   ntsock.obj
 0001:0002a3a7       _fileOpen                  0043b3a7 f   ntfio.obj
 0001:0002a969       _fileClose                 0043b969 f   ntfio.obj
 0001:0002aa9e       _fileRead                  0043ba9e f   ntfio.obj
 0001:0002acbd       _fileWrite                 0043bcbd f   ntfio.obj
 0001:0002aedc       _fileSeek                  0043bedc f   ntfio.obj
 0001:0002b130       _fileTruncate              0043c130 f   ntfio.obj
 0001:0002b2d1       _ioaCommit                 0043c2d1 f   ntfio.obj
 0001:0002b3fc       _fileSize                  0043c3fc f   ntfio.obj
 0001:0002b630       _lockOrUnlock              0043c630 f   ntfio.obj
 0001:0002b8bf       _outstanding               0043c8bf f   ntfio.obj
 0001:0002b9cc       _bufferSize                0043c9cc f   ntfio.obj
 0001:0002ba3e       _primGetDescriptor         0043ca3e f   ntfio.obj
 0001:0002bb5b       _primGetStdHandle          0043cb5b f   ntfio.obj
 0001:00024704       _bFileSize                 00435704 f   ntfile.obj
 0001:00024944       _getDates                  00435944 f   ntfile.obj
 0001:00024d45       _listDir                   00435d45 f   ntfile.obj
 0001:000259f3       _invalidDrive              004369f3 f   ntfile.obj
 0001:00025a57       _deleteFile                00436a57 f   ntfile.obj
 0001:00025b45       _isDirectory               00436b45 f   ntfile.obj
 0001:00025c24       _renameFile                00436c24 f   ntfile.obj
 0001:00025d2d       _makeDir                   00436d2d f   ntfile.obj
 0001:00025df4       _defaultDir                00436df4 f   ntfile.obj
 0001:00025ec5       _primFileSize              00436ec5 f   ntfile.obj
 0001:00026009       _isWritable                00437009 f   ntfile.obj
 0001:00026154       _setWritable               00437154 f   ntfile.obj
 0001:000262bd       _fileExists                004372bd f   ntfile.obj
 0001:00026346       _getVolumeStrings          00437346 f   ntfile.obj
 0001:00026b0b       _fileSystem                00437b0b f   ntfile.obj
 0001:00026d83       _fileSystemAttributes      00437d83 f   ntfile.obj
 0001:00029031       _primPrintPostScriptFile   0043a031 f   ntfile.obj
 0001:00029172       _primPrintTextFile         0043a172 f   ntfile.obj
 0001:000292ba       _primEnvironment           0043a2ba f   ntfile.obj
 0001:00029884       _commandLineArguments      0043a884 f   ntfile.obj
 0001:00029e2b       _primProcessId             0043ae2b f   ntfile.obj
 0001:00029eaf       _IOinform                  0043aeaf f   ntfile.obj
 0001:0002a0d9       _primGetLocale             0043b0d9 f   ntfile.obj
 0001:000241e6       _imeSetSpot                004351e6 f   ntnls.obj
 0001:00024291       _hAllocIME                 00435291 f   ntnls.obj
 0001:000242b6       _imeSetRoot                004352b6 f   ntnls.obj
 0001:00024352       _imeSetArea                00435352 f   ntnls.obj
 0001:0002438e       _imeSetFont                0043538e f   ntnls.obj
 0001:0002439b       _initIMEFuncs              0043539b f   ntnls.obj
 0001:00022c4b       _realOeMain                00433c4b f   ntmain.obj
 0001:00022d2e       _getWinPlatformId          00433d2e f   ntmain.obj
 0001:00022d7d       _initProgramOptions        00433d7d f   ntmain.obj
 0001:00022dff       _initFloatingPoint         00433dff f   ntmain.obj
 0001:00022e14       _exceptionHandler          00433e14 f   ntmain.obj
 0001:00022ec4       _innerOeMain               00433ec4 f   ntmain.obj
 0001:00023221       _verifyCurrentDirectory    00434221 f   ntmain.obj
 0001:0002342e       _parseCommandLine          0043442e f   ntmain.obj
 0001:00023606       _bRegisterWinClasses       00434606 f   ntmain.obj
 0001:00023681       _bRegisterPopupWinClass    00434681 f   ntmain.obj
 0001:000236df       _bRegisterDialogWinClass   004346df f   ntmain.obj
 0001:0002373d       _bRegisterNormalWinClass   0043473d f   ntmain.obj
 0001:0002379b       _bRegisterFullScreenHiddenWinClass 0043479b f   ntmain.obj
 0001:00023890       _HiddenWndProc@16          00434890 f   ntmain.obj
 0001:000238c5       _bRegisterHiddenSocketWinClass 004348c5 f   ntmain.obj
 0001:00023923       _MonitorSizeCallback@16    00434923 f   ntmain.obj
 0001:0002222e       _InsertIOBlock             0043322e f   ntioblok.obj
 0001:00022303       _isOnList                  00433303 f   ntioblok.obj
 0001:00022377       _bInitIOSem                00433377 f   ntioblok.obj
 0001:000214f4       _primDisplayImage          004324f4 f   ntimage.obj
 0001:0002174f       _hbmCreateImage            0043274f f   ntimage.obj
 0001:00021d4f       _primDisplayMonoImage      00432d4f f   ntimage.obj
 0001:000212b4       _callIs686OrHigher         004322b4 f   nticache.obj
 0001:0001fb1b       _heraldWndProc@16          00430b1b f   ntherald.obj
 0001:00020117       _ReadResourceBitmap        00431117 f   ntherald.obj
 0001:000201e2       _ReadBitmapFromFile        004311e2 f   ntherald.obj
 0001:000204e4       _MakeDIBPalette            004314e4 f   ntherald.obj
 0001:0001f90e       _primDeviceColormap        0043090e f   ntgraph.obj
 0001:00019361       _extractPort               0042a361 f   ntgc.obj
 0001:00019fed       _primDisplayLine           0042afed f   ntgc.obj
 0001:0001a5ea       _primDisplayPolyLine       0042b5ea f   ntgc.obj
 0001:0001a7e2       _primDisplayPolygon        0042b7e2 f   ntgc.obj
 0001:0001a9d6       _primDisplayRectangle      0042b9d6 f   ntgc.obj
 0001:0001ac18       _primDisplayRectangularBorder 0042bc18 f   ntgc.obj
 0001:0001b02f       _primDisplayArc            0042c02f f   ntgc.obj
 0001:0001ba84       _calcArcPoint              0042ca84 f   ntgc.obj
 0001:0001bb34       _primDisplayWedge          0042cb34 f   ntgc.obj
 0001:0001c368       _primDisplayMask           0042d368 f   ntgc.obj
 0001:0001c648       _primCopyRectangularArea   0042d648 f   ntgc.obj
 0001:0001cdaf       _primCopyMaskedArea        0042ddaf f   ntgc.obj
 0001:0001d733       _primIdentifierString      0042e733 f   ntgc.obj
 0001:00015fa2       _iWinEnumFonts             00426fa2 f   ntfont.obj
 0001:00016202       _appendFontToInfo          00427202 f   ntfont.obj
 0001:000162e2       _collectFontFacesCallback@16 004272e2 f   ntfont.obj
 0001:000163e6       _printFontSizeCallback@16  004273e6 f   ntfont.obj
 0001:000166f1       _primDisplayMappedString   004276f1 f   ntfont.obj
 0001:00016bb1       _primDisplayWideChars      00427bb1 f   ntfont.obj
 0001:00016fa2       _primDisplayCharacter      00427fa2 f   ntfont.obj
 0001:000170d8       _primOpenFontOnly          004280d8 f   ntfont.obj
 0001:0001779f       _primGetFontWidths         0042879f f   ntfont.obj
 0001:000180b9       _primUnLoadFont            004290b9 f   ntfont.obj
 0001:00018191       _primListFonts             00429191 f   ntfont.obj
 0001:000154ff       _getCursorPositions        004264ff f   ntevent.obj
 0001:00015561       _updateMetaState           00426561 f   ntevent.obj
 0001:000156a2       _EnumAllMenus@8            004266a2 f   ntevent.obj
 0001:00013116       _nameOfError               00424116 f   ntecode.obj
 0001:0001323a       _cmpei                     0042423a f   ntecode.obj
 0001:00013249       _getErrMsg                 00424249 f   ntecode.obj
 0001:00013355       _errorCodesAreSorted       00424355 f   ntecode.obj
 0001:0001289b       _primLoadLibrary           0042389b f   ntdynld.obj
 0001:00012bee       _primUnloadLibrary         00423bee f   ntdynld.obj
 0001:00012db3       _primMapExternalName       00423db3 f   ntdynld.obj
 0001:000120d2       _createCursorResource      004230d2 f   ntcurs.obj
 0001:00012335       _enableHostCursors         00423335 f   ntcurs.obj
 0001:00012353       _showCursorResource        00423353 f   ntcurs.obj
 0001:000123e7       _loadSystemCursorFor       004233e7 f   ntcurs.obj
 0001:00012464       _freeCursorResource        00423464 f   ntcurs.obj
 0001:0000bb5a       _undoModality              0041cb5a f   ntcanvas.obj
 0001:0000bbf5       _dwGetWindowProcessId      0041cbf5 f   ntcanvas.obj
 0001:0000bec3       _primDestroyWindow         0041cec3 f   ntcanvas.obj
 0001:0000bf99       _getDrawableAndGC          0041cf99 f   ntcanvas.obj
 0001:0000c080       _primSetMinMaxConstraints  0041d080 f   ntcanvas.obj
 0001:0000c1a0       _hwndOfWindowOop           0041d1a0 f   ntcanvas.obj
 0001:0000c267       _primStoreLabels           0041d267 f   ntcanvas.obj
 0001:0000c2ee       _primGetDimensions         0041d2ee f   ntcanvas.obj
 0001:0000cb91       _primXMoveResizeWindow     0041db91 f   ntcanvas.obj
 0001:0000cd6a       _primXRaiseWindow          0041dd6a f   ntcanvas.obj
 0001:0000ce38       _primXLowerWindow          0041de38 f   ntcanvas.obj
 0001:0000cf08       _primCollapseWindow        0041df08 f   ntcanvas.obj
 0001:0000cf58       _primExpandWindow          0041df58 f   ntcanvas.obj
 0001:0000cfc0       _primCreateWindowOnScreen  0041dfc0 f   ntcanvas.obj
 0001:0000d5cf       _hwndCreate                0041e5cf f   ntcanvas.obj
 0001:0000dac8       _primWindowActivate        0041eac8 f   ntcanvas.obj
 0001:0000db64       _primSetIcon               0041eb64 f   ntcanvas.obj
 0001:0000dcb3       _createAndSetIcon          0041ecb3 f   ntcanvas.obj
 0001:0000ddc6       _primSetTransparentIcon    0041edc6 f   ntcanvas.obj
 0001:0000df7e       _primWinFlush              0041ef7e f   ntcanvas.obj
 0001:0000df8c       _primGetScreenDimensions   0041ef8c f   ntcanvas.obj
 0001:0000e2b6       _MonitorSizeCallback@16    0041f2b6 f   ntcanvas.obj
 0001:0000e762       _primWindowUnmap           0041f762 f   ntcanvas.obj
 0001:0000e7be       _primNewPixmap             0041f7be f   ntcanvas.obj
 0001:0000eb2b       _primNewMask               0041fb2b f   ntcanvas.obj
 0001:0000eef6       _primDestroyPixmap         0041fef6 f   ntcanvas.obj
 0001:0000ef5b       _primPixmapFromClipboard   0041ff5b f   ntcanvas.obj
 0001:0000f84e       _primPixmapToClipboard     0042084e f   ntcanvas.obj
 0001:0000fa46       _primWindowBackground      00420a46 f   ntcanvas.obj
 0001:0000fbe4       _primQueryStackingOrder    00420be4 f   ntcanvas.obj
 0001:0000fd4f       _primPixmapMaskContentsInto 00420d4f f   ntcanvas.obj
 0001:0001042f       _getDrawableContentsInto   0042142f f   ntcanvas.obj
 0001:000108ea       _primWindowContentsInto    004218ea f   ntcanvas.obj
 0001:00011291       _primScreenContentsInto    00422291 f   ntcanvas.obj
 0001:00011bf4       _primColorScreenDepthAndBitsPerPixel 00422bf4 f   ntcanvas.obj
 0001:00011cdd       _primCoverageScreenDepthAndBitsPerPixel 00422cdd f   ntcanvas.obj
 0001:00011de6       _primWindowAtPoint         00422de6 f   ntcanvas.obj
 0001:00011e83       _primHostColors            00422e83 f   ntcanvas.obj
 0001:00011f9a       _primWindowHandle          00422f9a f   ntcanvas.obj
 0001:00007591       _primDragShape             00418591 f   ntanim.obj
 0001:00009279       _GetButtonState            0041a279 f   ntanim.obj
 0001:000092f2       _trackUser                 0041a2f2 f   ntanim.obj
 0001:0000937d       _calculateBounds           0041a37d f   ntanim.obj
 0001:000093f4       _getShape                  0041a3f4 f   ntanim.obj
 0001:000094a9       _displayShape              0041a4a9 f   ntanim.obj
 0001:00009582       _primResizeRectangle       0041a582 f   ntanim.obj
 0001:0000b726       _primDisplayShape          0041c726 f   ntanim.obj
 0001:0000b968       _createHiddenFullScreenWindow 0041c968 f   ntanim.obj
 0001:0000b9c8       _destroyHiddenFullScreenWindow 0041c9c8 f   ntanim.obj
 0001:0000b9ec       _processDummyEvents        0041c9ec f   ntanim.obj
 0001:00006c1a       _changePollTimerState      00417c1a f   ntalarm.obj
 0001:00006eac       _delayStateMachine@4       00417eac f   ntalarm.obj
 0001:00006ff4       _pollHeartbeat@4           00417ff4 f   ntalarm.obj
 0001:00007098       _killTimerThread           00418098 f   ntalarm.obj
 0001:00007282       _startProfileThread        00418282 f   ntalarm.obj
 0001:00007384       _profileHeartbeat@4        00418384 f   ntalarm.obj
 0001:0000745f       _changeProfileTimerState   0041845f f   ntalarm.obj
 0001:00000554       _cToSTint                  00411554 f   prUdummy.obj
 0001:000005f6       _cToSTfloat                004115f6 f   prUdummy.obj
 0001:00005cea       _cToSTdouble               00416cea f   prUdummy.obj
 0001:001388c8       _huft_build                005498c8 f   zlib:inftrees.obj
 0001:001346e6       _tr_static_init            005456e6 f   zlib:trees.obj
 0001:001346eb       _init_block                005456eb f   zlib:trees.obj
 0001:0013519e       _build_tree                0054619e f   zlib:trees.obj
 0001:0013553e       _pqdownheap                0054653e f   zlib:trees.obj
 0001:001356dd       _gen_bitlen                005466dd f   zlib:trees.obj
 0001:00135a10       _gen_codes                 00546a10 f   zlib:trees.obj
 0001:00135ad5       _build_bl_tree             00546ad5 f   zlib:trees.obj
 0001:00135b8c       _scan_tree                 00546b8c f   zlib:trees.obj
 0001:00135d29       _send_all_trees            00546d29 f   zlib:trees.obj
 0001:0013624c       _send_tree                 0054724c f   zlib:trees.obj
 0001:00136e52       _compress_block            00547e52 f   zlib:trees.obj
 0001:0013769a       _set_data_type             0054869a f   zlib:trees.obj
 0001:0013774c       _bi_reverse                0054874c f   zlib:trees.obj
 0001:0013778d       _bi_flush                  0054878d f   zlib:trees.obj
 0001:00137876       _bi_windup                 00548876 f   zlib:trees.obj
 0001:00137932       _copy_block                00548932 f   zlib:trees.obj
 0001:00131200       _putShortMSB               00542200 f   zlib:deflate.obj
 0001:00131250       _flush_pending             00542250 f   zlib:deflate.obj
 0001:00131672       _lm_init                   00542672 f   zlib:deflate.obj
 0001:00131760       _deflate_stored            00542760 f   zlib:deflate.obj
 0001:001319a0       _fill_window               005429a0 f   zlib:deflate.obj
 0001:00131bdb       _read_buf                  00542bdb f   zlib:deflate.obj
 0001:00131c73       _deflate_fast              00542c73 f   zlib:deflate.obj
 0001:001321ca       _longest_match             005431ca f   zlib:deflate.obj
 0001:001324f9       _deflate_slow              005434f9 f   zlib:deflate.obj
 0001:0012f327       _gz_open                   00540327 f   zlib:gzio.obj
 0001:0012f7aa       _check_header              005407aa f   zlib:gzio.obj
 0001:0012f9a2       _get_byte                  005409a2 f   zlib:gzio.obj
 0001:0012fa56       _destroy                   00540a56 f   zlib:gzio.obj
 0001:00130148       _do_flush                  00541148 f   zlib:gzio.obj
 0001:00130579       _getLong                   00541579 f   zlib:gzio.obj
 0001:00130676       _putLong                   00541676 f   zlib:gzio.obj
