 visual

 Timestamp is 42557c53 (Thu Apr 07 11:30:43 2005)

 Preferred load address is 00400000

 Start         Length     Name                   Class
 0001:00000000 000871a0H .text                   CODE
 0002:00000000 00000cdcH CODE                    CODE
 0003:00000000 00000538H .idata$5                DATA
 0003:00000538 0000af31H .rdata                  DATA
 0003:0000b46c 000000c8H .idata$2                DATA
 0003:0000b534 00000014H .idata$3                DATA
 0003:0000b548 00000538H .idata$4                DATA
 0003:0000ba80 00001238H .idata$6                DATA
 0003:0000ccb8 00000000H .edata                  DATA
 0004:00000000 00000004H .CRT$XCA                DATA
 0004:00000004 00000004H .CRT$XCZ                DATA
 0004:00000008 00000004H .CRT$XIA                DATA
 0004:0000000c 00000004H .CRT$XIZ                DATA
 0004:00000010 00002bdcH .data                   DATA
 0004:00002bf0 00004140H .bss                    DATA
 0005:00000000 0000002cH DATA                    DATA
 0006:00000000 000000a0H .rsrc$01                DATA
 0006:000000a0 00000300H .rsrc$02                DATA

  Address         Publics by Value              Rva+Base     Lib:Object

 0001:00000000       __ftext                    00401000 f   ntstart.obj
 0001:00000010       _UPfail                    00401010 f   prUdummy.obj
 0001:00000030       _oeFail                    00401030 f   prUdummy.obj
 0001:00000050       __UPaddPrimitive           00401050 f   prUdummy.obj
 0001:00000090       _UPstartLongPrimitive      00401090 f   prUdummy.obj
 0001:000000a0       _UPfinishLongPrimitive     004010a0 f   prUdummy.obj
 0001:000000b0       _UPnil                     004010b0 f   prUdummy.obj
 0001:000000c0       _UPSTtoCbool               004010c0 f   prUdummy.obj
 0001:00000140       _UPSTtoCint                00401140 f   prUdummy.obj
 0001:000001c0       _UPSTtoCchar               004011c0 f   prUdummy.obj
 0001:00000240       _UPSTtoCfloat              00401240 f   prUdummy.obj
 0001:000002e0       _UPCtoSTbool               004012e0 f   prUdummy.obj
 0001:00000300       _UPCtoSTint                00401300 f   prUdummy.obj
 0001:00000360       _UPCtoSTchar               00401360 f   prUdummy.obj
 0001:00000370       _UPCtoSTfloat              00401370 f   prUdummy.obj
 0001:00000420       _UPallocString             00401420 f   prUdummy.obj
 0001:00000520       _UPallocByteArray          00401520 f   prUdummy.obj
 0001:00000620       _UPallocArray              00401620 f   prUdummy.obj
 0001:000007e0       _UPcopySTtoCstring         004017e0 f   prUdummy.obj
 0001:000008f0       _UPcopySTtoCbytes          004018f0 f   prUdummy.obj
 0001:000009f0       _UPcopySTtoCintArray       004019f0 f   prUdummy.obj
 0001:00000b70       _UPcopySTtoCfloatArray     00401b70 f   prUdummy.obj
 0001:00000d20       _UPcopyCtoSTstring         00401d20 f   prUdummy.obj
 0001:00000e30       _UPcopyCtoSTbytes          00401e30 f   prUdummy.obj
 0001:00000f30       _UPcopyCtoSTintArray       00401f30 f   prUdummy.obj
 0001:000010a0       _UPcopyCtoSTfloatArray     004020a0 f   prUdummy.obj
 0001:000012c0       _UPinstVarSize             004022c0 f   prUdummy.obj
 0001:00001330       _UPindexVarSize            00402330 f   prUdummy.obj
 0001:00001420       _UPbasicAt                 00402420 f   prUdummy.obj
 0001:00001530       _UPinstVarAt               00402530 f   prUdummy.obj
 0001:00001620       _UPbyteAt                  00402620 f   prUdummy.obj
 0001:00001700       _UPintegerAt               00402700 f   prUdummy.obj
 0001:00001850       _UPfloatAt                 00402850 f   prUdummy.obj
 0001:000019b0       _UPdoubleAt                004029b0 f   prUdummy.obj
 0001:00001b30       _UPbasicAtPut              00402b30 f   prUdummy.obj
 0001:00001d10       _UPinstVarAtPut            00402d10 f   prUdummy.obj
 0001:00001ed0       _UPbyteAtPut               00402ed0 f   prUdummy.obj
 0001:00001fc0       _UPintegerAtPut            00402fc0 f   prUdummy.obj
 0001:00002170       _UPfloatAtPut              00403170 f   prUdummy.obj
 0001:00002340       _UPisCharacter             00403340 f   prUdummy.obj
 0001:00002360       _UPisInteger               00403360 f   prUdummy.obj
 0001:00002370       _UPisString                00403370 f   prUdummy.obj
 0001:00002400       _UPisByteArray             00403400 f   prUdummy.obj
 0001:00002490       _UPisArrayOfInteger        00403490 f   prUdummy.obj
 0001:00002580       _UPisArrayOfFloat          00403580 f   prUdummy.obj
 0001:00002690       _UPisBoolean               00403690 f   prUdummy.obj
 0001:00002700       _UPisFloat                 00403700 f   prUdummy.obj
 0001:00002790       _UPisByteLike              00403790 f   prUdummy.obj
 0001:00002800       _UPinstallErrorHandler     00403800 f   prUdummy.obj
 0001:00002820       _UPisImmediate             00403820 f   prUdummy.obj
 0001:00002830       _UPclass                   00403830 f   prUdummy.obj
 0001:000028a0       _UPSTtoCdouble             004038a0 f   prUdummy.obj
 0001:00002950       _UPCtoSTdouble             00403950 f   prUdummy.obj
 0001:00002a00       _UPisDouble                00403a00 f   prUdummy.obj
 0001:00002a80       _UPisKindOf                00403a80 f   prUdummy.obj
 0001:00002b40       _UPinstallPollHandler      00403b40 f   prUdummy.obj
 0001:00002b60       _UPsignalSemaphore         00403b60 f   prUdummy.obj
 0001:00002bd0       _UPpostInterrupt           00403bd0 f   prUdummy.obj
 0001:00002be0       _UPregisteredHandleAt      00403be0 f   prUdummy.obj
 0001:00002c30       _UPregisteredHandleAtPut   00403c30 f   prUdummy.obj
 0001:00002c70       _UPallocRegistrySlot       00403c70 f   prUdummy.obj
 0001:00002ca0       _UPallocFsObject           00403ca0 f   prUdummy.obj
 0001:00002d50       _UPallocVsObject           00403d50 f   prUdummy.obj
 0001:00002e20       _UPclassType               00403e20 f   prUdummy.obj
 0001:00002e80       _UPreturnHandle            00403e80 f   prUdummy.obj
 0001:00002ed0       _UPreturnNil               00403ed0 f   prUdummy.obj
 0001:00002ee0       _UPreturnTrue              00403ee0 f   prUdummy.obj
 0001:00002ef0       _UPreturnFalse             00403ef0 f   prUdummy.obj
 0001:00002f00       _UPmustBeByteLike          00403f00 f   prUdummy.obj
 0001:00002f20       _UPmustBeCharacter         00403f20 f   prUdummy.obj
 0001:00002f40       _UPmustBeInteger           00403f40 f   prUdummy.obj
 0001:00002f60       _UPmustBeString            00403f60 f   prUdummy.obj
 0001:00002f80       _UPmustBeByteArray         00403f80 f   prUdummy.obj
 0001:00002fa0       _UPmustBeArrayOfInteger    00403fa0 f   prUdummy.obj
 0001:00002fc0       _UPmustBeArrayOfFloat      00403fc0 f   prUdummy.obj
 0001:00002fe0       _UPmustBeBoolean           00403fe0 f   prUdummy.obj
 0001:00003000       _UPmustBeFloat             00404000 f   prUdummy.obj
 0001:00003020       _main                      00404020 f   prUdummy.obj
 0001:00003040       _CrtUPrimGlue0             00404040 f   prUdummy.obj
 0001:00003050       _CrtUPrimGlue1             00404050 f   prUdummy.obj
 0001:00003060       _CrtUPrimGlue2             00404060 f   prUdummy.obj
 0001:00003070       _CrtUPrimGlue3             00404070 f   prUdummy.obj
 0001:00003080       _CrtUPrimGlueMany          00404080 f   prUdummy.obj
 0001:00003090       _initUserPrimitives        00404090 f   prUdummy.obj
 0001:000030a0       _UPInitLinkRegistry        004040a0 f   prUdummy.obj
 0001:000030b0       _initUPprotocol            004040b0 f   prUdummy.obj
 0001:000030c0       _pdTerminateTimer          004040c0 f   ntalarm.obj
 0001:00003130       _pdSignalAtMicroseconds    00404130 f   ntalarm.obj
 0001:00003240       _startPollTimer            00404240 f   ntalarm.obj
 0001:000032c0       _stopPollTimer             004042c0 f   ntalarm.obj
 0001:000032f0       _pdBeginCritical           004042f0 f   ntalarm.obj
 0001:00003310       _pdEndCritical             00404310 f   ntalarm.obj
 0001:00003330       _pdResetCritical           00404330 f   ntalarm.obj
 0001:00003340       _pdInitTimers              00404340 f   ntalarm.obj
 0001:00003620       _pdExitTimers              00404620 f   ntalarm.obj
 0001:000036b0       _platBlockUntilEvent       004046b0 f   ntalarm.obj
 0001:000037b0       _pdWakeup                  004047b0 f   ntalarm.obj
 0001:00003800       _pdStartProfileTimer       00404800 f   ntalarm.obj
 0001:00003a40       _pdStopProfileTimer        00404a40 f   ntalarm.obj
 0001:00003a70       _pdInitProfile             00404a70 f   ntalarm.obj
 0001:00003ac0       _initNTAnimationPrims      00404ac0 f   ntanim.obj
 0001:000057e0       _freeWindowResources       004067e0 f   ntcanvas.obj
 0001:00005970       _initNTCanvasPrims         00406970 f   ntcanvas.obj
 0001:00008ff0       _pdMoveMouse               00409ff0 f   ntcurs.obj
 0001:00009010       _initNTCursPrims           0040a010 f   ntcurs.obj
 0001:00009460       _initDynamicLoadPrimitives 0040a460 f   ntdynld.obj
 0001:00009c00       _initOSErrorCodePrims      0040ac00 f   ntecode.obj
 0001:00009da0       _pdErrorString             0040ada0 f   nterror.obj
 0001:00009dc0       _pdPrint                   0040adc0 f   nterror.obj
 0001:00009e90       _openConsole               0040ae90 f   nterror.obj
 0001:00009f70       _pdDebugLog                0040af70 f   nterror.obj
 0001:00009fe0       _pdCloseDebugLog           0040afe0 f   nterror.obj
 0001:0000a020       _pdSizeOfEvent             0040b020 f   ntevent.obj
 0001:0000a030       _PopupWndProc@16           0040b030 f   ntevent.obj
 0001:0000a0c0       _MainWndProc@16            0040b0c0 f   ntevent.obj
 0001:0000b7e0       _hfWinQueryFont            0040c7e0 f   ntfont.obj
 0001:0000ba10       _listFonts                 0040ca10 f   ntfont.obj
 0001:0000c150       _initNTFontPrims           0040d150 f   ntfont.obj
 0001:0000cfc0       _flushWindowCachedDC       0040dfc0 f   ntgc.obj
 0001:0000d010       _flushPixmapCachedDC       0040e010 f   ntgc.obj
 0001:0000d050       _bDeinstallGraphicsState   0040e050 f   ntgc.obj
 0001:0000d410       _bInstallGraphicsState     0040e410 f   ntgc.obj
 0001:0000ddd0       _buildPoints               0040edd0 f   ntgc.obj
 0001:0000e060       _bGetMask                  0040f060 f   ntgc.obj
 0001:0000e130       _vw_GetWindowRgn           0040f130 f   ntgc.obj
 0001:0000e250       _initNTGCPrims             0040f250 f   ntgc.obj
 0001:00010380       _CreateColorMapOop         00411380 f   ntgraph.obj
 0001:00010ae0       _BuildPalette              00411ae0 f   ntgraph.obj
 0001:00010c90       _RemovePalette             00411c90 f   ntgraph.obj
 0001:00010cd0       _InitPalette               00411cd0 f   ntgraph.obj
 0001:00010d00       _TermPalette               00411d00 f   ntgraph.obj
 0001:00010d10       _InitScreen                00411d10 f   ntgraph.obj
 0001:00010da0       _initWindowPrimitives      00411da0 f   ntgraph.obj
 0001:00010e60       _pdHerald                  00411e60 f   ntherald.obj
 0001:00011380       _pdTearDownHerald          00412380 f   ntherald.obj
 0001:000113b0       _pdReportVersion           004123b0 f   ntherald.obj
 0001:000117f0       _initPixmapRegistry        004127f0 f   nthreg.obj
 0001:000118a0       _bFreeHandleRegistry       004128a0 f   nthreg.obj
 0001:00011a70       _registerHandle            00412a70 f   nthreg.obj
 0001:00011be0       _iHandleOfKey              00412be0 f   nthreg.obj
 0001:00011c50       _iKeyOfHandle              00412c50 f   nthreg.obj
 0001:00011cc0       _unRegisterHandle          00412cc0 f   nthreg.obj
 0001:00011d40       _pdMustFlushICache         00412d40 f   nticache.obj
 0001:00011dd0       _convert32BETo24LE         00412dd0 f   ntimage.obj
 0001:00011e00       _convert24LETo32BE         00412e00 f   ntimage.obj
 0001:00011e30       _getImage                  00412e30 f   ntimage.obj
 0001:00011ed0       _initNTImagePrims          00412ed0 f   ntimage.obj
 0001:00012790       _initIOBlock               00413790 f   ntioblok.obj
 0001:000128b0       _freeIOBlock               004138b0 f   ntioblok.obj
 0001:00012960       _pioblockOfHandle          00413960 f   ntioblok.obj
 0001:000129a0       _pioblockFirst             004139a0 f   ntioblok.obj
 0001:000129c0       _pioblockNext              004139c0 f   ntioblok.obj
 0001:000129e0       _logErrorInformation       004139e0 f   ntleave.obj
 0001:00012a20       _pdExit                    00413a20 f   ntleave.obj
 0001:00012a60       _pdInvokeDebugger          00413a60 f   ntleave.obj
 0001:00012a70       _InitMultipleMonitorStubs  00413a70 f   ntmain.obj
 0001:00012b50       _xGetSystemMetrics@4       00413b50 f   ntmain.obj
 0001:00012bc0       _xMonitorFromPoint@12      00413bc0 f   ntmain.obj
 0001:00012c30       _xMonitorFromRect@8        00413c30 f   ntmain.obj
 0001:00012ca0       _xMonitorFromWindow@8      00413ca0 f   ntmain.obj
 0001:00012d20       _xGetMonitorInfo@8         00413d20 f   ntmain.obj
 0001:00012de0       _xEnumDisplayMonitors@16   00413de0 f   ntmain.obj
 0001:00012f10       _oeMain                    00413f10 f   ntmain.obj
 0001:00013570       _dllCMain                  00414570 f   ntmain.obj
 0001:00013590       _WinMain@16                00414590 f   ntmain.obj
 0001:000135e0       _dllWMain                  004145e0 f   ntmain.obj
 0001:000136d0       _pdInformSystemReady       004146d0 f   ntmain.obj
 0001:00013a00       _profileInt                00414a00 f   ntmain.obj
 0001:00013a20       _profileString             00414a20 f   ntmain.obj
 0001:00013a40       _UPInitInternalLinkRegistry 00414a40 f   ntmain.obj
 0001:00013a50       _pdSetMemExecPerm          00414a50 f   ntmem.obj
 0001:00013a60       _pdMoreMemory              00414a60 f   ntmem.obj
 0001:00013bb0       _pdMapMemory               00414bb0 f   ntmem.obj
 0001:00013db0       _pdUnmapMemory             00414db0 f   ntmem.obj
 0001:00013e10       _pdStringLength            00414e10 f   ntmem.obj
 0001:00013eb0       _pdCopyFromExternalHeap    00414eb0 f   ntmem.obj
 0001:00013f50       _pdCopyToExternalHeap      00414f50 f   ntmem.obj
 0001:00013ff0       _pdAllocMemory             00414ff0 f   ntmem.obj
 0001:00014020       _pdFreeMemory              00415020 f   ntmem.obj
 0001:00014050       _pdMemStrategy             00415050 f   ntmem.obj
 0001:00014060       _pdGetPagesize             00415060 f   ntmem.obj
 0001:00014090       _pdMapFile                 00415090 f   ntmem.obj
 0001:000140a0       _cleanUpNTNLS              004150a0 f   ntnls.obj
 0001:000140c0       _initNTNLS                 004150c0 f   ntnls.obj
 0001:000142c0       _checkResources            004152c0 f   ntfile.obj
 0001:000142e0       _pdOpenImageResource       004152e0 f   ntfile.obj
 0001:00014370       _pdBlessSnapshot           00415370 f   ntfile.obj
 0001:000143b0       _pdOpenImage               004153b0 f   ntfile.obj
 0001:00014450       _pdCloseImage              00415450 f   ntfile.obj
 0001:00014490       _pdCloseImageResource      00415490 f   ntfile.obj
 0001:000144a0       _pdRead                    004154a0 f   ntfile.obj
 0001:000144f0       _pdWrite                   004154f0 f   ntfile.obj
 0001:00014550       _pdSeek                    00415550 f   ntfile.obj
 0001:00014600       _initFileUtilityPrims      00415600 f   ntfile.obj
 0001:00016ba0       _bDoFileReadFunc           00417ba0 f   ntfio.obj
 0001:00016be0       _bDoFileWriteFunc          00417be0 f   ntfio.obj
 0001:00016c60       _bDoFileBytesToReadFunc    00417c60 f   ntfio.obj
 0001:00016c70       _initFileIOPrims           00417c70 f   ntfio.obj
 0001:00017cb0       _initNewIO                 00418cb0 f   ntfio.obj
 0001:00017cc0       _freeSocketLibrary         00418cc0 f   ntsock.obj
 0001:00017db0       _bDoSockRecvFunc           00418db0 f   ntsock.obj
 0001:00017e50       _bDoSockSendFunc           00418e50 f   ntsock.obj
 0001:00017f00       _bDoSockBytesToReadFunc    00418f00 f   ntsock.obj
 0001:00017f40       _HiddenSocketWndProc@16    00418f40 f   ntsock.obj
 0001:00018170       _initSocketPrims           00419170 f   ntsock.obj
 0001:0001a4a0       _pdInitPlatform            0041b4a0 f   ntplat.obj
 0001:0001a4b0       _pdFPUType                 0041b4b0 f   ntplat.obj
 0001:0001a4c0       _pdSupportNBAPI            0041b4c0 f   ntplat.obj
 0001:0001a4d0       _PrintTextFile             0041b4d0 f   ntplat.obj
 0001:0001a7b0       _PrintPostScriptFile       0041b7b0 f   ntplat.obj
 0001:0001aa00       _PrinterAbortProc@8        0041ba00 f   ntprint.obj
 0001:0001aa60       _initNTPrinterPrims        0041ba60 f   ntprint.obj
 0001:0001c600       _pdInitSelection           0041d600 f   ntsel.obj
 0001:0001c610       _pdGetSelection            0041d610 f   ntsel.obj
 0001:0001c6b0       _pdGetSelectionDone        0041d6b0 f   ntsel.obj
 0001:0001c6d0       _pdSetSelection            0041d6d0 f   ntsel.obj
 0001:0001c740       _setIOSemSlot              0041d740 f   ntsem.obj
 0001:0001c810       _getIOSemSlot              0041d810 f   ntsem.obj
 0001:0001c830       _iAllocIOSemSlot           0041d830 f   ntsem.obj
 0001:0001ca40       _freeIOSemSlot             0041da40 f   ntsem.obj
 0001:0001ca70       _bInitIOSemRegistry        0041da70 f   ntsem.obj
 0001:0001cb90       _pdAckChildSignal          0041db90 f   ntsig.obj
 0001:0001cba0       _pdInitTime                0041dba0 f   nttime.obj
 0001:0001ccf0       _pdMicrosecondClock        0041dcf0 f   nttime.obj
 0001:0001ce20       _FileToSmalltalkSeconds    0041de20 f   nttime.obj
 0001:0001ce90       _pdStringEncoding          0041de90 f   ntwin.obj
 0001:0001ceb0       _pdInitWindow              0041deb0 f   ntwin.obj
 0001:0001ced0       _pdTerminateWindow         0041ded0 f   ntwin.obj
 0001:0001cef0       _pdSynchronizeInput        0041def0 f   ntwin.obj
 0001:0001cfc0       _pdThunkProcess            0041dfc0 f   ntwin.obj
 0001:0001cff0       _pdBlockUntilEvent         0041dff0 f   ntwin.obj
 0001:0001d020       _pdRingBell                0041e020 f   ntwin.obj
 0001:0001d030       _pdCallFar                 0041e030 f   ntcall16.obj
 0001:0001df20       _pdCOMMethodThunkSize      0041ef20 f   ntcom.obj
 0001:0001df50       _pdCOMPlaceThunkInto       0041ef50 f   ntcom.obj
 0001:0001ee30       _pdThunkCreate             0041fe30 f   ntcallbk.obj
 0001:0001efc0       _pdThunkDestroy            0041ffc0 f   ntcallbk.obj
 0001:0001f6f0       _NBAPICallbackArgsInto     004206f0 f   ntcallbk.obj
 0001:0001f740       _NBAPIReapCallbackReturn   00420740 f   ntcallbk.obj
 0001:0001fac0       _pdCallC                   00420ac0 f   ntcallc.obj
 0001:00020bc0       _pdNumBitsForKind          00421bc0 f   ntcallc.obj
 0001:00020c40       _NBAPIInnerCall            00421c40 f   ntcallc.obj
 0001:00020ec0       _NBAPIReapInnerCall        00421ec0 f   ntcallc.obj
 0001:000211e0       _thunkCreateFar            004221e0 f   ntcbk16.obj
 0001:00021410       _thunkDestroyFar           00422410 f   ntcbk16.obj
 0001:00021420       _thunkProcessFar@16        00422420 f   ntcbk16.obj
 0001:00022110       _copyBits                  00423110 f   exBitBlt.obj
 0001:000230d0       _copyBitsFromtoat          004240d0 f   exBitBlt.obj
 0001:00023f10       _getModuleName             00424f10 f   exBitBlt.obj
 0001:00023f20       _initBitBltPrimitives      00424f20 f   exBitBlt.obj
 0001:000249a0       _initialiseModule          004259a0 f   exBitBlt.obj
 0001:000249b0       _loadBitBltFrom            004259b0 f   exBitBlt.obj
 0001:000257b0       _moduleUnloaded            004267b0 f   exBitBlt.obj
 0001:00025aa0       _primitiveCopyBits         00426aa0 f   exBitBlt.obj
 0001:00025b10       _primitiveCopyBitstranslucency 00426b10 f   exBitBlt.obj
 0001:00025ba0       _primitiveDisplayStringstringfromtomapxTablekern 00426ba0 f   exBitBlt.obj
 0001:00026070       _primitiveDrawLoopXY       00427070 f   exBitBlt.obj
 0001:00026490       _primitiveWarpBitssmoothing 00427490 f   exBitBlt.obj
 0001:00026ec0       _sourceBLTstridedeststridedxdysxsywhruledoTile 00427ec0 f   exBitBlt.obj
 0001:000284b0       _countTableSlots           004294b0 f   exCOM.obj
 0001:00028560       _populateMethodTable       00429560 f   exCOM.obj
 0001:00028770       _initCOMPrimitives         00429770 f   exCOM.obj
 0001:00029a60       _maybeCallCFatalError      0042aa60 f   exCallC.obj
 0001:00029ac0       _initCPrimitives           0042aac0 f   exCallC.obj
 0001:0002b2b0       _initCallbackPrimitives    0042c2b0 f   exCallback.obj
 0001:0002b570       _stOopToCValue             0042c570 f   exCallSup.obj
 0001:0002b730       _cSignedToOop              0042c730 f   exCallSup.obj
 0001:0002b850       _cUnsignedToOop            0042c850 f   exCallSup.obj
 0001:0002b930       _coerceToCString           0042c930 f   exCallSup.obj
 0001:0002bbe0       _initCSupportPrimitives    0042cbe0 f   exCallSup.obj
 0001:0002e350       _initDisplayPrimitives     0042f350 f   exDisplay.obj
 0001:0002e4b0       _objReverseFourQ8s         0042f4b0 f   exEndian.obj
 0001:0002e520       _objReverseTwoQ8s          0042f520 f   exEndian.obj
 0001:0002e570       _objReverseTwoQ16s         0042f570 f   exEndian.obj
 0001:0002e750       _initEnvironmentPrimitives 0042f750 f   exEnviron.obj
 0001:0002f850       _initError                 00430850 f   exError.obj
 0001:0002f900       _doReportError             00430900 f   exError.obj
 0001:0002fb80       _exportTableAt             00430b80 f   exExport.obj
 0001:0002fbe0       _exportTableReleaseAt      00430be0 f   exExport.obj
 0001:0002fc60       _initExportTablePrimitives 00430c60 f   exExport.obj
 0001:0002fd00       _initExternPrimitives      00430d00 f   exInit.obj
 0001:0002fd40       _loadImageHeader           00430d40 f   exInit.obj
 0001:0002fe90       _startSupervisor           00430e90 f   exInit.obj
 0001:0002fff0       _initSuper                 00430ff0 f   exInit.obj
 0001:00030130       _readImageFile             00431130 f   exInit.obj
 0001:00030300       _closeImageFile            00431300 f   exInit.obj
 0001:00030490       _wellFormedZone            00431490 f   exInit.obj
 0001:000306e0       _oeInitZlibLinkRegistry    004316e0 f   exInit.obj
 0001:00030990       _extendedQueueNewAscii     00431990 f   exInQueue.obj
 0001:00030a00       _extendedQueueTypedEvent   00431a00 f   exInQueue.obj
 0001:00030c10       _queueTypedEvent           00431c10 f   exInQueue.obj
 0001:00030c50       _initInput                 00431c50 f   exInQueue.obj
 0001:00030f80       _initIOPrimitives          00431f80 f   exIO.obj
 0001:00031200       _initGUIPrimitives         00432200 f   exIO.obj
 0001:00031210       _vmExit                    00432210 f   exLeave.obj
 0001:00031260       _initLeavePrimitives       00432260 f   exLeave.obj
 0001:00031370       _moreMemory                00432370 f   exMemory.obj
 0001:00031420       _lessMemory                00432420 f   exMemory.obj
 0001:00031460       _memStrategy               00432460 f   exMemory.obj
 0001:00031480       _UPSendMessageMany         00432480 f   exMessage.obj
 0001:000314b0       _oeSendMessageMany         004324b0 f   exMessage.obj
 0001:00032430       _UPSendMessage0            00433430 f   exMessage.obj
 0001:00032600       _oeSendMessage0            00433600 f   exMessage.obj
 0001:00032630       _UPSendMessage1            00433630 f   exMessage.obj
 0001:00032660       _oeSendMessage1            00433660 f   exMessage.obj
 0001:00032690       _UPSendMessage2            00433690 f   exMessage.obj
 0001:000326d0       _oeSendMessage2            004336d0 f   exMessage.obj
 0001:00032710       _oeSendMessage3            00433710 f   exMessage.obj
 0001:00032750       _UPSendMessage3            00433750 f   exMessage.obj
 0001:00032790       _UPCSendMessageMany        00433790 f   exMessage.obj
 0001:000327c0       _oeCSendMessageMany        004337c0 f   exMessage.obj
 0001:00032990       _UPCSendMessage0           00433990 f   exMessage.obj
 0001:000329c0       _oeCSendMessage0           004339c0 f   exMessage.obj
 0001:000329f0       _UPCSendMessage1           004339f0 f   exMessage.obj
 0001:00032a20       _oeCSendMessage1           00433a20 f   exMessage.obj
 0001:00032a50       _UPCSendMessage2           00433a50 f   exMessage.obj
 0001:00032a90       _oeCSendMessage2           00433a90 f   exMessage.obj
 0001:00032ad0       _UPCSendMessage3           00433ad0 f   exMessage.obj
 0001:00032b10       _oeCSendMessage3           00433b10 f   exMessage.obj
 0001:00032b50       _UPFailPrimitive           00433b50 f   exMessage.obj
 0001:00032b80       _UPFailPrimitiveAtLine     00433b80 f   exMessage.obj
 0001:00032bd0       _UPReturn                  00433bd0 f   exMessage.obj
 0001:00032c70       _initMessagePrimitives     00433c70 f   exMessage.obj
 0001:00033350       _stringToInt               00434350 f   exOption.obj
 0001:000334b0       _setOption                 004344b0 f   exOption.obj
 0001:00033980       _reportUsage               00434980 f   exOption.obj
 0001:00033a00       _copySubStringToC          00434a00 f   exPrimUtil.obj
 0001:00033bd0       _isValidPlatformString     00434bd0 f   exPrimUtil.obj
 0001:00033de0       _promoteToFixedSpace       00434de0 f   exPrimUtil.obj
 0001:00033e70       _copyToCString             00434e70 f   exPrimUtil.obj
 0001:00033ef0       _tempCString               00434ef0 f   exPrimUtil.obj
 0001:00033f80       _STStringWithSize          00434f80 f   exPrimUtil.obj
 0001:00033fd0       _setStringEncoding         00434fd0 f   exPrimUtil.obj
 0001:000340c0       _isKindOf                  004350c0 f   exPrimUtil.obj
 0001:00034100       _inheritsFrom1             00435100 f   exPrimUtil.obj
 0001:00034130       _inheritsFrom2             00435130 f   exPrimUtil.obj
 0001:00034170       _inheritsFrom3             00435170 f   exPrimUtil.obj
 0001:000341c0       _inheritsFrom4             004351c0 f   exPrimUtil.obj
 0001:00034210       _cloneErrorWith            00435210 f   exPrimUtil.obj
 0001:000342f0       _cloneCallCError           004352f0 f   exPrimUtil.obj
 0001:00034540       _initScanCharPrimitives    00435540 f   exScanCh.obj
 0001:00034b70       _signalChildStatusSemaphore 00435b70 f   exSignal.obj
 0001:00034b90       _initSignalPrimitives      00435b90 f   exSignal.obj
 0001:00034c30       _initTime                  00435c30 f   exTimer.obj
 0001:00034c50       _timeExpired               00435c50 f   exTimer.obj
 0001:00034e30       _isTimerActive             00435e30 f   exTimer.obj
 0001:00034e40       _initTimePrimitives        00435e40 f   exTimer.obj
 0001:000350c0       _InitializeNBAPI           004360c0 f   exThapi.obj
 0001:000352d0       _NBAPISemaphoreForCurrentProcess 004362d0 f   exThapi.obj
 0001:00035370       _NBAPITInfoForThread       00436370 f   exThapi.obj
 0001:000353c0       _NBAPISignalThreadForCallout 004363c0 f   exThapi.obj
 0001:00035400       _NBAPIThreadForCall        00436400 f   exThapi.obj
 0001:000356b0       _NBAPIProcessHasAttachedThread 004366b0 f   exThapi.obj
 0001:00035720       _NBAPIAttachProcessToThread 00436720 f   exThapi.obj
 0001:00035760       _NBAPIDetachProcessFromThread 00436760 f   exThapi.obj
 0001:000357e0       _NBAPIGetThreadLevels      004367e0 f   exThapi.obj
 0001:00035880       _NBAPISetThreadLevels      00436880 f   exThapi.obj
 0001:000358d0       _NBAPIInvokeCallback       004368d0 f   exThapi.obj
 0001:00035a20       _NBAPICallbackReturn       00436a20 f   exThapi.obj
 0001:00035b40       _NBAPIReleaseThreadIfUnwound 00436b40 f   exThapi.obj
 0001:00035c50       _NBAPICheckProcessTermination 00436c50 f   exThapi.obj
 0001:00035e80       _NBAPIYield                00436e80 f   exThapi.obj
 0001:00036320       _NBAPIServiceThreads       00437320 f   exThapi.obj
 0001:00036c30       _stateof                   00437c30 f   exThapi.obj
 0001:00036cb0       _allegianceName            00437cb0 f   exThapi.obj
 0001:00036ce0       _printTInfo                00437ce0 f   exThapi.obj
 0001:00036df0       _printNBAPIList            00437df0 f   exThapi.obj
 0001:00036e40       _printNBAPI                00437e40 f   exThapi.obj
 0001:00036eb0       _initPrimitives            00437eb0 f   pr.obj
 0001:00036ed0       _initArithmeticPrims       00437ed0 f   prArithmetic.obj
 0001:00037a00       _oeGetErrorCode            00438a00 f   prCtoST.obj
 0001:00037a10       _oeStartLongComputation    00438a10 f   prCtoST.obj
 0001:00037a20       _oeFinishLongComputation   00438a20 f   prCtoST.obj
 0001:00037a30       _oeNil                     00438a30 f   prCtoST.obj
 0001:00037a40       _oeTrue                    00438a40 f   prCtoST.obj
 0001:00037a50       _oeFalse                   00438a50 f   prCtoST.obj
 0001:00037a60       _oeSmallIntegerClass       00438a60 f   prCtoST.obj
 0001:00037a70       _oeCharacterClass          00438a70 f   prCtoST.obj
 0001:00037a80       _oeFloatClass              00438a80 f   prCtoST.obj
 0001:00037a90       _oePointClass              00438a90 f   prCtoST.obj
 0001:00037aa0       _oeArrayClass              00438aa0 f   prCtoST.obj
 0001:00037ab0       _oeSemaphoreClass          00438ab0 f   prCtoST.obj
 0001:00037ac0       _oeByteStringClass         00438ac0 f   prCtoST.obj
 0001:00037ad0       _oeLargePositiveIntegerClass 00438ad0 f   prCtoST.obj
 0001:00037ae0       _oeLargeNegativeIntegerClass 00438ae0 f   prCtoST.obj
 0001:00037af0       _oeByteArrayClass          00438af0 f   prCtoST.obj
 0001:00037b00       _oeTwoByteStringClass      00438b00 f   prCtoST.obj
 0001:00037b10       _oeTwoByteSymbolClass      00438b10 f   prCtoST.obj
 0001:00037b20       _oeDoubleClass             00438b20 f   prCtoST.obj
 0001:00037b30       _oeOEToCbool               00438b30 f   prCtoST.obj
 0001:00037ba0       _oeOEToCint                00438ba0 f   prCtoST.obj
 0001:00037c00       _oeOEToCchar               00438c00 f   prCtoST.obj
 0001:00037c60       _oeOEToCfloat              00438c60 f   prCtoST.obj
 0001:00037ce0       _oeCtoOEbool               00438ce0 f   prCtoST.obj
 0001:00037d00       _oeCtoOEint                00438d00 f   prCtoST.obj
 0001:00037d50       _oeCtoOEchar               00438d50 f   prCtoST.obj
 0001:00037d60       _oeCtoOEfloat              00438d60 f   prCtoST.obj
 0001:00037df0       _oeAllocString             00438df0 f   prCtoST.obj
 0001:00037ee0       _oeAllocByteArray          00438ee0 f   prCtoST.obj
 0001:00037fd0       _oeAllocArray              00438fd0 f   prCtoST.obj
 0001:00038170       _oeCopyOEtoCstring         00439170 f   prCtoST.obj
 0001:00038270       _oeCopyOEtoCbytes          00439270 f   prCtoST.obj
 0001:00038340       _oeCopyOEtoCintArray       00439340 f   prCtoST.obj
 0001:00038480       _oeCopyOEtoCfloatArray     00439480 f   prCtoST.obj
 0001:000385e0       _oeCopyCtoOEstring         004395e0 f   prCtoST.obj
 0001:000386e0       _oeCopyCtoOEbytes          004396e0 f   prCtoST.obj
 0001:000387b0       _oeCopyCtoOEintArray       004397b0 f   prCtoST.obj
 0001:000388f0       _oeCopyCtoOEfloatArray     004398f0 f   prCtoST.obj
 0001:00038af0       _oeOopDataPtr              00439af0 f   prCtoST.obj
 0001:00038b20       _oeInstVarSize             00439b20 f   prCtoST.obj
 0001:00038b80       _oeIndexVarSize            00439b80 f   prCtoST.obj
 0001:00038c40       _oeBasicAt                 00439c40 f   prCtoST.obj
 0001:00038d00       _oeInstVarAt               00439d00 f   prCtoST.obj
 0001:00038da0       _oeByteAt                  00439da0 f   prCtoST.obj
 0001:00038e50       _oeIntegerAt               00439e50 f   prCtoST.obj
 0001:00038f40       _oeFloatAt                 00439f40 f   prCtoST.obj
 0001:00039060       _oeDoubleAt                0043a060 f   prCtoST.obj
 0001:00039180       _oeBasicAtPut              0043a180 f   prCtoST.obj
 0001:00039320       _oeInstVarAtPut            0043a320 f   prCtoST.obj
 0001:00039490       _oeByteAtPut               0043a490 f   prCtoST.obj
 0001:00039540       _oeIntegerAtPut            0043a540 f   prCtoST.obj
 0001:000396e0       _oeFloatAtPut              0043a6e0 f   prCtoST.obj
 0001:00039880       _oeIsCharacter             0043a880 f   prCtoST.obj
 0001:000398a0       _oeIsInteger               0043a8a0 f   prCtoST.obj
 0001:000398c0       _oeIsString                0043a8c0 f   prCtoST.obj
 0001:00039920       _oeIsByteArray             0043a920 f   prCtoST.obj
 0001:00039980       _oeIsArrayOfInteger        0043a980 f   prCtoST.obj
 0001:00039a50       _oeIsArrayOfFloat          0043aa50 f   prCtoST.obj
 0001:00039b40       _oeIsBoolean               0043ab40 f   prCtoST.obj
 0001:00039b90       _oeIsFloat                 0043ab90 f   prCtoST.obj
 0001:00039bf0       _oeIsByteLike              0043abf0 f   prCtoST.obj
 0001:00039c30       _oeIsImmediate             0043ac30 f   prCtoST.obj
 0001:00039c40       _oeCouldBeOop              0043ac40 f   prCtoST.obj
 0001:00039c80       _oeClass                   0043ac80 f   prCtoST.obj
 0001:00039cd0       _oeOEToCdouble             0043acd0 f   prCtoST.obj
 0001:00039d60       _oeCtoOEdouble             0043ad60 f   prCtoST.obj
 0001:00039e10       _oeIsDouble                0043ae10 f   prCtoST.obj
 0001:00039e60       _oeIsKindOf                0043ae60 f   prCtoST.obj
 0001:00039ee0       _oeInstallPollHandler      0043aee0 f   prCtoST.obj
 0001:00039f00       _oeSignalSemaphore         0043af00 f   prCtoST.obj
 0001:00039f70       _oePostInterrupt           0043af70 f   prCtoST.obj
 0001:00039f80       _oeRegisteredHandleAt      0043af80 f   prCtoST.obj
 0001:00039fb0       _oeRegisteredHandleAtPut   0043afb0 f   prCtoST.obj
 0001:0003a020       _oeAddPrimitive            0043b020 f   prCtoST.obj
 0001:0003a040       _oeAllocRegistrySlot       0043b040 f   prCtoST.obj
 0001:0003a060       _oeAllocFsObject           0043b060 f   prCtoST.obj
 0001:0003a0d0       _oeAllocVsObject           0043b0d0 f   prCtoST.obj
 0001:0003a160       _oeClassType               0043b160 f   prCtoST.obj
 0001:0003a1a0       _initOEprotocol            0043b1a0 f   prCtoST.obj
 0001:0003a1b0       _initDoublePrims           0043b1b0 f   prDouble.obj
 0001:0003bd50       _initFloatPrims            0043cd50 f   prFloat.obj
 0001:0003d310       _initLargeIntPrims         0043e310 f   prLarge.obj
 0001:00040c70       _UPRegisterSymbolAndHandle 00441c70 f   prLinkRegistry.obj
 0001:00040d40       _UPHandleForSymbol         00441d40 f   prLinkRegistry.obj
 0001:00040db0       _oeRegisterSymbolAndHandle 00441db0 f   prLinkRegistry.obj
 0001:00040dd0       _initLinkRegistryPrimitives 00441dd0 f   prLinkRegistry.obj
 0001:00040e80       _recycleObj                00441e80 f   mm.obj
 0001:00041070       _maximumIdentityHashValue  00442070 f   mm.obj
 0001:00041080       _getObjHash                00442080 f   mm.obj
 0001:000410d0       _initObjectPrims           004420d0 f   mm.obj
 0001:00041bc0       _classCheckIfMetaclassHasSubclasses 00442bc0 f   mmAllocate.obj
 0001:00041c00       _classType                 00442c00 f   mmAllocate.obj
 0001:00041c50       _allocFSObj                00442c50 f   mmAllocate.obj
 0001:00041d60       _allocVSObj                00442d60 f   mmAllocate.obj
 0001:00041f40       _createShallowCopyOf       00442f40 f   mmAllocate.obj
 0001:00042220       _allocSmallObj             00443220 f   mmAllocate.obj
 0001:00042280       _allocLargePointerObj      00443280 f   mmAllocate.obj
 0001:000422c0       _allocLargeByteObj         004432c0 f   mmAllocate.obj
 0001:00042310       _shrinkOrCopyPtrObj        00443310 f   mmAllocate.obj
 0001:00042390       _initAllocationPrims       00443390 f   mmAllocate.obj
 0001:000430d0       _tryBecome                 004440d0 f   mmBecome.obj
 0001:00045410       _initBecomePrims           00446410 f   mmBecome.obj
 0001:00045b90       _dbObjHeader               00446b90 f   mmDebug.obj
 0001:00045e40       _dbxHeader                 00446e40 f   mmDebug.obj
 0001:00045e60       _dbObjData                 00446e60 f   mmDebug.obj
 0001:00046060       _dbxData                   00447060 f   mmDebug.obj
 0001:00046080       _dbObjDataField            00447080 f   mmDebug.obj
 0001:000460c0       _dbSetObjDataField         004470c0 f   mmDebug.obj
 0001:000460f0       _dbObjDataPtr              004470f0 f   mmDebug.obj
 0001:00046130       _dbObjClass                00447130 f   mmDebug.obj
 0001:00046150       _dbObjClassName            00447150 f   mmDebug.obj
 0001:00046180       _dbfObjClassName           00447180 f   mmDebug.obj
 0001:00046800       _dbxClassName              00447800 f   mmDebug.obj
 0001:00046820       _dbClassNameIs             00447820 f   mmDebug.obj
 0001:00046ad0       _printIfClassNameIs        00447ad0 f   mmDebug.obj
 0001:00046b00       _dbObjClassNameIs          00447b00 f   mmDebug.obj
 0001:00046f80       _printIfObjClassNameIs     00447f80 f   mmDebug.obj
 0001:00046fb0       _dbObjMayBeClass           00447fb0 f   mmDebug.obj
 0001:00047120       _dbObjDataSize             00448120 f   mmDebug.obj
 0001:000471a0       _dbObjHasPtrs              004481a0 f   mmDebug.obj
 0001:000471d0       _dbObjInOldRt              004481d0 f   mmDebug.obj
 0001:00047200       _dbObjIsMarked             00448200 f   mmDebug.obj
 0001:00047230       _dbObjIsForwarded          00448230 f   mmDebug.obj
 0001:00047260       _dbObjInRt                 00448260 f   mmDebug.obj
 0001:00047290       _dbObjHash                 00448290 f   mmDebug.obj
 0001:000472c0       _dbSelectorName            004482c0 f   mmDebug.obj
 0001:00047380       _dbxSelectorName           00448380 f   mmDebug.obj
 0001:000473a0       _dbResidence               004483a0 f   mmDebug.obj
 0001:000477a0       _dbxResidence              004487a0 f   mmDebug.obj
 0001:000477c0       _dbObjOwners               004487c0 f   mmDebug.obj
 0001:000479b0       _dbxOwners                 004489b0 f   mmDebug.obj
 0001:000479d0       _dbPrintIndicesOfIn        004489d0 f   mmDebug.obj
 0001:00047a60       _initDebugPrims            00448a60 f   mmDebug.obj
 0001:00047b70       _oopInObj                  00448b70 f   mmEnumerate.obj
 0001:00047c10       _initEnumerationPrims      00448c10 f   mmEnumerate.obj
 0001:000488c0       _signalFinalizationSemaphoreIfRequired 004498c0 f   mmFinal.obj
 0001:00048900       _reserveOnEphemeronQueue   00449900 f   mmFinal.obj
 0001:00048950       _addToEphemeronQueue       00449950 f   mmFinal.obj
 0001:00048970       _addToFinalQueue           00449970 f   mmFinal.obj
 0001:00048ae0       _shrinkFinalQueue          00449ae0 f   mmFinal.obj
 0001:00048ba0       _shiftFinalQueueEntries    00449ba0 f   mmFinal.obj
 0001:00048d10       _initFinalQueue            00449d10 f   mmFinal.obj
 0001:00048df0       _updateFinalQueuePtrs      00449df0 f   mmFinal.obj
 0001:00048ec0       _initFinalizationPrims     00449ec0 f   mmFinal.obj
 0001:00049280       _addToMarkListFunc         0044a280 f   mmGarbage.obj
 0001:000492d0       _compact                   0044a2d0 f   mmGarbage.obj
 0001:000492f0       _initGarbagePrims          0044a2f0 f   mmGarbage.obj
 0001:0004a030       _addToIncWeakListFunc      0044b030 f   mmIncGC.obj
 0001:0004a0e0       _blowAwayIncGC             0044b0e0 f   mmIncGC.obj
 0001:0004a400       _incMarkObj                0044b400 f   mmIncGC.obj
 0001:0004a500       _incMarkPermObjRefs        0044b500 f   mmIncGC.obj
 0001:0004a740       _chStOldObjInNonNew        0044b740 f   mmIncGC.obj
 0001:0004afe0       _validateOldObj            0044bfe0 f   mmIncGC.obj
 0001:0004b080       _initIncGCPrims            0044c080 f   mmIncGC.obj
 0001:0004b1c0       _getImageFileFormat        0044c1c0 f   mmInit.obj
 0001:0004b1d0       _getImageType              0044c1d0 f   mmInit.obj
 0001:0004b1e0       _getImageSubType           0044c1e0 f   mmInit.obj
 0001:0004b1f0       _setImageSubType           0044c1f0 f   mmInit.obj
 0001:0004b200       _startKernel               0044c200 f   mmInit.obj
 0001:0004b780       _readImageHeader           0044c780 f   mmInit.obj
 0001:0004c220       _getDecompressionWorkspaces 0044d220 f   mmInit.obj
 0001:0004c510       _realSlotsInStackSpace     0044d510 f   mmInit.obj
 0001:0004cf70       _updateOopFunc             0044df70 f   mmInit.obj
 0001:0004cff0       _updatePermDataPtrFunc     0044dff0 f   mmInit.obj
 0001:0004dec0       _sweepLt                   0044eec0 f   mmLargeSpace.obj
 0001:0004df20       _sweepAndCompactLargeSpace 0044ef20 f   mmLargeSpace.obj
 0001:0004e020       _findFreeLsBlock           0044f020 f   mmLargeSpace.obj
 0001:0004e050       _compactLargeSpace         0044f050 f   mmLargeSpace.obj
 0001:0004e2e0       _resetLargeSpaceAfterScavenge 0044f2e0 f   mmLargeSpace.obj
 0001:0004e3c0       _compactLargeSpaceResponse 0044f3c0 f   mmLargeSpace.obj
 0001:0004e650       _reRegisterLargeObj        0044f650 f   mmLargeSpace.obj
 0001:0004e6b0       _largeSlotsToTenure        0044f6b0 f   mmLargeSpace.obj
 0001:0004e6d0       _numLargeSpaceObjects      0044f6d0 f   mmLargeSpace.obj
 0001:0004e6f0       _occupiedLsDataSlots       0044f6f0 f   mmLargeSpace.obj
 0001:0004e710       _writeLargeSpace           0044f710 f   mmLargeSpace.obj
 0001:0004e7b0       _allocInLargeSpace         0044f7b0 f   mmLargeSpace.obj
 0001:0004e9c0       _initializeEmptyFixedSpaceSegment 0044f9c0 f   mmFixedSpace.obj
 0001:0004ea20       _sweepFt                   0044fa20 f   mmFixedSpace.obj
 0001:0004eaa0       _sweepAndCompactFixedSpace 0044faa0 f   mmFixedSpace.obj
 0001:0004eb70       _compactFixedSpace         0044fb70 f   mmFixedSpace.obj
 0001:0004ec90       _resetFixedSpaceAfterScavenge 0044fc90 f   mmFixedSpace.obj
 0001:0004eda0       _existsFixedSpaceSegmentFor 0044fda0 f   mmFixedSpace.obj
 0001:0004ee50       _reRegisterFixedObj        0044fe50 f   mmFixedSpace.obj
 0001:0004eec0       _occupiedFsDataSlotsIn     0044fec0 f   mmFixedSpace.obj
 0001:0004ef00       _occupiedFsDataSlots       0044ff00 f   mmFixedSpace.obj
 0001:0004ef40       _occupiedFtSlots           0044ff40 f   mmFixedSpace.obj
 0001:0004ef90       _writeFixedSpace           0044ff90 f   mmFixedSpace.obj
 0001:0004f0b0       _allocInFixedSpace         004500b0 f   mmFixedSpace.obj
 0001:0004f3b0       _growFixedSpace            004503b0 f   mmFixedSpace.obj
 0001:0004f4f0       _discardFixedSpaceSegment  004504f0 f   mmFixedSpace.obj
 0001:0004f500       _numFixedSpaceSegs         00450500 f   mmFixedSpace.obj
 0001:0004f520       _sweepNewSpace             00450520 f   mmNewSpace.obj
 0001:0004f6d0       _getNextNewSpaceObj        004506d0 f   mmNewSpace.obj
 0001:0004f770       _searchNewSpace            00450770 f   mmNewSpace.obj
 0001:0004f7d0       _recycleNewObj             004507d0 f   mmNewSpace.obj
 0001:0004f870       _recycleNewOtEntry         00450870 f   mmNewSpace.obj
 0001:0004f890       _allocInNewSpace           00450890 f   mmNewSpace.obj
 0001:0004f9b0       _allocInPastSpace          004509b0 f   mmNewSpace.obj
 0001:0004faa0       _shrinkOrCopyNewObj        00450aa0 f   mmNewSpace.obj
 0001:0004fc30       _printSomeNewSpace         00450c30 f   mmNewSpace.obj
 0001:0004fcd0       _printNewSpace             00450cd0 f   mmNewSpace.obj
 0001:0004fd90       _registerInOldRt           00450d90 f   mmOldRt.obj
 0001:0004fe00       _initOldRt                 00450e00 f   mmOldRt.obj
 0001:0004fe50       _initPermObjIfNotSystemObj 00450e50 f   mmOldRt.obj
 0001:0004fea0       _initPermObj               00450ea0 f   mmOldRt.obj
 0001:0004ff20       _createOldRt               00450f20 f   mmOldRt.obj
 0001:0004ffd0       _scanOldRtCreatingBackPtrs 00450fd0 f   mmOldRt.obj
 0001:00050040       _updateOldRtPtrs           00451040 f   mmOldRt.obj
 0001:00050080       _cacheOldRtOop             00451080 f   mmOldRt.obj
 0001:000500a0       _compactOldRt              004510a0 f   mmOldRt.obj
 0001:000500e0       _sweepOldRt                004510e0 f   mmOldRt.obj
 0001:000501d0       _shrinkOldRt               004511d0 f   mmOldRt.obj
 0001:000501e0       _emptyOldRt                004511e0 f   mmOldRt.obj
 0001:00050220       _prepareOldRtForIncMark    00451220 f   mmOldRt.obj
 0001:00050240       _incMarkOldRtEntries       00451240 f   mmOldRt.obj
 0001:00050290       _incMarkOldRtEntriesNBL    00451290 f   mmOldRt.obj
 0001:00050300       _objReallyInOldRt          00451300 f   mmOldRt.obj
 0001:00050380       _createOopStack            00451380 f   mmOopStack.obj
 0001:000503d0       _releaseOopStack           004513d0 f   mmOopStack.obj
 0001:00050410       _shrinkOopStack            00451410 f   mmOopStack.obj
 0001:00050450       _emptyOopStack             00451450 f   mmOopStack.obj
 0001:000504f0       _recycleOopStack           004514f0 f   mmOopStack.obj
 0001:00050530       _pushOopStackCallout       00451530 f   mmOopStack.obj
 0001:000505c0       _popOopStackCallout        004515c0 f   mmOopStack.obj
 0001:000505e0       _enumOopStack              004515e0 f   mmOopStack.obj
 0001:00050610       _incEnumOopStack           00451610 f   mmOopStack.obj
 0001:00050820       _incEnumOopStackNBL        00451820 f   mmOopStack.obj
 0001:000509e0       _neverCalled               004519e0 f   mmOopStack.obj
 0001:000509f0       _initOopStack              004519f0 f   mmOopStack.obj
 0001:00050ad0       _sweepOopStack             00451ad0 f   mmOopStack.obj
 0001:00050b10       _markOopStack              00451b10 f   mmOopStack.obj
 0001:00050b70       _objIsOopStackSeg          00451b70 f   mmOopStack.obj
 0001:00050bb0       _totalEntriesInOopStack    00451bb0 f   mmOopStack.obj
 0001:00050be0       _liveEntriesInOopStack     00451be0 f   mmOopStack.obj
 0001:00050c10       _recommendedOsReserveSlots 00451c10 f   mmOldSpace.obj
 0001:00050c40       _objPointsToOldSpace       00451c40 f   mmOldSpace.obj
 0001:00050cc0       _growOldObject             00451cc0 f   mmOldSpace.obj
 0001:00051100       _shrinkOldObject           00452100 f   mmOldSpace.obj
 0001:00051290       _resetIncUnmarkCounts      00452290 f   mmOldSpace.obj
 0001:000512a0       _resetIncSweepCounts       004522a0 f   mmOldSpace.obj
 0001:000512c0       _resetFragmentationCounts  004522c0 f   mmOldSpace.obj
 0001:000512e0       _initOldSpaceBounds        004522e0 f   mmOldSpace.obj
 0001:00051390       _freeLargeOldDataNoOop     00452390 f   mmOldSpace.obj
 0001:00051410       _allocOldData              00452410 f   mmOldSpace.obj
 0001:00051840       _prepareThreadedFreeListForSnapshot 00452840 f   mmOldSpace.obj
 0001:000518d0       _updateThreadedDataPointers 004528d0 f   mmOldSpace.obj
 0001:000519e0       _assimilateOldFreeList     004529e0 f   mmOldSpace.obj
 0001:00051a90       _flattenThreadedDataForPermLoad 00452a90 f   mmOldSpace.obj
 0001:00051b80       _addressInOldSegment       00452b80 f   mmOldSpace.obj
 0001:00051bc0       _addressInOldSegmentData   00452bc0 f   mmOldSpace.obj
 0001:00051c00       _addressInAnySegment       00452c00 f   mmOldSpace.obj
 0001:00051c30       _addressInAnySegmentData   00452c30 f   mmOldSpace.obj
 0001:00051c60       _addressInOldOt            00452c60 f   mmOldSpace.obj
 0001:00051ca0       _addressInAnyOt            00452ca0 f   mmOldSpace.obj
 0001:00051cd0       _addressInOldNewOt         00452cd0 f   mmOldSpace.obj
 0001:00051d10       _addressInAnyNewOt         00452d10 f   mmOldSpace.obj
 0001:00051d40       _addressInPermSegment      00452d40 f   mmOldSpace.obj
 0001:00051d70       _addressInPermOt           00452d70 f   mmOldSpace.obj
 0001:00051da0       _absorbPermFreeList        00452da0 f   mmOldSpace.obj
 0001:00051e70       _absorbPermSpace           00452e70 f   mmOldSpace.obj
 0001:00051f10       _restorePermSpace          00452f10 f   mmOldSpace.obj
 0001:00051f90       _growOldSpace              00452f90 f   mmOldSpace.obj
 0001:00052110       _findContiguousSlotsInOldSpaceSlowly 00453110 f   mmOldSpace.obj
 0001:00052210       _resetThreadedData         00453210 f   mmOldSpace.obj
 0001:00052230       _sweepAndCompactOldSpace   00453230 f   mmOldSpace.obj
 0001:00052f10       _updateOopAfterOtCompFunc  00453f10 f   mmOldSpace.obj
 0001:00052f40       _saveOtBaseAfterIncMark    00453f40 f   mmOldSpace.obj
 0001:00052f80       _resetAfterIncSweepOfOldSpace 00453f80 f   mmOldSpace.obj
 0001:00052f90       _incSweepOldSpace          00453f90 f   mmOldSpace.obj
 0001:000532f0       _slotsLeftInOldSpace       004542f0 f   mmOldSpace.obj
 0001:00053330       _slotsUsedInOldSpace       00454330 f   mmOldSpace.obj
 0001:00053370       _sufficientFreeContiguousSpace 00454370 f   mmOldSpace.obj
 0001:000533c0       _searchObjectMemory        004543c0 f   mmOldSpace.obj
 0001:00053520       _collectAllSpecifiedObjects 00454520 f   mmOldSpace.obj
 0001:00053890       _scanObjectMemory          00454890 f   mmOldSpace.obj
 0001:00053a40       _scanReferentsOf           00454a40 f   mmOldSpace.obj
 0001:00053ce0       _writeOldSpace             00454ce0 f   mmOldSpace.obj
 0001:00053e90       _otEntriesUsedInOldSpace   00454e90 f   mmOldSpace.obj
 0001:00053ee0       _numOldSpaceSegs           00454ee0 f   mmOldSpace.obj
 0001:00053f00       _prepareToUnmarkOldSpace   00454f00 f   mmOldSpace.obj
 0001:00053f40       _incUnmarkOldSpace         00454f40 f   mmOldSpace.obj
 0001:00054120       _allocInOldSpace           00455120 f   mmOldSpace.obj
 0001:000545d0       _reversePointersInOldSpace 004555d0 f   mmOldSpace.obj
 0001:00054650       _prepareThreadedDataForCompaction 00455650 f   mmOldSpace.obj
 0001:000546e0       _compactOldSpace           004556e0 f   mmOldSpace.obj
 0001:00054940       _printOldSpaceSegs         00455940 f   mmOldSpace.obj
 0001:000549d0       _initOldSpacePrims         004559d0 f   mmOldSpace.obj
 0001:00055aa0       _rebootSystem              00456aa0 f   mmProcess.obj
 0001:00055cc0       _asynchSignal              00456cc0 f   mmProcess.obj
 0001:00055fa0       _processSwitch             00456fa0 f   mmProcess.obj
 0001:000564f0       _couldBeCodeAllowedAsNPC   004574f0 f   mmProcess.obj
 0001:000568e0       _highestProcessPriority    004578e0 f   mmProcess.obj
 0001:00056930       _requestActiveProcessPriority 00457930 f   mmProcess.obj
 0001:00056960       _removeHighestPriorityProcess 00457960 f   mmProcess.obj
 0001:00056eb0       _waitOnCalloutSemaphore    00457eb0 f   mmProcess.obj
 0001:00057130       _initProcessPrims          00458130 f   mmProcess.obj
 0001:000581a0       _recyclePermOtEntry        004591a0 f   mmPermSpace.obj
 0001:00058250       _recyclePermData           00459250 f   mmPermSpace.obj
 0001:00058290       _recyclePermObj            00459290 f   mmPermSpace.obj
 0001:000583a0       _recycleNonNewData         004593a0 f   mmPermSpace.obj
 0001:00058450       _markPermSpace             00459450 f   mmPermSpace.obj
 0001:00058490       _writePermSpace            00459490 f   mmPermSpace.obj
 0001:00058540       _nilPermSpacePtrs          00459540 f   mmPermSpace.obj
 0001:00058560       _slotsFreeInOldSpaceMinusReserve 00459560 f   mmResources.obj
 0001:00058590       _lowSpaceResponse          00459590 f   mmResources.obj
 0001:000585c0       _initResourcePrims         004595c0 f   mmResources.obj
 0001:000591d0       _registerInRt              0045a1d0 f   mmRt.obj
 0001:00059380       _canonicalizeRt            0045a380 f   mmRt.obj
 0001:000593a0       _compactRt                 0045a3a0 f   mmRt.obj
 0001:00059420       _shrinkRt                  0045a420 f   mmRt.obj
 0001:00059510       _updateRtPtrs              0045a510 f   mmRt.obj
 0001:000595d0       _sweepRt                   0045a5d0 f   mmRt.obj
 0001:00059600       _initRt                    0045a600 f   mmRt.obj
 0001:00059790       _objReallyInRt             0045a790 f   mmRt.obj
 0001:000597d0       _getTenureThreshold        0045a7d0 f   mmScavenge.obj
 0001:000597e0       _initScavenger             0045a7e0 f   mmScavenge.obj
 0001:00059820       _flushEden                 0045a820 f   mmScavenge.obj
 0001:00059840       _flushNewSpace             0045a840 f   mmScavenge.obj
 0001:00059880       _scavengeNewSpace          0045a880 f   mmScavenge.obj
 0001:000598b0       _scavengeTenuringEveryone  0045a8b0 f   mmScavenge.obj
 0001:000598e0       _scavengeTenuringInstancesOf 0045a8e0 f   mmScavenge.obj
 0001:00059900       _scavengeTenuringOwnersOf  0045a900 f   mmScavenge.obj
 0001:00059920       _scavengeTenuringTheseObjs 0045a920 f   mmScavenge.obj
 0001:0005af50       _copyAndForward            0045bf50 f   mmScavenge.obj
 0001:0005b610       _updateNewObjRef           0045c610 f   mmScavenge.obj
 0001:0005b8b0       _initScavengePrims         0045c8b0 f   mmScavenge.obj
 0001:0005bfb0       _mapAllNPCs                0045cfb0 f   mmSnapshot.obj
 0001:0005c230       _initSnapshotPrims         0045d230 f   mmSnapshot.obj
 0001:0005cdd0       _initSubscriptPrims        0045ddd0 f   mmSubscript.obj
 0001:00060dc0       _registerSysOop            00461dc0 f   mmSysOop.obj
 0001:00060e70       _registerNewSysOop         00461e70 f   mmSysOop.obj
 0001:00060f70       _allocSysOopSlot           00461f70 f   mmSysOop.obj
 0001:00060fd0       _freeSysOopSlot            00461fd0 f   mmSysOop.obj
 0001:000610f0       _initSysOopRegistry        004620f0 f   mmSysOop.obj
 0001:00061270       _shrinkSysOopRegistry      00462270 f   mmSysOop.obj
 0001:000612d0       _updateSysOopRegistryPtrs  004622d0 f   mmSysOop.obj
 0001:00061350       _maxValidSysOopX           00462350 f   mmSysOop.obj
 0001:00061360       _reportAllocFailure        00462360 f   checks.obj
 0001:000613f0       _doPanic                   004623f0 f   checks.obj
 0001:00061430       _isAllocatedStack          00462430 f   checks.obj
 0001:00061460       _isFP                      00462460 f   checks.obj
 0001:000614d0       _isStack                   004624d0 f   checks.obj
 0001:00061510       _stackOfFrameFunc          00462510 f   checks.obj
 0001:00061530       _printStackHeader          00462530 f   checks.obj
 0001:00061680       _printSelector             00462680 f   checks.obj
 0001:00061840       _printNameOfClass          00462840 f   checks.obj
 0001:00061950       _printClassName            00462950 f   checks.obj
 0001:00061cd0       _printFrame                00462cd0 f   checks.obj
 0001:00062080       _frameAbove                00463080 f   checks.obj
 0001:000620d0       _rawPrintFrame             004630d0 f   checks.obj
 0001:00062330       _rawPrintThisFrame         00463330 f   checks.obj
 0001:000623b0       _printContext              004633b0 f   checks.obj
 0001:00062440       _printThisFrame            00463440 f   checks.obj
 0001:000624c0       _briefPrintFrame           004634c0 f   checks.obj
 0001:000625c0       _printAllFrames            004635c0 f   checks.obj
 0001:00062650       _printNFrames              00463650 f   checks.obj
 0001:000626f0       _briefPrintAllFrames       004636f0 f   checks.obj
 0001:00062760       _briefPrintFrames          00463760 f   checks.obj
 0001:000627c0       _checkGetSender            004637c0 f   checks.obj
 0001:00062890       _printNFramesAndContextsFrom 00463890 f   checks.obj
 0001:00062990       _printNFramesAndContexts   00463990 f   checks.obj
 0001:000629b0       _printAllFramesAndContextsFrom 004639b0 f   checks.obj
 0001:000629d0       _dPrintNFramesAndContextsFrom 004639d0 f   checks.obj
 0001:000629f0       _dPrintAllFramesAndContextsFrom 004639f0 f   checks.obj
 0001:00062a10       _printAllFramesAndContextsFromContext 00463a10 f   checks.obj
 0001:00062b40       _printAllFramesAndContexts 00463b40 f   checks.obj
 0001:00062bb0       _dumpAll                   00463bb0 f   checks.obj
 0001:00062e90       _dumpAllProcesses          00463e90 f   checks.obj
 0001:00063170       _dumpAllProcessesToFile    00464170 f   checks.obj
 0001:000631c0       _dumpAllToFileCalling      004641c0 f   checks.obj
 0001:00063240       _dumpAllToFileWithString   00464240 f   checks.obj
 0001:000632b0       _dumpAllToFileWithChars    004642b0 f   checks.obj
 0001:000632d0       _dumpAllToFile             004642d0 f   checks.obj
 0001:000632f0       _printStack                004642f0 f   checks.obj
 0001:00063310       _printTopFrame             00464310 f   checks.obj
 0001:00063330       _printCurrent              00464330 f   checks.obj
 0001:00063390       _printChain                00464390 f   checks.obj
 0001:00063490       _logSend                   00464490 f   checks.obj
 0001:000634f0       _className                 004644f0 f   checks.obj
 0001:00063640       _printSendLogFor           00464640 f   checks.obj
 0001:00063750       _printSendLog              00464750 f   checks.obj
 0001:00063760       _isLiveHybrid              00464760 f   contexts.obj
 0001:000637e0       _shouldBeLiveHybrid        004647e0 f   contexts.obj
 0001:000638d0       _CLoadContextInstVar       004648d0 f   contexts.obj
 0001:00063ab0       _contextInstVarNoReify     00464ab0 f   contexts.obj
 0001:00063c50       _CrtStoreContextInstVar    00464c50 f   contexts.obj
 0001:00063c80       _storeContextInstVar       00464c80 f   contexts.obj
 0001:00063f40       _replaceReferencesInHybridFrames 00464f40 f   contexts.obj
 0001:00063fd0       _initContextPrimitives     00464fd0 f   contexts.obj
 0001:00064ff0       _doesNotUnderstandWA       00465ff0 f   dnu.obj
 0001:00065520       _CrtMNUFromPIC             00466520 f   dnu.obj
 0001:00065be0       _Cdnu0                     00466be0 f   dnu.obj
 0001:00065c10       _Cdnu1                     00466c10 f   dnu.obj
 0001:00065c40       _Cdnu2                     00466c40 f   dnu.obj
 0001:00065c80       _Cdnu3                     00466c80 f   dnu.obj
 0001:00065ce0       _CdnuMany                  00466ce0 f   dnu.obj
 0001:00065da0       _doesNotUnderstand         00466da0 f   dnu.obj
 0001:00065df0       _CcantReturn               00466df0 f   dnu.obj
 0001:00065e70       _CrtCannotResume           00466e70 f   dnu.obj
 0001:00065f30       _nilContexts               00466f30 f   nlreturn.obj
 0001:000660b0       _CrtMethodReturn           004670b0 f   nlreturn.obj
 0001:00066460       _handleStackOverflow       00467460 f   nsupport.obj
 0001:000664e0       _CrtAbortPrimFail          004674e0 f   nsupport.obj
 0001:000665d0       _CrtAbortSend              004675d0 f   nsupport.obj
 0001:000666b0       _CrtEndLoop                004676b0 f   nsupport.obj
 0001:000666e0       _CrtCarefulCallPrim        004676e0 f   nsupport.obj
 0001:00066ab0       _CLoadThisContext          00467ab0 f   nsupport.obj
 0001:00066ad0       _CrtCheckStore             00467ad0 f   nsupport.obj
 0001:00066b80       _CrtCheckStoreFrameless    00467b80 f   nsupport.obj
 0001:00066c30       _CrtMakeCopyingBlock       00467c30 f   nsupport.obj
 0001:00067010       _CrtMakeCopyingBlock1      00468010 f   nsupport.obj
 0001:000671f0       _CrtMakeFullBlock          004681f0 f   nsupport.obj
 0001:000673f0       _CrtMakeFullCopyingBlock   004683f0 f   nsupport.obj
 0001:000678c0       _CrtConsArray              004688c0 f   nsupport.obj
 0001:00067aa0       _CrtCreateArray            00468aa0 f   nsupport.obj
 0001:00067b90       _CrtNotBoolean             00468b90 f   nsupport.obj
 0001:00067c50       _CrtNotBooleanTrue         00468c50 f   nsupport.obj
 0001:00067c70       _CrtNotBooleanFalse        00468c70 f   nsupport.obj
 0001:00067c90       _CrtAttemptToAssign        00468c90 f   nsupport.obj
 0001:00067d50       _CrtBadBytecode            00468d50 f   nsupport.obj
 0001:00067e40       _buildSendWithArgs         00468e40 f   primSends.obj
 0001:00067fd0       _buildActivationOfSendWithArgs 00468fd0 f   primSends.obj
 0001:000681b0       _initEvaluationPrimitives  004691b0 f   primSends.obj
 0001:00069580       _CunlinkedSend             0046a580 f   send.obj
 0001:00069670       _CunlinkedSendNonImmediate 0046a670 f   send.obj
 0001:00069720       _CunlinkedSendNoCheck      0046a720 f   send.obj
 0001:00069810       _CunlinkedSendSuper        0046a810 f   send.obj
 0001:000698e0       _handleTranFailure         0046a8e0 f   send.obj
 0001:00069ae0       _outputMeasurements        0046aae0 f   send.obj
 0001:00069af0       _relinkSend                0046aaf0 f   send.obj
 0001:00069bd0       _CrtAbortSendMiss          0046abd0 f   send.obj
 0001:00069c20       _anyAsyncRequests          0046ac20 f   services.obj
 0001:00069c60       _isRequested               0046ac60 f   services.obj
 0001:00069c90       _clearRequest              0046ac90 f   services.obj
 0001:00069cb0       _setRequest                0046acb0 f   services.obj
 0001:00069d00       _handleAsyncRequests       0046ad00 f   services.obj
 0001:00069e20       _handleRequests            0046ae20 f   services.obj
 0001:00069ed0       _asyncSetRequest           0046aed0 f   services.obj
 0001:00069ef0       _frameMakeHybrid           0046aef0 f   stackframe.obj
 0001:0006a150       _stackReify                0046b150 f   stackframe.obj
 0001:0006a1e0       _stackStabilize            0046b1e0 f   stackframe.obj
 0001:0006a320       _relocateDownTo            0046b320 f   stackframe.obj
 0001:0006a570       _frameEnsureStack          0046b570 f   stackframe.obj
 0001:0006aa90       _stabilizeThisContext      0046ba90 f   stackframe.obj
 0001:0006ad00       _stabilizeContextsWithMethod 0046bd00 f   stackframe.obj
 0001:0006adc0       _mustAddNMethod            0046bdc0 f   stackframe.obj
 0001:0006ae10       _mustMapVToNPC             0046be10 f   stackframe.obj
 0001:0006aec0       _stableToHybrid            0046bec0 f   stackframe.obj
 0001:0006b180       _CrootReturn               0046c180 f   stackframe.obj
 0001:0006b220       _resumeContext             0046c220 f   stackframe.obj
 0001:0006b2f0       _suspendTopContext         0046c2f0 f   stackframe.obj
 0001:0006b310       _initStacks                0046c310 f   stackzone.obj
 0001:0006b400       _stackAlloc                0046c400 f   stackzone.obj
 0001:0006b4e0       _stabilizeAllStacks        0046c4e0 f   stackzone.obj
 0001:0006b520       _stabilizeMostStacks       0046c520 f   stackzone.obj
 0001:0006b560       _reifyAllStacks            0046c560 f   stackzone.obj
 0001:0006b600       _stackAtHead               0046c600 f   stackzone.obj
 0001:0006b660       _promoteStack              0046c660 f   stackzone.obj
 0001:0006b6a0       _stackDeAlloc              0046c6a0 f   stackzone.obj
 0001:0006b6f0       _scavengeStacks            0046c6f0 f   vmsupport.obj
 0001:0006b800       _stackEnumerateOopsForGC   0046c800 f   vmsupport.obj
 0001:0006b8a0       _stackEnumerateRefsForGC   0046c8a0 f   vmsupport.obj
 0001:0006b930       _enumerateFramesAndReturns 0046c930 f   vmsupport.obj
 0001:0006b9d0       _commitPrimitive           0046c9d0 f   vmsupport.obj
 0001:0006bb80       _commitPrimitiveAndHandleRequests 0046cb80 f   vmsupport.obj
 0001:0006bbb0       _commitPrimitiveWithRestart 0046cbb0 f   vmsupport.obj
 0001:0006bc00       _convertRestartToReturn    0046cc00 f   vmsupport.obj
 0001:0006bc80       _asynchReCommitOrFailPrimitive 0046cc80 f   vmsupport.obj
 0001:0006bdf0       _topOfStack                0046cdf0 f   vmsupport.obj
 0001:0006bea0       _failPrimitive             0046cea0 f   vmsupport.obj
 0001:0006c020       _reInitNMethods            0046d020 f   nmalloc.obj
 0001:0006c050       _initNMethodAlloc          0046d050 f   nmalloc.obj
 0001:0006c100       _scratchNmzBounds          0046d100 f   nmalloc.obj
 0001:0006c120       _nMethodPermAlloc          0046d120 f   nmalloc.obj
 0001:0006c190       _nMethodAlloc              0046d190 f   nmalloc.obj
 0001:0006c300       _nMethodDealloc            0046d300 f   nmalloc.obj
 0001:0006c360       _nMethodShorten            0046d360 f   nmalloc.obj
 0001:0006c400       _nMethodAllocScratch       0046d400 f   nmalloc.obj
 0001:0006c440       _nMethodAddToList          0046d440 f   nmalloc.obj
 0001:0006c470       _nMethodSelectFromList     0046d470 f   nmalloc.obj
 0001:0006c4d0       _compactNMethods           0046d4d0 f   nmalloc.obj
 0001:0006c4f0       _compactAllNMethods        0046d4f0 f   nmalloc.obj
 0001:0006c580       _printNMZone               0046d580 f   nmalloc.obj
 0001:0006c670       _printNMethodsForVMethod   0046d670 f   nmalloc.obj
 0001:0006c700       _isNMethod                 0046d700 f   nmalloc.obj
 0001:0006c7d0       _nMethodForPC              0046d7d0 f   nmalloc.obj
 0001:0006c880       _nMethodForPCVal           0046d880 f   nmalloc.obj
 0001:0006c8a0       _dbPrintNMethod            0046d8a0 f   nmalloc.obj
 0001:0006c8c0       _printNMethod              0046d8c0 f   nmalloc.obj
 0001:0006cc70       _printNM                   0046dc70 f   nmalloc.obj
 0001:0006cc90       _printNMAtPC               0046dc90 f   nmalloc.obj
 0001:0006ccc0       _printUnlinkedNMethods     0046dcc0 f   nmalloc.obj
 0001:0006cd70       _nmUpdateNewRefs           0046dd70 f   nmcompact.obj
 0001:0006cd90       _invalidateNMethods        0046dd90 f   nmcompact.obj
 0001:0006ce20       _invalidatePostFreeNMethods 0046de20 f   nmcompact.obj
 0001:0006cf10       _nmCompact                 0046df10 f   nmcompact.obj
 0001:0006d0f0       _markNMethodsWithMarkedObjs 0046e0f0 f   nmcompact.obj
 0001:0006d1a0       _markNMethodsAsNotReferringTo 0046e1a0 f   nmcompact.obj
 0001:0006d270       _unlinkAndFreeUnmarkedNMethods 0046e270 f   nmcompact.obj
 0001:0006d370       _listNMethod               0046e370 f   nmcompact.obj
 0001:0006d820       _clearNTable               0046e820 f   nmlookup.obj
 0001:0006d850       _vToNMethod                0046e850 f   nmlookup.obj
 0001:0006d9e0       _nMethodIsInTables         0046e9e0 f   nmlookup.obj
 0001:0006db00       _blockVToNMethod           0046eb00 f   nmlookup.obj
 0001:0006db30       _addNMethod                0046eb30 f   nmlookup.obj
 0001:0006dbc0       _findNMethodLinkBefore     0046ebc0 f   nmlookup.obj
 0001:0006dc00       _findMethod                0046ec00 f   nmlookup.obj
 0001:0006df40       _findMethodForOpenPIC      0046ef40 f   nmlookup.obj
 0001:0006e3e0       _initMCache                0046f3e0 f   nmlookup.obj
 0001:0006e420       _clearMCache               0046f420 f   nmlookup.obj
 0001:0006e490       _nmFlushLookupCache        0046f490 f   nmlookup.obj
 0001:0006e4a0       _nmFlushLookupEntriesForSelector 0046f4a0 f   nmlookup.obj
 0001:0006e540       _nmFlushCachedCodeForMethod 0046f540 f   nmlookup.obj
 0001:0006e630       _basicAccessClass          0046f630 f   nmlookup.obj
 0001:0006e950       _getPrimitiveNumber        0046f950 f   nmlookup.obj
 0001:0006ea00       _nmUpdateNewRefsFromMCache 0046fa00 f   nmlookup.obj
 0001:0006eab0       _printMethodName           0046fab0 f   nmlookup.obj
 0001:0006ede0       _printMethod               0046fde0 f   nmlookup.obj
 0001:0006ee00       _actionInit                0046fe00 f   taction.obj
 0001:0006ee80       _actionReset               0046fe80 f   taction.obj
 0001:0006eeb0       _addAction                 0046feb0 f   taction.obj
 0001:0006f110       _loopBegin                 00470110 f   taction.obj
 0001:0006f180       _loopEnd                   00470180 f   taction.obj
 0001:0006f1d0       _optReFix                  004701d0 f   taction.obj
 0001:0006f250       _initFirstTime             00470250 f   taux.obj
 0001:0006f2d0       _initTemps                 004702d0 f   taux.obj
 0001:0006f620       _tPushArgs                 00470620 f   taux.obj
 0001:0006f650       _tFinishMethod             00470650 f   taux.obj
 0001:0006fae0       _saveSelectorInNMethod     00470ae0 f   taux.obj
 0001:0006faf0       _restoreSelectorFromNMethod 00470af0 f   taux.obj
 0001:0006ff00       _cgenPutB                  00470f00 f   tcgencode.obj
 0001:0006ff10       _cgenPutW                  00470f10 f   tcgencode.obj
 0001:0006ff30       _cgenPutL                  00470f30 f   tcgencode.obj
 0001:0006ff40       _cNopGenTo                 00470f40 f   tcgencode.obj
 0001:0006ffc0       _cgenDiv                   00470fc0 f   tcgencode.obj
 0001:000700d0       _cgenByteRN                004710d0 f   tcgencode.obj
 0001:000701d0       _cgenByteRXn               004711d0 f   tcgencode.obj
 0001:000702a0       _is686OrHigher             004712a0 f   tcgencode.obj
 0001:000702e0       _tcInlineIFlush            004712e0 f   tcgencode.obj
 0001:00070320       _initClearICache           00471320 f   tcgencode.obj
 0001:00070390       _tFJumpCond                00471390 f   tcgencode.obj
 0001:000703e0       _initBxpNotBoolean         004713e0 f   tcodes.obj
 0001:000704c0       _tDup                      004714c0 f   tcodes.obj
 0001:00070560       _tJmp                      00471560 f   tcodes.obj
 0001:000706e0       _tLoopHead                 004716e0 f   tcodes.obj
 0001:00070730       _tJmpBack                  00471730 f   tcodes.obj
 0001:000709d0       _tBxp                      004719d0 f   tcodes.obj
 0001:00070c60       _tCopyingBlock             00471c60 f   tcodes.obj
 0001:00070d10       _tFullBlock                00471d10 f   tcodes.obj
 0001:00070d80       _tFullCopyingBlock         00471d80 f   tcodes.obj
 0001:00070e10       _tConsArray                00471e10 f   tcodes.obj
 0001:00070ea0       _tCreateArray              00471ea0 f   tcodes.obj
 0001:00070f40       _tCopyValues               00471f40 f   tcodes.obj
 0001:00070ff0       _initNMethods              00471ff0 f   tinit.obj
 0001:000710a0       _initTranAfter             004720a0 f   tinit.obj
 0001:000710d0       _initSendTypeTable         004720d0 f   tinit.obj
 0001:00071110       _tMainLoop                 00472110 f   tloop.obj
 0001:00072590       _initStoreInst             00473590 f   tloadstore.obj
 0001:00072720       _tLoadInst                 00473720 f   tloadstore.obj
 0001:00072840       _tStoreInst                00473840 f   tloadstore.obj
 0001:00072b30       _tLoadLocalIndirect        00473b30 f   tloadstore.obj
 0001:00072c60       _tStoreLocalIndirect       00473c60 f   tloadstore.obj
 0001:00072c90       _tStoreCheck               00473c90 f   tloadstore.obj
 0001:00073000       _nmTranslate               00474000 f   tmain.obj
 0001:00073450       _tGenerate                 00474450 f   tmain.obj
 0001:000736a0       _tGenerate1                004746a0 f   tmain.obj
 0001:00073710       _unpackVMethod             00474710 f   tmain.obj
 0001:000739a0       _mapNToVPC                 004749a0 f   tmain.obj
 0001:00073ae0       _mapVToNPC                 00474ae0 f   tmain.obj
 0001:00073b60       _TAbortFunc                00474b60 f   tmain.obj
 0001:00073d60       _printEntireNMethod        00474d60 f   tmain.obj
 0001:00073f30       _fprintNCode               00474f30 f   tmain.obj
 0001:000743a0       _regProc                   004753a0 f   tmain.obj
 0001:00074480       _nmGetXNumArgs             00475480 f   tmaprt.obj
 0001:000744b0       _nmGetXNumTemps            004754b0 f   tmaprt.obj
 0001:000744e0       _nmGetXFrameSize           004754e0 f   tmaprt.obj
 0001:00074510       _nMethodUnlink             00475510 f   tmaprt.obj
 0001:000745b0       _CrtAbortRelinkSendToUnlinked 004755b0 f   tmaprt.obj
 0001:00074650       _mapDataForNpc             00475650 f   tmaprt.obj
 0001:000747b0       _nmInvalidateLinks         004757b0 f   tmaprt.obj
 0001:000748a0       _nmInvalidateLinksTo       004758a0 f   tmaprt.obj
 0001:000749a0       _nmInvalidateLinksToFree   004759a0 f   tmaprt.obj
 0001:00074aa0       _nmInvalidateLinksToUnmarked 00475aa0 f   tmaprt.obj
 0001:00074be0       _nMethodRelocateLinks      00475be0 f   tmaprt.obj
 0001:00074d60       _smashInlineCache          00475d60 f   tmaprt.obj
 0001:00074d80       _smashInlineCall           00475d80 f   tmaprt.obj
 0001:00074da0       _updateInlineCache         00475da0 f   tmaprt.obj
 0001:00074dd0       _updateInlineCacheToPIC    00475dd0 f   tmaprt.obj
 0001:00074df0       _nmUpdateNewLiterals       00475df0 f   tmaprt.obj
 0001:00074fd0       _nMethodRefersTo           00475fd0 f   tmaprt.obj
 0001:00075140       _nMethodRefersToMustScanNMethod 00476140 f   tmaprt.obj
 0001:000751a0       _lastValidNPCOf            004761a0 f   tmaprt.obj
 0001:000751f0       _mapPrimitiveRestart       004761f0 f   tmaprt.obj
 0001:00075260       _mapPrimitiveReturn        00476260 f   tmaprt.obj
 0001:00075280       _nmethFromPrimReturn       00476280 f   tmaprt.obj
 0001:000752a0       _nPCofFirstNonPrimitiveVPC 004762a0 f   tmaprt.obj
 0001:000752c0       _findPCMapStart            004762c0 f   tmaprt.obj
 0001:000752e0       _fprintPCMap               004762e0 f   tmaprt.obj
 0001:00075330       _fprintPCMapByte           00476330 f   tmaprt.obj
 0001:00075520       _printSelectorIfExists     00476520 f   tmaprt.obj
 0001:00075690       _genMapAlloc               00476690 f   tmaptran.obj
 0001:000756c0       _genMapInit                004766c0 f   tmaptran.obj
 0001:000756f0       _genMapMark                004766f0 f   tmaptran.obj
 0001:00075710       _genMapBackToMark          00476710 f   tmaptran.obj
 0001:00075730       _genMapSend                00476730 f   tmaptran.obj
 0001:00075860       _genMapRelCall             00476860 f   tmaptran.obj
 0001:000758e0       _genMapLocProg             004768e0 f   tmaptran.obj
 0001:00075960       _genMapLit                 00476960 f   tmaptran.obj
 0001:00075a10       _genMapOnly                00476a10 f   tmaptran.obj
 0001:00075a50       _genMapTest                00476a50 f   tmaptran.obj
 0001:00075aa0       _genMapClose               00476aa0 f   tmaptran.obj
 0001:00075af0       _genMapCopy                00476af0 f   tmaptran.obj
 0001:00075b40       _incrementProfile          00476b40 f   tnmprim.obj
 0001:00075ba0       _recordCompacted           00476ba0 f   tnmprim.obj
 0001:00075c00       _initNMethodPrims          00476c00 f   tnmprim.obj
 0001:00076e90       _initPrimitiveTable        00477e90 f   tprim.obj
 0001:00076ec0       _addPrimitiveWithParams    00477ec0 f   tprim.obj
 0001:00076f60       _addAsmPrimitive           00477f60 f   tprim.obj
 0001:00076f80       _addCPrimitive             00477f80 f   tprim.obj
 0001:00076fa0       _addVarArgCPrimitive       00477fa0 f   tprim.obj
 0001:00076fc0       _addVarArgCPrimitiveForRange 00477fc0 f   tprim.obj
 0001:00076ff0       _addFastCPrimitive         00477ff0 f   tprim.obj
 0001:00077010       _addUPrimitive             00478010 f   tprim.obj
 0001:00077030       _addVarArgUPrimitive       00478030 f   tprim.obj
 0001:00077050       _getPrimEntry              00478050 f   tprim.obj
 0001:00077090       _tInitRegs                 00478090 f   tregs.obj
 0001:000770b0       _regLoad                   004780b0 f   tregs.obj
 0001:00077180       _regLoadBase               00478180 f   tregs.obj
 0001:00077260       _regNoteStore              00478260 f   tregs.obj
 0001:000772c0       _regFlush                  004782c0 f   tregs.obj
 0001:000772e0       _regLoadup                 004782e0 f   tregs.obj
 0001:000773b0       _regReconcile              004783b0 f   tregs.obj
 0001:00077580       _regCleanup                00478580 f   tregs.obj
 0001:00077680       _tAddSub                   00478680 f   tspecial.obj
 0001:00077a50       _tReln                     00478a50 f   tspecial.obj
 0001:00077fc0       _tEqNeq                    00478fc0 f   tspecial.obj
 0001:000780d0       _tNone                     004790d0 f   tspecial.obj
 0001:000780e0       _tStackInit                004790e0 f   tstack.obj
 0001:00078250       _localFrameOffset          00479250 f   tstack.obj
 0001:00078280       _tStackClear               00479280 f   tstack.obj
 0001:000782c0       _tStackFlush               004792c0 f   tstack.obj
 0001:00078420       _tStackPush                00479420 f   tstack.obj
 0001:00078660       _tStackLoad                00479660 f   tstack.obj
 0001:000788c0       _tStackLoadValue           004798c0 f   tstack.obj
 0001:00078a30       _tStackLoadBase            00479a30 f   tstack.obj
 0001:00078ba0       _tStackLoadDataPtr         00479ba0 f   tstack.obj
 0001:00078c70       _tStackStore               00479c70 f   tstack.obj
 0001:00078ef0       _tStackCompare             00479ef0 f   tstack.obj
 0001:000790b0       _tStackCompareBase         0047a0b0 f   tstack.obj
 0001:00079160       _emitArgs                  0047a160 f   tstack.obj
 0001:00079550       _lookBranch                0047a550 f   tsubr.obj
 0001:000795e0       _tReturn                   0047a5e0 f   tsubr.obj
 0001:00079650       _initTxArithPrims          0047a650 f   txarith.obj
 0001:0007a6d0       _initTxAborts              0047b6d0 f   txcontrol.obj
 0001:0007a730       _initTxControlPrims        0047b730 f   txcontrol.obj
 0001:0007aac0       _tCallMethodForKnownSelector 0047bac0 f   txcontrol.obj
 0001:0007aff0       _initTxMemPrims            0047bff0 f   txmem.obj
 0001:0007b6c0       _tAllocFloat               0047c6c0 f   txmem.obj
 0001:0007baa0       _tranNoteEdenWarningThresholdChanged 0047caa0 f   txmem.obj
 0001:0007bae0       _tcCmpEdenWarningThresholdB 0047cae0 f   txmem.obj
 0001:0007bbf0       _makeTranslatedPrimitives  0047cbf0 f   txprim.obj
 0001:0007bd20       _txFixShortList            0047cd20 f   txprim.obj
 0001:0007bd50       _txMakeBoolean             0047cd50 f   txprim.obj
 0001:0007bd90       _txGetClassTag             0047cd90 f   txprim.obj
 0001:0007bf90       _txUseCPrim                0047cf90 f   txprim.obj
 0001:0007c040       _initTxSubscriptPrims      0047d040 f   txsubscript.obj
 0001:0007d040       _tMoveSizeR                0047e040 f   txsubscript.obj
 0001:0007d900       _initPICs                  0047e900 f   tpic.obj
 0001:0007daf0       _CrtOpenPICSendMiss        0047eaf0 f   tpic.obj
 0001:0007db80       _CrtExtendClosedPIC        0047eb80 f   tpic.obj
 0001:0007ddb0       _nPICMNUNMethod            0047edb0 f   tpic.obj
 0001:0007ddd0       _bindToMNUPIC              0047edd0 f   tpic.obj
 0001:0007e1b0       _CrtPICAbortSendMiss       0047f1b0 f   tpic.obj
 0001:0007e510       _shouldFreePIC             0047f510 f   tpic.obj
 0001:0007e5d0       _nPICRelocateLinks         0047f5d0 f   tpic.obj
 0001:0007e740       _nPICHasLinksToUnmarked    0047f740 f   tpic.obj
 0001:0007e860       _saveSelectorInNPIC        0047f860 f   tpic.obj
 0001:0007e870       _restoreSelectorFromNPIC   0047f870 f   tpic.obj
 0001:0007e890       _nPICUpdateNewLits         0047f890 f   tpic.obj
 0001:0007e920       _flushCachedMNUMethodEntriesFor 0047f920 f   tpic.obj
 0001:0007e990       _printPICSelectors         0047f990 f   tpic.obj
 0001:0007ea40       _printNPIC                 0047fa40 f   tpic.obj
 0001:0007ecf0       _printEntireNPIC           0047fcf0 f   tpic.obj
 0001:0007ee00       _findNPICEnd               0047fe00 f   tpic.obj
 0001:0007ee40       _dis80286                  0047fe40 f   procPentiumdis.obj
 0001:0007ee60       _dis80386                  0047fe60 f   procPentiumdis.obj
 0001:0007ee80       _dis80x86                  0047fe80 f   procPentiumdis.obj
 0001:0007fa70       _oprintf                   00480a70 f   procPentiumdis.obj
 0001:0007fdb0       _modrm                     00480db0 f   procPentiumdis.obj
 0001:0007ff10       _memop                     00480f10 f   procPentiumdis.obj
 0001:00080040       _printReg                  00481040 f   procPentiumdis.obj
 0001:00080080       __aulldiv                  00481080 f   msvcrt:ulldiv.obj
 0001:000800e8       __ftol                     004810e8 f   msvcrt:MSVCRT.dll
 0001:000800f0       __chkstk                   004810f0 f   msvcrt:chkstk.obj
 0001:000800f0       __alloca_probe             004810f0 f   msvcrt:chkstk.obj
 0001:00080120       _sin                       00481120 f   msvcrt:MSVCRT.dll
 0001:00080126       _cos                       00481126 f   msvcrt:MSVCRT.dll
[...]
 0001:00026db0       _partitionedMulwithnBitsnPartitions 00427db0 f   exBitBlt.obj
 0001:00026e30       _rgbSubwith                00427e30 f   exBitBlt.obj
 0001:00026eb0       _setWordwith               00427eb0 f   exBitBlt.obj
 0001:00027530       _sourceWordwith            00428530 f   exBitBlt.obj
 0001:00027540       _srcLongAt                 00428540 f   exBitBlt.obj
 0001:00027580       _subWordwith               00428580 f   exBitBlt.obj
 0001:00027590       _tileArrayCopyBitsstridewidthxysourcestridewidthxywidthheigthrule 00428590 f   exBitBlt.obj
 0001:000275e0       _unlockSurfaces            004285e0 f   exBitBlt.obj
 0001:000276b0       _warpLoopSmoothing         004286b0 f   exBitBlt.obj
 0001:00027fd0       _deltaFromtonSteps         00428fd0 f   exBitBlt.obj
 0001:00028020       _fetchIntOrFloatofObject   00429020 f   exBitBlt.obj
 0001:000280d0       _mapDestPixel              004290d0 f   exBitBlt.obj
 0001:00028140       _warpPickSmoothPixelsxDeltahyDeltahxDeltavyDeltavsmoothingdstShiftInc 00429140 f   exBitBlt.obj
 0001:000218f0       _thunkArgumentsFar         004228f0 f   ntcbk16.obj
 0001:00020ba0       _processException          00421ba0 f   ntcallc.obj
 0001:0001eff0       _thunkProcess              0041fff0 f   ntcallbk.obj
 0001:0001f520       _thunkArguments            00420520 f   ntcallbk.obj
 0001:0001e090       _invokeCOMMethod           0041f090 f   ntcom.obj
 0001:0001cf50       _pollEvents                0041df50 f   ntwin.obj
 0001:0001cbe0       _pdReInitTime              0041dbe0 f   nttime.obj
 0001:0001abb0       _primNewPrinter            0041bbb0 f   ntprint.obj
 0001:0001ad70       _bInitCoordinateSystem     0041bd70 f   ntprint.obj
 0001:0001ae10       _primBeginPrintJob         0041be10 f   ntprint.obj
 0001:0001af10       _primSendToPrinter         0041bf10 f   ntprint.obj
 0001:0001afb0       _primClosePrinter          0041bfb0 f   ntprint.obj
 0001:0001b040       _primNewPage               0041c040 f   ntprint.obj
 0001:0001b0f0       _primListPrinterFonts      0041c0f0 f   ntprint.obj
 0001:0001b190       _primCreatePrinterFont     0041c190 f   ntprint.obj
 0001:0001b420       _primPrintImage            0041c420 f   ntprint.obj
 0001:0001b460       _bSTImageToDC              0041c460 f   ntprint.obj
 0001:0001b9a0       _primPrintMonoImage        0041c9a0 f   ntprint.obj
 0001:0001ba80       _primColorPrinterDepthAndBitsPerPixel 0041ca80 f   ntprint.obj
 0001:0001bb50       _primCoveragePrinterDepthAndBitsPerPixel 0041cb50 f   ntprint.obj
 0001:0001bbf0       _primGetPrinterDimensions  0041cbf0 f   ntprint.obj
 0001:0001c0b0       _primPrinterName           0041d0b0 f   ntprint.obj
 0001:0001c170       _primChangePrinterExtent   0041d170 f   ntprint.obj
 0001:0001c280       _primSetLandscape          0041d280 f   ntprint.obj
 0001:0001c390       _primPrinterEscape         0041d390 f   ntprint.obj
 0001:0001c430       _primStartPage             0041d430 f   ntprint.obj
 0001:0001c4e0       _primEndPage               0041d4e0 f   ntprint.obj
 0001:0001c570       _primSendJobToPrinter      0041d570 f   ntprint.obj
 0001:00017d80       _outputWSALastError        00418d80 f   ntsock.obj
 0001:00017fb0       _sockWSAEvent              00418fb0 f   ntsock.obj
 0001:000180a0       _sockSignalSemaphore       004190a0 f   ntsock.obj
 0001:00018150       _sockCleanup               00419150 f   ntsock.obj
 0001:00018320       _sockInit                  00419320 f   ntsock.obj
 0001:000184a0       _setSem                    004194a0 f   ntsock.obj
 0001:000186a0       _sockOpen                  004196a0 f   ntsock.obj
 0001:00018910       _sockAccept                00419910 f   ntsock.obj
 0001:00018d80       _sockBind                  00419d80 f   ntsock.obj
 0001:00018e60       _sockListen                00419e60 f   ntsock.obj
 0001:00018f30       _sockConnect               00419f30 f   ntsock.obj
 0001:00018fe0       _sockRecvfrom              00419fe0 f   ntsock.obj
 0001:00019200       _sockSendto                0041a200 f   ntsock.obj
 0001:00019420       _sockShutdown              0041a420 f   ntsock.obj
 0001:000194d0       _sockSetOptions            0041a4d0 f   ntsock.obj
 0001:00019640       _sockGetOptions            0041a640 f   ntsock.obj
 0001:000197f0       _sockGetName               0041a7f0 f   ntsock.obj
 0001:00019940       _sockGetPeer               0041a940 f   ntsock.obj
 0001:00019b30       _sockAtMark                0041ab30 f   ntsock.obj
 0001:00019be0       _getIPHostNum              0041abe0 f   ntsock.obj
 0001:00019d70       _getIPProtoNum             0041ad70 f   ntsock.obj
 0001:00019e30       _getIPServNum              0041ae30 f   ntsock.obj
 0001:00019f70       _getIPHostNam              0041af70 f   ntsock.obj
 0001:0001a0e0       _getIPProtoNam             0041b0e0 f   ntsock.obj
 0001:0001a1b0       _getIPServNam              0041b1b0 f   ntsock.obj
 0001:0001a2b0       _primGetHostname           0041b2b0 f   ntsock.obj
 0001:0001a390       _sockClose                 0041b390 f   ntsock.obj
 0001:0001a440       _loadSocketLibrary         0041b440 f   ntsock.obj
 0001:0001a450       _bCreateSocketWindow       0041b450 f   ntsock.obj
 0001:00016d80       _fileOpen                  00417d80 f   ntfio.obj
 0001:00017040       _fileClose                 00418040 f   ntfio.obj
 0001:000170f0       _fileRead                  004180f0 f   ntfio.obj
 0001:00017240       _fileWrite                 00418240 f   ntfio.obj
 0001:00017390       _fileSeek                  00418390 f   ntfio.obj
 0001:000174f0       _fileTruncate              004184f0 f   ntfio.obj
 0001:000175f0       _ioaCommit                 004185f0 f   ntfio.obj
 0001:000176a0       _fileSize                  004186a0 f   ntfio.obj
 0001:00017820       _lockOrUnlock              00418820 f   ntfio.obj
 0001:000179a0       _outstanding               004189a0 f   ntfio.obj
 0001:00017a40       _bufferSize                00418a40 f   ntfio.obj
 0001:00017a90       _primGetDescriptor         00418a90 f   ntfio.obj
 0001:00017b10       _primGetStdHandle          00418b10 f   ntfio.obj
 0001:00014570       _bFileSize                 00415570 f   ntfile.obj
 0001:00014780       _getDates                  00415780 f   ntfile.obj
 0001:00014920       _listDir                   00415920 f   ntfile.obj
 0001:00014f20       _invalidDrive              00415f20 f   ntfile.obj
 0001:00014f70       _deleteFile                00415f70 f   ntfile.obj
 0001:00015030       _isDirectory               00416030 f   ntfile.obj
 0001:000150e0       _renameFile                004160e0 f   ntfile.obj
 0001:000151e0       _makeDir                   004161e0 f   ntfile.obj
 0001:00015290       _defaultDir                00416290 f   ntfile.obj
 0001:00015330       _primFileSize              00416330 f   ntfile.obj
 0001:00015420       _isWritable                00416420 f   ntfile.obj
 0001:00015520       _setWritable               00416520 f   ntfile.obj
 0001:00015600       _fileExists                00416600 f   ntfile.obj
 0001:00015670       _getVolumeStrings          00416670 f   ntfile.obj
 0001:00015980       _fileSystem                00416980 f   ntfile.obj
 0001:00015b20       _fileSystemAttributes      00416b20 f   ntfile.obj
 0001:000163d0       _primPrintPostScriptFile   004173d0 f   ntfile.obj
 0001:000164c0       _primPrintTextFile         004174c0 f   ntfile.obj
 0001:000165d0       _primEnvironment           004175d0 f   ntfile.obj
 0001:000167e0       _commandLineArguments      004177e0 f   ntfile.obj
 0001:000169b0       _primProcessId             004179b0 f   ntfile.obj
 0001:000169f0       _IOinform                  004179f0 f   ntfile.obj
 0001:00016b40       _primGetLocale             00417b40 f   ntfile.obj
 0001:00014110       _imeSetSpot                00415110 f   ntnls.obj
 0001:00014190       _hAllocIME                 00415190 f   ntnls.obj
 0001:000141b0       _imeSetRoot                004151b0 f   ntnls.obj
 0001:00014220       _imeSetArea                00415220 f   ntnls.obj
 0001:00014260       _imeSetFont                00415260 f   ntnls.obj
 0001:00014270       _initIMEFuncs              00415270 f   ntnls.obj
 0001:00012f30       _realOeMain                00413f30 f   ntmain.obj
 0001:00013030       _getWinPlatformId          00414030 f   ntmain.obj
 0001:00013080       _initProgramOptions        00414080 f   ntmain.obj
 0001:00013110       _initFloatingPoint         00414110 f   ntmain.obj
 0001:00013130       _exceptionHandler          00414130 f   ntmain.obj
 0001:00013180       _innerOeMain               00414180 f   ntmain.obj
 0001:00013460       _verifyCurrentDirectory    00414460 f   ntmain.obj
 0001:00013600       _parseCommandLine          00414600 f   ntmain.obj
 0001:000136e0       _bRegisterWinClasses       004146e0 f   ntmain.obj
 0001:00013750       _bRegisterPopupWinClass    00414750 f   ntmain.obj
 0001:000137a0       _bRegisterDialogWinClass   004147a0 f   ntmain.obj
 0001:000137f0       _bRegisterNormalWinClass   004147f0 f   ntmain.obj
 0001:00013840       _bRegisterFullScreenHiddenWinClass 00414840 f   ntmain.obj
 0001:00013910       _HiddenWndProc@16          00414910 f   ntmain.obj
 0001:00013940       _bRegisterHiddenSocketWinClass 00414940 f   ntmain.obj
 0001:00013990       _MonitorSizeCallback@16    00414990 f   ntmain.obj
 0001:00012840       _InsertIOBlock             00413840 f   ntioblok.obj
 0001:00012880       _bInitIOSem                00413880 f   ntioblok.obj
 0001:00012930       _isOnList                  00413930 f   ntioblok.obj
 0001:00011f00       _primDisplayImage          00412f00 f   ntimage.obj
 0001:00012100       _hbmCreateImage            00413100 f   ntimage.obj
 0001:00012490       _primDisplayMonoImage      00413490 f   ntimage.obj
 0001:00011d60       _callIs686OrHigher         00412d60 f   nticache.obj
 0001:00010f90       _heraldWndProc@16          00411f90 f   ntherald.obj
 0001:00011470       _ReadResourceBitmap        00412470 f   ntherald.obj
 0001:00011510       _ReadBitmapFromFile        00412510 f   ntherald.obj
 0001:00011720       _MakeDIBPalette            00412720 f   ntherald.obj
 0001:00010e00       _primDeviceColormap        00411e00 f   ntgraph.obj
 0001:0000db80       _extractPort               0040eb80 f   ntgc.obj
 0001:0000e3f0       _primDisplayLine           0040f3f0 f   ntgc.obj
 0001:0000e690       _primDisplayPolyLine       0040f690 f   ntgc.obj
 0001:0000e7a0       _primDisplayPolygon        0040f7a0 f   ntgc.obj
 0001:0000e8b0       _primDisplayRectangle      0040f8b0 f   ntgc.obj
 0001:0000ea40       _primDisplayRectangularBorder 0040fa40 f   ntgc.obj
 0001:0000ec50       _primDisplayArc            0040fc50 f   ntgc.obj
 0001:0000f1b0       _calcArcPoint              004101b0 f   ntgc.obj
 0001:0000f250       _primDisplayWedge          00410250 f   ntgc.obj
 0001:0000f710       _primDisplayMask           00410710 f   ntgc.obj
 0001:0000f930       _primCopyRectangularArea   00410930 f   ntgc.obj
 0001:0000fd90       _primCopyMaskedArea        00410d90 f   ntgc.obj
 0001:00010340       _primIdentifierString      00411340 f   ntgc.obj
 0001:0000bca0       _iWinEnumFonts             0040cca0 f   ntfont.obj
 0001:0000be60       _appendFontToInfo          0040ce60 f   ntfont.obj
 0001:0000bf20       _collectFontFacesCallback@16 0040cf20 f   ntfont.obj
 0001:0000c000       _printFontSizeCallback@16  0040d000 f   ntfont.obj
 0001:0000c210       _primDisplayMappedString   0040d210 f   ntfont.obj
 0001:0000c4c0       _primDisplayWideChars      0040d4c0 f   ntfont.obj
 0001:0000c700       _primDisplayCharacter      0040d700 f   ntfont.obj
 0001:0000c820       _primOpenFontOnly          0040d820 f   ntfont.obj
 0001:0000ca80       _primGetFontWidths         0040da80 f   ntfont.obj
 0001:0000ceb0       _primUnLoadFont            0040deb0 f   ntfont.obj
 0001:0000cf30       _primListFonts             0040df30 f   ntfont.obj
 0001:0000b600       _getCursorPositions        0040c600 f   ntevent.obj
 0001:0000b650       _updateMetaState           0040c650 f   ntevent.obj
 0001:0000b740       _EnumAllMenus@8            0040c740 f   ntevent.obj
 0001:00009c30       _nameOfError               0040ac30 f   ntecode.obj
 0001:00009ce0       _cmpei                     0040ace0 f   ntecode.obj
 0001:00009d00       _getErrMsg                 0040ad00 f   ntecode.obj
 0001:00009680       _primLoadLibrary           0040a680 f   ntdynld.obj
 0001:000098d0       _primUnloadLibrary         0040a8d0 f   ntdynld.obj
 0001:00009a30       _primMapExternalName       0040aa30 f   ntdynld.obj
 0001:00009080       _createCursorResource      0040a080 f   ntcurs.obj
 0001:000092b0       _enableHostCursors         0040a2b0 f   ntcurs.obj
 0001:000092e0       _showCursorResource        0040a2e0 f   ntcurs.obj
 0001:00009350       _loadSystemCursorFor       0040a350 f   ntcurs.obj
 0001:000093e0       _freeCursorResource        0040a3e0 f   ntcurs.obj
 0001:000058d0       _undoModality              004068d0 f   ntcanvas.obj
 0001:00005950       _dwGetWindowProcessId      00406950 f   ntcanvas.obj
 0001:00005bc0       _primDestroyWindow         00406bc0 f   ntcanvas.obj
 0001:00005c80       _getDrawableAndGC          00406c80 f   ntcanvas.obj
 0001:00005d20       _primSetMinMaxConstraints  00406d20 f   ntcanvas.obj
 0001:00005e00       _hwndOfWindowOop           00406e00 f   ntcanvas.obj
 0001:00005e80       _primStoreLabels           00406e80 f   ntcanvas.obj
 0001:00005ef0       _primGetDimensions         00406ef0 f   ntcanvas.obj
 0001:00006180       _primXMoveResizeWindow     00407180 f   ntcanvas.obj
 0001:00006320       _primXRaiseWindow          00407320 f   ntcanvas.obj
 0001:000063a0       _primXLowerWindow          004073a0 f   ntcanvas.obj
 0001:00006440       _primCollapseWindow        00407440 f   ntcanvas.obj
 0001:00006480       _primExpandWindow          00407480 f   ntcanvas.obj
 0001:000064e0       _primCreateWindowOnScreen  004074e0 f   ntcanvas.obj
 0001:00006850       _hwndCreate                00407850 f   ntcanvas.obj
 0001:00006c10       _primWindowActivate        00407c10 f   ntcanvas.obj
 0001:00006c90       _primSetIcon               00407c90 f   ntcanvas.obj
 0001:00006d70       _createAndSetIcon          00407d70 f   ntcanvas.obj
 0001:00006e30       _primSetTransparentIcon    00407e30 f   ntcanvas.obj
 0001:00006f60       _primWinFlush              00407f60 f   ntcanvas.obj
 0001:00006f70       _primGetScreenDimensions   00407f70 f   ntcanvas.obj
 0001:000070a0       _MonitorSizeCallback@16    004080a0 f   ntcanvas.obj
 0001:00007210       _primWindowUnmap           00408210 f   ntcanvas.obj
 0001:00007260       _primNewPixmap             00408260 f   ntcanvas.obj
 0001:000073f0       _primNewMask               004083f0 f   ntcanvas.obj
 0001:000075e0       _primDestroyPixmap         004085e0 f   ntcanvas.obj
 0001:00007640       _primPixmapFromClipboard   00408640 f   ntcanvas.obj
 0001:00007940       _primPixmapToClipboard     00408940 f   ntcanvas.obj
 0001:00007af0       _primWindowBackground      00408af0 f   ntcanvas.obj
 0001:00007c40       _primQueryStackingOrder    00408c40 f   ntcanvas.obj
 0001:00007d00       _primPixmapMaskContentsInto 00408d00 f   ntcanvas.obj
 0001:000080e0       _getDrawableContentsInto   004090e0 f   ntcanvas.obj
 0001:000083a0       _primWindowContentsInto    004093a0 f   ntcanvas.obj
 0001:000088e0       _primScreenContentsInto    004098e0 f   ntcanvas.obj
 0001:00008d60       _primColorScreenDepthAndBitsPerPixel 00409d60 f   ntcanvas.obj
 0001:00008db0       _primCoverageScreenDepthAndBitsPerPixel 00409db0 f   ntcanvas.obj
 0001:00008e30       _primWindowAtPoint         00409e30 f   ntcanvas.obj
 0001:00008e90       _primHostColors            00409e90 f   ntcanvas.obj
 0001:00008f80       _primWindowHandle          00409f80 f   ntcanvas.obj
 0001:00003b00       _primDragShape             00404b00 f   ntanim.obj
 0001:00004610       _GetButtonState            00405610 f   ntanim.obj
 0001:00004660       _trackUser                 00405660 f   ntanim.obj
 0001:000046c0       _calculateBounds           004056c0 f   ntanim.obj
 0001:00004730       _getShape                  00405730 f   ntanim.obj
 0001:000047c0       _displayShape              004057c0 f   ntanim.obj
 0001:00004880       _primResizeRectangle       00405880 f   ntanim.obj
 0001:00005540       _primDisplayShape          00406540 f   ntanim.obj
 0001:00005700       _createHiddenFullScreenWindow 00406700 f   ntanim.obj
 0001:00005760       _destroyHiddenFullScreenWindow 00406760 f   ntanim.obj
 0001:00005780       _processDummyEvents        00406780 f   ntanim.obj
 0001:00003260       _changePollTimerState      00404260 f   ntalarm.obj
 0001:000034b0       _delayStateMachine@4       004044b0 f   ntalarm.obj
 0001:00003590       _pollHeartbeat@4           00404590 f   ntalarm.obj
 0001:00003640       _killTimerThread           00404640 f   ntalarm.obj
 0001:00003830       _startProfileThread        00404830 f   ntalarm.obj
 0001:00003920       _profileHeartbeat@4        00404920 f   ntalarm.obj
 0001:000039e0       _changeProfileTimerState   004049e0 f   ntalarm.obj
 0001:00000320       _cToSTint                  00401320 f   prUdummy.obj
 0001:000003b0       _cToSTfloat                004013b0 f   prUdummy.obj
 0001:00002970       _cToSTdouble               00403970 f   prUdummy.obj
 0001:000866d0       _huft_build                004876d0 f   zlib:inftrees.obj
 0001:000843a0       _tr_static_init            004853a0 f   zlib:trees.obj
 0001:000843b0       _init_block                004853b0 f   zlib:trees.obj
 0001:000848d0       _build_tree                004858d0 f   zlib:trees.obj
 0001:00084b00       _pqdownheap                00485b00 f   zlib:trees.obj
 0001:00084be0       _gen_bitlen                00485be0 f   zlib:trees.obj
 0001:00084df0       _gen_codes                 00485df0 f   zlib:trees.obj
 0001:00084e70       _build_bl_tree             00485e70 f   zlib:trees.obj
 0001:00084ef0       _scan_tree                 00485ef0 f   zlib:trees.obj
 0001:00084ff0       _send_all_trees            00485ff0 f   zlib:trees.obj
 0001:00085220       _send_tree                 00486220 f   zlib:trees.obj
 0001:00085830       _compress_block            00486830 f   zlib:trees.obj
 0001:00085c70       _set_data_type             00486c70 f   zlib:trees.obj
 0001:00085cf0       _bi_reverse                00486cf0 f   zlib:trees.obj
 0001:00085d20       _bi_flush                  00486d20 f   zlib:trees.obj
 0001:00085da0       _bi_windup                 00486da0 f   zlib:trees.obj
 0001:00085e10       _copy_block                00486e10 f   zlib:trees.obj
 0001:000822c0       _putShortMSB               004832c0 f   zlib:deflate.obj
 0001:000822f0       _flush_pending             004832f0 f   zlib:deflate.obj
 0001:000825d0       _lm_init                   004835d0 f   zlib:deflate.obj
 0001:00082670       _deflate_stored            00483670 f   zlib:deflate.obj
 0001:000827d0       _fill_window               004837d0 f   zlib:deflate.obj
 0001:00082910       _read_buf                  00483910 f   zlib:deflate.obj
 0001:00082990       _deflate_fast              00483990 f   zlib:deflate.obj
 0001:00082cb0       _longest_match             00483cb0 f   zlib:deflate.obj
 0001:00082e20       _deflate_slow              00483e20 f   zlib:deflate.obj
 0001:00080c50       _gz_open                   00481c50 f   zlib:gzio.obj
 0001:00080f50       _check_header              00481f50 f   zlib:gzio.obj
 0001:000810b0       _get_byte                  004820b0 f   zlib:gzio.obj
 0001:00081130       _destroy                   00482130 f   zlib:gzio.obj
 0001:00081660       _do_flush                  00482660 f   zlib:gzio.obj
 0001:00081940       _getLong                   00482940 f   zlib:gzio.obj
 0001:000819f0       _putLong                   004829f0 f   zlib:gzio.obj
