 vwntoe

 Timestamp is 42557c3d (Thu Apr 07 11:30:21 2005)

 Preferred load address is 00410000

 Start         Length     Name                   Class
 0001:00000000 000878e4H .text                   CODE
 0002:00000000 00000cdcH CODE                    CODE
 0003:00000000 00000520H .idata$5                DATA
 0003:00000520 0000af91H .rdata                  DATA
 0003:0000b4b4 000000c8H .idata$2                DATA
 0003:0000b57c 00000014H .idata$3                DATA
 0003:0000b590 00000520H .idata$4                DATA
 0003:0000bab0 000011e6H .idata$6                DATA
 0003:0000cca0 00001523H .edata                  DATA
 0004:00000000 00000004H .CRT$XCA                DATA
 0004:00000004 00000004H .CRT$XCZ                DATA
 0004:00000008 00000004H .CRT$XIA                DATA
 0004:0000000c 00000004H .CRT$XIZ                DATA
 0004:00000010 00002bdcH .data                   DATA
 0004:00002bf0 00004128H .bss                    DATA
 0005:00000000 0000002cH DATA                    DATA
 0006:00000000 000000a0H .rsrc$01                DATA
 0006:000000a0 00000300H .rsrc$02                DATA

  Address         Publics by Value              Rva+Base     Lib:Object

 0001:00000000       __ftext                    00411000 f   ntstart.obj
 0001:00000010       _UPfail                    00411010 f   prUdummy.obj
 0001:00000030       _oeFail                    00411030 f   prUdummy.obj
 0001:00000050       __UPaddPrimitive           00411050 f   prUdummy.obj
 0001:00000090       _UPstartLongPrimitive      00411090 f   prUdummy.obj
 0001:000000a0       _UPfinishLongPrimitive     004110a0 f   prUdummy.obj
 0001:000000b0       _UPnil                     004110b0 f   prUdummy.obj
 0001:000000c0       _UPSTtoCbool               004110c0 f   prUdummy.obj
 0001:00000140       _UPSTtoCint                00411140 f   prUdummy.obj
 0001:000001c0       _UPSTtoCchar               004111c0 f   prUdummy.obj
 0001:00000240       _UPSTtoCfloat              00411240 f   prUdummy.obj
 0001:000002e0       _UPCtoSTbool               004112e0 f   prUdummy.obj
 0001:00000300       _UPCtoSTint                00411300 f   prUdummy.obj
 0001:00000360       _UPCtoSTchar               00411360 f   prUdummy.obj
 0001:00000370       _UPCtoSTfloat              00411370 f   prUdummy.obj
 0001:00000420       _UPallocString             00411420 f   prUdummy.obj
 0001:00000520       _UPallocByteArray          00411520 f   prUdummy.obj
 0001:00000620       _UPallocArray              00411620 f   prUdummy.obj
 0001:000007e0       _UPcopySTtoCstring         004117e0 f   prUdummy.obj
 0001:000008f0       _UPcopySTtoCbytes          004118f0 f   prUdummy.obj
 0001:000009f0       _UPcopySTtoCintArray       004119f0 f   prUdummy.obj
 0001:00000b70       _UPcopySTtoCfloatArray     00411b70 f   prUdummy.obj
 0001:00000d20       _UPcopyCtoSTstring         00411d20 f   prUdummy.obj
 0001:00000e30       _UPcopyCtoSTbytes          00411e30 f   prUdummy.obj
 0001:00000f30       _UPcopyCtoSTintArray       00411f30 f   prUdummy.obj
 0001:000010a0       _UPcopyCtoSTfloatArray     004120a0 f   prUdummy.obj
 0001:000012c0       _UPinstVarSize             004122c0 f   prUdummy.obj
 0001:00001330       _UPindexVarSize            00412330 f   prUdummy.obj
 0001:00001420       _UPbasicAt                 00412420 f   prUdummy.obj
 0001:00001530       _UPinstVarAt               00412530 f   prUdummy.obj
 0001:00001620       _UPbyteAt                  00412620 f   prUdummy.obj
 0001:00001700       _UPintegerAt               00412700 f   prUdummy.obj
 0001:00001850       _UPfloatAt                 00412850 f   prUdummy.obj
 0001:000019b0       _UPdoubleAt                004129b0 f   prUdummy.obj
 0001:00001b30       _UPbasicAtPut              00412b30 f   prUdummy.obj
 0001:00001d10       _UPinstVarAtPut            00412d10 f   prUdummy.obj
 0001:00001ed0       _UPbyteAtPut               00412ed0 f   prUdummy.obj
 0001:00001fc0       _UPintegerAtPut            00412fc0 f   prUdummy.obj
 0001:00002170       _UPfloatAtPut              00413170 f   prUdummy.obj
 0001:00002340       _UPisCharacter             00413340 f   prUdummy.obj
 0001:00002360       _UPisInteger               00413360 f   prUdummy.obj
 0001:00002370       _UPisString                00413370 f   prUdummy.obj
 0001:00002400       _UPisByteArray             00413400 f   prUdummy.obj
 0001:00002490       _UPisArrayOfInteger        00413490 f   prUdummy.obj
 0001:00002580       _UPisArrayOfFloat          00413580 f   prUdummy.obj
 0001:00002690       _UPisBoolean               00413690 f   prUdummy.obj
 0001:00002700       _UPisFloat                 00413700 f   prUdummy.obj
 0001:00002790       _UPisByteLike              00413790 f   prUdummy.obj
 0001:00002800       _UPinstallErrorHandler     00413800 f   prUdummy.obj
 0001:00002820       _UPisImmediate             00413820 f   prUdummy.obj
 0001:00002830       _UPclass                   00413830 f   prUdummy.obj
 0001:000028a0       _UPSTtoCdouble             004138a0 f   prUdummy.obj
 0001:00002950       _UPCtoSTdouble             00413950 f   prUdummy.obj
 0001:00002a00       _UPisDouble                00413a00 f   prUdummy.obj
 0001:00002a80       _UPisKindOf                00413a80 f   prUdummy.obj
 0001:00002b40       _UPinstallPollHandler      00413b40 f   prUdummy.obj
 0001:00002b60       _UPsignalSemaphore         00413b60 f   prUdummy.obj
 0001:00002bd0       _UPpostInterrupt           00413bd0 f   prUdummy.obj
 0001:00002be0       _UPregisteredHandleAt      00413be0 f   prUdummy.obj
 0001:00002c30       _UPregisteredHandleAtPut   00413c30 f   prUdummy.obj
 0001:00002c70       _UPallocRegistrySlot       00413c70 f   prUdummy.obj
 0001:00002ca0       _UPallocFsObject           00413ca0 f   prUdummy.obj
 0001:00002d50       _UPallocVsObject           00413d50 f   prUdummy.obj
 0001:00002e20       _UPclassType               00413e20 f   prUdummy.obj
 0001:00002e80       _UPreturnHandle            00413e80 f   prUdummy.obj
 0001:00002ed0       _UPreturnNil               00413ed0 f   prUdummy.obj
 0001:00002ee0       _UPreturnTrue              00413ee0 f   prUdummy.obj
 0001:00002ef0       _UPreturnFalse             00413ef0 f   prUdummy.obj
 0001:00002f00       _UPmustBeByteLike          00413f00 f   prUdummy.obj
 0001:00002f20       _UPmustBeCharacter         00413f20 f   prUdummy.obj
 0001:00002f40       _UPmustBeInteger           00413f40 f   prUdummy.obj
 0001:00002f60       _UPmustBeString            00413f60 f   prUdummy.obj
 0001:00002f80       _UPmustBeByteArray         00413f80 f   prUdummy.obj
 0001:00002fa0       _UPmustBeArrayOfInteger    00413fa0 f   prUdummy.obj
 0001:00002fc0       _UPmustBeArrayOfFloat      00413fc0 f   prUdummy.obj
 0001:00002fe0       _UPmustBeBoolean           00413fe0 f   prUdummy.obj
 0001:00003000       _UPmustBeFloat             00414000 f   prUdummy.obj
 0001:00003020       _main                      00414020 f   prUdummy.obj
 0001:00003040       _CrtUPrimGlue0             00414040 f   prUdummy.obj
 0001:00003050       _CrtUPrimGlue1             00414050 f   prUdummy.obj
 0001:00003060       _CrtUPrimGlue2             00414060 f   prUdummy.obj
 0001:00003070       _CrtUPrimGlue3             00414070 f   prUdummy.obj
 0001:00003080       _CrtUPrimGlueMany          00414080 f   prUdummy.obj
 0001:00003090       _initUserPrimitives        00414090 f   prUdummy.obj
 0001:000030a0       _UPInitLinkRegistry        004140a0 f   prUdummy.obj
 0001:000030b0       _initUPprotocol            004140b0 f   prUdummy.obj
 0001:000030c0       _pdTerminateTimer          004140c0 f   ntalarm.obj
 0001:00003130       _pdSignalAtMicroseconds    00414130 f   ntalarm.obj
 0001:00003240       _startPollTimer            00414240 f   ntalarm.obj
 0001:000032c0       _stopPollTimer             004142c0 f   ntalarm.obj
 0001:000032f0       _pdBeginCritical           004142f0 f   ntalarm.obj
 0001:00003310       _pdEndCritical             00414310 f   ntalarm.obj
 0001:00003330       _pdResetCritical           00414330 f   ntalarm.obj
 0001:00003340       _pdInitTimers              00414340 f   ntalarm.obj
 0001:00003620       _pdExitTimers              00414620 f   ntalarm.obj
 0001:000036b0       _platBlockUntilEvent       004146b0 f   ntalarm.obj
 0001:000037b0       _pdWakeup                  004147b0 f   ntalarm.obj
 0001:00003800       _pdStartProfileTimer       00414800 f   ntalarm.obj
 0001:00003a40       _pdStopProfileTimer        00414a40 f   ntalarm.obj
 0001:00003a70       _pdInitProfile             00414a70 f   ntalarm.obj
 0001:00003ac0       _initNTAnimationPrims      00414ac0 f   ntanim.obj
 0001:000057e0       _freeWindowResources       004167e0 f   ntcanvas.obj
 0001:00005970       _initNTCanvasPrims         00416970 f   ntcanvas.obj
 0001:00008ff0       _pdMoveMouse               00419ff0 f   ntcurs.obj
 0001:00009010       _initNTCursPrims           0041a010 f   ntcurs.obj
 0001:00009460       _initDynamicLoadPrimitives 0041a460 f   ntdynld.obj
 0001:00009c00       _initOSErrorCodePrims      0041ac00 f   ntecode.obj
 0001:00009da0       _pdErrorString             0041ada0 f   nterror.obj
 0001:00009dc0       _pdPrint                   0041adc0 f   nterror.obj
 0001:00009e90       _openConsole               0041ae90 f   nterror.obj
 0001:00009f70       _pdDebugLog                0041af70 f   nterror.obj
 0001:00009fe0       _pdCloseDebugLog           0041afe0 f   nterror.obj
 0001:0000a020       _pdSizeOfEvent             0041b020 f   ntevent.obj
 0001:0000a030       _PopupWndProc@16           0041b030 f   ntevent.obj
 0001:0000a0c0       _MainWndProc@16            0041b0c0 f   ntevent.obj
 0001:0000b7e0       _hfWinQueryFont            0041c7e0 f   ntfont.obj
 0001:0000ba10       _listFonts                 0041ca10 f   ntfont.obj
 0001:0000c150       _initNTFontPrims           0041d150 f   ntfont.obj
 0001:0000cfc0       _flushWindowCachedDC       0041dfc0 f   ntgc.obj
 0001:0000d010       _flushPixmapCachedDC       0041e010 f   ntgc.obj
 0001:0000d050       _bDeinstallGraphicsState   0041e050 f   ntgc.obj
 0001:0000d410       _bInstallGraphicsState     0041e410 f   ntgc.obj
 0001:0000ddd0       _buildPoints               0041edd0 f   ntgc.obj
 0001:0000e060       _bGetMask                  0041f060 f   ntgc.obj
 0001:0000e130       _vw_GetWindowRgn           0041f130 f   ntgc.obj
 0001:0000e250       _initNTGCPrims             0041f250 f   ntgc.obj
 0001:00010380       _CreateColorMapOop         00421380 f   ntgraph.obj
 0001:00010ae0       _BuildPalette              00421ae0 f   ntgraph.obj
 0001:00010c90       _RemovePalette             00421c90 f   ntgraph.obj
 0001:00010cd0       _InitPalette               00421cd0 f   ntgraph.obj
 0001:00010d00       _TermPalette               00421d00 f   ntgraph.obj
 0001:00010d10       _InitScreen                00421d10 f   ntgraph.obj
 0001:00010da0       _initWindowPrimitives      00421da0 f   ntgraph.obj
 0001:00010e60       _pdHerald                  00421e60 f   ntherald.obj
 0001:00011380       _pdTearDownHerald          00422380 f   ntherald.obj
 0001:000113b0       _pdReportVersion           004223b0 f   ntherald.obj
 0001:000117f0       _initPixmapRegistry        004227f0 f   nthreg.obj
 0001:000118a0       _bFreeHandleRegistry       004228a0 f   nthreg.obj
 0001:00011a70       _registerHandle            00422a70 f   nthreg.obj
 0001:00011be0       _iHandleOfKey              00422be0 f   nthreg.obj
 0001:00011c50       _iKeyOfHandle              00422c50 f   nthreg.obj
 0001:00011cc0       _unRegisterHandle          00422cc0 f   nthreg.obj
 0001:00011d40       _pdMustFlushICache         00422d40 f   nticache.obj
 0001:00011dd0       _convert32BETo24LE         00422dd0 f   ntimage.obj
 0001:00011e00       _convert24LETo32BE         00422e00 f   ntimage.obj
 0001:00011e30       _getImage                  00422e30 f   ntimage.obj
 0001:00011ed0       _initNTImagePrims          00422ed0 f   ntimage.obj
 0001:00012790       _initIOBlock               00423790 f   ntioblok.obj
 0001:000128b0       _freeIOBlock               004238b0 f   ntioblok.obj
 0001:00012960       _pioblockOfHandle          00423960 f   ntioblok.obj
 0001:000129a0       _pioblockFirst             004239a0 f   ntioblok.obj
 0001:000129c0       _pioblockNext              004239c0 f   ntioblok.obj
 0001:000129e0       _logErrorInformation       004239e0 f   ntleave.obj
 0001:00012a20       _pdExit                    00423a20 f   ntleave.obj
 0001:00012a60       _pdInvokeDebugger          00423a60 f   ntleave.obj
 0001:00012a70       _InitMultipleMonitorStubs  00423a70 f   ntmain.obj
 0001:00012b50       _xGetSystemMetrics@4       00423b50 f   ntmain.obj
 0001:00012bc0       _xMonitorFromPoint@12      00423bc0 f   ntmain.obj
 0001:00012c30       _xMonitorFromRect@8        00423c30 f   ntmain.obj
 0001:00012ca0       _xMonitorFromWindow@8      00423ca0 f   ntmain.obj
 0001:00012d20       _xGetMonitorInfo@8         00423d20 f   ntmain.obj
 0001:00012de0       _xEnumDisplayMonitors@16   00423de0 f   ntmain.obj
 0001:00012f10       _oeMain                    00423f10 f   ntmain.obj
 0001:00013570       _dllCMain                  00424570 f   ntmain.obj
 0001:00013590       _WinMain@16                00424590 f   ntmain.obj
 0001:000135e0       _dllWMain                  004245e0 f   ntmain.obj
 0001:000136d0       _pdInformSystemReady       004246d0 f   ntmain.obj
 0001:00013a00       _profileInt                00424a00 f   ntmain.obj
 0001:00013a20       _profileString             00424a20 f   ntmain.obj
 0001:00013a40       _UPInitInternalLinkRegistry 00424a40 f   ntmain.obj
 0001:00013a50       _pdSetMemExecPerm          00424a50 f   ntmem.obj
 0001:00013a60       _pdMoreMemory              00424a60 f   ntmem.obj
 0001:00013bb0       _pdMapMemory               00424bb0 f   ntmem.obj
 0001:00013db0       _pdUnmapMemory             00424db0 f   ntmem.obj
 0001:00013e10       _pdStringLength            00424e10 f   ntmem.obj
 0001:00013eb0       _pdCopyFromExternalHeap    00424eb0 f   ntmem.obj
 0001:00013f50       _pdCopyToExternalHeap      00424f50 f   ntmem.obj
 0001:00013ff0       _pdAllocMemory             00424ff0 f   ntmem.obj
 0001:00014020       _pdFreeMemory              00425020 f   ntmem.obj
 0001:00014050       _pdMemStrategy             00425050 f   ntmem.obj
 0001:00014060       _pdGetPagesize             00425060 f   ntmem.obj
 0001:00014090       _pdMapFile                 00425090 f   ntmem.obj
 0001:000140a0       _cleanUpNTNLS              004250a0 f   ntnls.obj
 0001:000140c0       _initNTNLS                 004250c0 f   ntnls.obj
 0001:000142c0       _checkResources            004252c0 f   ntfile.obj
 0001:000142e0       _pdOpenImageResource       004252e0 f   ntfile.obj
 0001:00014370       _pdBlessSnapshot           00425370 f   ntfile.obj
 0001:000143b0       _pdOpenImage               004253b0 f   ntfile.obj
 0001:00014450       _pdCloseImage              00425450 f   ntfile.obj
 0001:00014490       _pdCloseImageResource      00425490 f   ntfile.obj
 0001:000144a0       _pdRead                    004254a0 f   ntfile.obj
 0001:000144f0       _pdWrite                   004254f0 f   ntfile.obj
 0001:00014550       _pdSeek                    00425550 f   ntfile.obj
 0001:00014600       _initFileUtilityPrims      00425600 f   ntfile.obj
 0001:00016ba0       _bDoFileReadFunc           00427ba0 f   ntfio.obj
 0001:00016be0       _bDoFileWriteFunc          00427be0 f   ntfio.obj
 0001:00016c60       _bDoFileBytesToReadFunc    00427c60 f   ntfio.obj
 0001:00016c70       _initFileIOPrims           00427c70 f   ntfio.obj
 0001:00017cb0       _initNewIO                 00428cb0 f   ntfio.obj
 0001:00017cc0       _freeSocketLibrary         00428cc0 f   ntsock.obj
 0001:00017db0       _bDoSockRecvFunc           00428db0 f   ntsock.obj
 0001:00017e50       _bDoSockSendFunc           00428e50 f   ntsock.obj
 0001:00017f00       _bDoSockBytesToReadFunc    00428f00 f   ntsock.obj
 0001:00017f40       _HiddenSocketWndProc@16    00428f40 f   ntsock.obj
 0001:00018170       _initSocketPrims           00429170 f   ntsock.obj
 0001:0001a4a0       _pdInitPlatform            0042b4a0 f   ntplat.obj
 0001:0001a4b0       _pdFPUType                 0042b4b0 f   ntplat.obj
 0001:0001a4c0       _pdSupportNBAPI            0042b4c0 f   ntplat.obj
 0001:0001a4d0       _PrintTextFile             0042b4d0 f   ntplat.obj
 0001:0001a7b0       _PrintPostScriptFile       0042b7b0 f   ntplat.obj
 0001:0001aa00       _PrinterAbortProc@8        0042ba00 f   ntprint.obj
 0001:0001aa60       _initNTPrinterPrims        0042ba60 f   ntprint.obj
 0001:0001c600       _pdInitSelection           0042d600 f   ntsel.obj
 0001:0001c610       _pdGetSelection            0042d610 f   ntsel.obj
 0001:0001c6b0       _pdGetSelectionDone        0042d6b0 f   ntsel.obj
 0001:0001c6d0       _pdSetSelection            0042d6d0 f   ntsel.obj
 0001:0001c740       _setIOSemSlot              0042d740 f   ntsem.obj
 0001:0001c810       _getIOSemSlot              0042d810 f   ntsem.obj
 0001:0001c830       _iAllocIOSemSlot           0042d830 f   ntsem.obj
 0001:0001ca40       _freeIOSemSlot             0042da40 f   ntsem.obj
 0001:0001ca70       _bInitIOSemRegistry        0042da70 f   ntsem.obj
 0001:0001cb90       _pdAckChildSignal          0042db90 f   ntsig.obj
 0001:0001cba0       _pdInitTime                0042dba0 f   nttime.obj
 0001:0001ccf0       _pdMicrosecondClock        0042dcf0 f   nttime.obj
 0001:0001ce20       _FileToSmalltalkSeconds    0042de20 f   nttime.obj
 0001:0001ce90       _pdStringEncoding          0042de90 f   ntwin.obj
 0001:0001ceb0       _pdInitWindow              0042deb0 f   ntwin.obj
 0001:0001ced0       _pdTerminateWindow         0042ded0 f   ntwin.obj
 0001:0001cef0       _pdSynchronizeInput        0042def0 f   ntwin.obj
 0001:0001cfc0       _pdThunkProcess            0042dfc0 f   ntwin.obj
 0001:0001cff0       _pdBlockUntilEvent         0042dff0 f   ntwin.obj
 0001:0001d020       _pdRingBell                0042e020 f   ntwin.obj
 0001:0001d030       _pdCallFar                 0042e030 f   ntcall16.obj
 0001:0001df20       _pdCOMMethodThunkSize      0042ef20 f   ntcom.obj
 0001:0001df50       _pdCOMPlaceThunkInto       0042ef50 f   ntcom.obj
 0001:0001ee30       _pdThunkCreate             0042fe30 f   ntcallbk.obj
 0001:0001efc0       _pdThunkDestroy            0042ffc0 f   ntcallbk.obj
 0001:0001f6f0       _NBAPICallbackArgsInto     004306f0 f   ntcallbk.obj
 0001:0001f740       _NBAPIReapCallbackReturn   00430740 f   ntcallbk.obj
 0001:0001fac0       _pdCallC                   00430ac0 f   ntcallc.obj
 0001:00020bc0       _pdNumBitsForKind          00431bc0 f   ntcallc.obj
 0001:00020c40       _NBAPIInnerCall            00431c40 f   ntcallc.obj
 0001:00020ec0       _NBAPIReapInnerCall        00431ec0 f   ntcallc.obj
 0001:000211e0       _thunkCreateFar            004321e0 f   ntcbk16.obj
 0001:00021410       _thunkDestroyFar           00432410 f   ntcbk16.obj
 0001:00021420       _thunkProcessFar@16        00432420 f   ntcbk16.obj
 0001:00022110       _copyBits                  00433110 f   exBitBlt.obj
 0001:000230d0       _copyBitsFromtoat          004340d0 f   exBitBlt.obj
 0001:00023f10       _getModuleName             00434f10 f   exBitBlt.obj
 0001:00023f20       _initBitBltPrimitives      00434f20 f   exBitBlt.obj
 0001:000249a0       _initialiseModule          004359a0 f   exBitBlt.obj
 0001:000249b0       _loadBitBltFrom            004359b0 f   exBitBlt.obj
 0001:000257b0       _moduleUnloaded            004367b0 f   exBitBlt.obj
 0001:00025aa0       _primitiveCopyBits         00436aa0 f   exBitBlt.obj
 0001:00025b10       _primitiveCopyBitstranslucency 00436b10 f   exBitBlt.obj
 0001:00025ba0       _primitiveDisplayStringstringfromtomapxTablekern 00436ba0 f   exBitBlt.obj
 0001:00026070       _primitiveDrawLoopXY       00437070 f   exBitBlt.obj
 0001:00026490       _primitiveWarpBitssmoothing 00437490 f   exBitBlt.obj
 0001:00026ec0       _sourceBLTstridedeststridedxdysxsywhruledoTile 00437ec0 f   exBitBlt.obj
 0001:000284b0       _countTableSlots           004394b0 f   exCOM.obj
 0001:00028560       _populateMethodTable       00439560 f   exCOM.obj
 0001:00028770       _initCOMPrimitives         00439770 f   exCOM.obj
 0001:00029a60       _maybeCallCFatalError      0043aa60 f   exCallC.obj
 0001:00029ac0       _initCPrimitives           0043aac0 f   exCallC.obj
 0001:0002b2b0       _initCallbackPrimitives    0043c2b0 f   exCallback.obj
 0001:0002b570       _stOopToCValue             0043c570 f   exCallSup.obj
 0001:0002b730       _cSignedToOop              0043c730 f   exCallSup.obj
 0001:0002b850       _cUnsignedToOop            0043c850 f   exCallSup.obj
 0001:0002b930       _coerceToCString           0043c930 f   exCallSup.obj
 0001:0002bbe0       _initCSupportPrimitives    0043cbe0 f   exCallSup.obj
 0001:0002e350       _initDisplayPrimitives     0043f350 f   exDisplay.obj
 0001:0002e4b0       _objReverseFourQ8s         0043f4b0 f   exEndian.obj
 0001:0002e520       _objReverseTwoQ8s          0043f520 f   exEndian.obj
 0001:0002e570       _objReverseTwoQ16s         0043f570 f   exEndian.obj
 0001:0002e750       _initEnvironmentPrimitives 0043f750 f   exEnviron.obj
 0001:0002f850       _initError                 00440850 f   exError.obj
 0001:0002f900       _doReportError             00440900 f   exError.obj
 0001:0002fb80       _exportTableAt             00440b80 f   exExport.obj
 0001:0002fbe0       _exportTableReleaseAt      00440be0 f   exExport.obj
 0001:0002fc60       _initExportTablePrimitives 00440c60 f   exExport.obj
 0001:0002fd00       _initExternPrimitives      00440d00 f   exInit.obj
 0001:0002fd40       _loadImageHeader           00440d40 f   exInit.obj
 0001:0002fe90       _startSupervisor           00440e90 f   exInit.obj
 0001:0002fff0       _initSuper                 00440ff0 f   exInit.obj
 0001:00030130       _readImageFile             00441130 f   exInit.obj
 0001:00030300       _closeImageFile            00441300 f   exInit.obj
 0001:00030490       _wellFormedZone            00441490 f   exInit.obj
 0001:000306e0       _oeInitZlibLinkRegistry    004416e0 f   exInit.obj
 0001:00030990       _extendedQueueNewAscii     00441990 f   exInQueue.obj
 0001:00030a00       _extendedQueueTypedEvent   00441a00 f   exInQueue.obj
 0001:00030c10       _queueTypedEvent           00441c10 f   exInQueue.obj
 0001:00030c50       _initInput                 00441c50 f   exInQueue.obj
 0001:00030f80       _initIOPrimitives          00441f80 f   exIO.obj
 0001:00031200       _initGUIPrimitives         00442200 f   exIO.obj
 0001:00031210       _vmExit                    00442210 f   exLeave.obj
 0001:00031260       _initLeavePrimitives       00442260 f   exLeave.obj
 0001:00031370       _moreMemory                00442370 f   exMemory.obj
 0001:00031420       _lessMemory                00442420 f   exMemory.obj
 0001:00031460       _memStrategy               00442460 f   exMemory.obj
 0001:00031480       _UPSendMessageMany         00442480 f   exMessage.obj
 0001:000314b0       _oeSendMessageMany         004424b0 f   exMessage.obj
 0001:00032430       _UPSendMessage0            00443430 f   exMessage.obj
 0001:00032600       _oeSendMessage0            00443600 f   exMessage.obj
 0001:00032630       _UPSendMessage1            00443630 f   exMessage.obj
 0001:00032660       _oeSendMessage1            00443660 f   exMessage.obj
 0001:00032690       _UPSendMessage2            00443690 f   exMessage.obj
 0001:000326d0       _oeSendMessage2            004436d0 f   exMessage.obj
 0001:00032710       _oeSendMessage3            00443710 f   exMessage.obj
 0001:00032750       _UPSendMessage3            00443750 f   exMessage.obj
 0001:00032790       _UPCSendMessageMany        00443790 f   exMessage.obj
 0001:000327c0       _oeCSendMessageMany        004437c0 f   exMessage.obj
 0001:00032990       _UPCSendMessage0           00443990 f   exMessage.obj
 0001:000329c0       _oeCSendMessage0           004439c0 f   exMessage.obj
 0001:000329f0       _UPCSendMessage1           004439f0 f   exMessage.obj
 0001:00032a20       _oeCSendMessage1           00443a20 f   exMessage.obj
 0001:00032a50       _UPCSendMessage2           00443a50 f   exMessage.obj
 0001:00032a90       _oeCSendMessage2           00443a90 f   exMessage.obj
 0001:00032ad0       _UPCSendMessage3           00443ad0 f   exMessage.obj
 0001:00032b10       _oeCSendMessage3           00443b10 f   exMessage.obj
 0001:00032b50       _UPFailPrimitive           00443b50 f   exMessage.obj
 0001:00032b80       _UPFailPrimitiveAtLine     00443b80 f   exMessage.obj
 0001:00032bd0       _UPReturn                  00443bd0 f   exMessage.obj
 0001:00032c70       _initMessagePrimitives     00443c70 f   exMessage.obj
 0001:00033350       _stringToInt               00444350 f   exOption.obj
 0001:000334b0       _setOption                 004444b0 f   exOption.obj
 0001:00033980       _reportUsage               00444980 f   exOption.obj
 0001:00033a00       _copySubStringToC          00444a00 f   exPrimUtil.obj
 0001:00033bd0       _isValidPlatformString     00444bd0 f   exPrimUtil.obj
 0001:00033de0       _promoteToFixedSpace       00444de0 f   exPrimUtil.obj
 0001:00033e70       _copyToCString             00444e70 f   exPrimUtil.obj
 0001:00033ef0       _tempCString               00444ef0 f   exPrimUtil.obj
 0001:00033f80       _STStringWithSize          00444f80 f   exPrimUtil.obj
 0001:00033fd0       _setStringEncoding         00444fd0 f   exPrimUtil.obj
 0001:000340c0       _isKindOf                  004450c0 f   exPrimUtil.obj
 0001:00034100       _inheritsFrom1             00445100 f   exPrimUtil.obj
 0001:00034130       _inheritsFrom2             00445130 f   exPrimUtil.obj
 0001:00034170       _inheritsFrom3             00445170 f   exPrimUtil.obj
 0001:000341c0       _inheritsFrom4             004451c0 f   exPrimUtil.obj
 0001:00034210       _cloneErrorWith            00445210 f   exPrimUtil.obj
 0001:000342f0       _cloneCallCError           004452f0 f   exPrimUtil.obj
 0001:00034540       _initScanCharPrimitives    00445540 f   exScanCh.obj
 0001:00034b70       _signalChildStatusSemaphore 00445b70 f   exSignal.obj
 0001:00034b90       _initSignalPrimitives      00445b90 f   exSignal.obj
 0001:00034c30       _initTime                  00445c30 f   exTimer.obj
 0001:00034c50       _timeExpired               00445c50 f   exTimer.obj
 0001:00034e30       _isTimerActive             00445e30 f   exTimer.obj
 0001:00034e40       _initTimePrimitives        00445e40 f   exTimer.obj
 0001:000350c0       _InitializeNBAPI           004460c0 f   exThapi.obj
 0001:000352d0       _NBAPISemaphoreForCurrentProcess 004462d0 f   exThapi.obj
 0001:00035370       _NBAPITInfoForThread       00446370 f   exThapi.obj
 0001:000353c0       _NBAPISignalThreadForCallout 004463c0 f   exThapi.obj
 0001:00035400       _NBAPIThreadForCall        00446400 f   exThapi.obj
 0001:000356b0       _NBAPIProcessHasAttachedThread 004466b0 f   exThapi.obj
 0001:00035720       _NBAPIAttachProcessToThread 00446720 f   exThapi.obj
 0001:00035760       _NBAPIDetachProcessFromThread 00446760 f   exThapi.obj
 0001:000357e0       _NBAPIGetThreadLevels      004467e0 f   exThapi.obj
 0001:00035880       _NBAPISetThreadLevels      00446880 f   exThapi.obj
 0001:000358d0       _NBAPIInvokeCallback       004468d0 f   exThapi.obj
 0001:00035a20       _NBAPICallbackReturn       00446a20 f   exThapi.obj
 0001:00035b40       _NBAPIReleaseThreadIfUnwound 00446b40 f   exThapi.obj
 0001:00035c50       _NBAPICheckProcessTermination 00446c50 f   exThapi.obj
 0001:00035e80       _NBAPIYield                00446e80 f   exThapi.obj
 0001:00036320       _NBAPIServiceThreads       00447320 f   exThapi.obj
 0001:00036c30       _stateof                   00447c30 f   exThapi.obj
 0001:00036cb0       _allegianceName            00447cb0 f   exThapi.obj
 0001:00036ce0       _printTInfo                00447ce0 f   exThapi.obj
 0001:00036df0       _printNBAPIList            00447df0 f   exThapi.obj
 0001:00036e40       _printNBAPI                00447e40 f   exThapi.obj
 0001:00036eb0       _initPrimitives            00447eb0 f   pr.obj
 0001:00036ed0       _initArithmeticPrims       00447ed0 f   prArithmetic.obj
 0001:00037a00       _oeGetErrorCode            00448a00 f   prCtoST.obj
 0001:00037a10       _oeStartLongComputation    00448a10 f   prCtoST.obj
 0001:00037a20       _oeFinishLongComputation   00448a20 f   prCtoST.obj
 0001:00037a30       _oeNil                     00448a30 f   prCtoST.obj
 0001:00037a40       _oeTrue                    00448a40 f   prCtoST.obj
 0001:00037a50       _oeFalse                   00448a50 f   prCtoST.obj
 0001:00037a60       _oeSmallIntegerClass       00448a60 f   prCtoST.obj
 0001:00037a70       _oeCharacterClass          00448a70 f   prCtoST.obj
 0001:00037a80       _oeFloatClass              00448a80 f   prCtoST.obj
 0001:00037a90       _oePointClass              00448a90 f   prCtoST.obj
 0001:00037aa0       _oeArrayClass              00448aa0 f   prCtoST.obj
 0001:00037ab0       _oeSemaphoreClass          00448ab0 f   prCtoST.obj
 0001:00037ac0       _oeByteStringClass         00448ac0 f   prCtoST.obj
 0001:00037ad0       _oeLargePositiveIntegerClass 00448ad0 f   prCtoST.obj
 0001:00037ae0       _oeLargeNegativeIntegerClass 00448ae0 f   prCtoST.obj
 0001:00037af0       _oeByteArrayClass          00448af0 f   prCtoST.obj
 0001:00037b00       _oeTwoByteStringClass      00448b00 f   prCtoST.obj
 0001:00037b10       _oeTwoByteSymbolClass      00448b10 f   prCtoST.obj
 0001:00037b20       _oeDoubleClass             00448b20 f   prCtoST.obj
 0001:00037b30       _oeOEToCbool               00448b30 f   prCtoST.obj
 0001:00037ba0       _oeOEToCint                00448ba0 f   prCtoST.obj
 0001:00037c00       _oeOEToCchar               00448c00 f   prCtoST.obj
 0001:00037c60       _oeOEToCfloat              00448c60 f   prCtoST.obj
 0001:00037ce0       _oeCtoOEbool               00448ce0 f   prCtoST.obj
 0001:00037d00       _oeCtoOEint                00448d00 f   prCtoST.obj
 0001:00037d50       _oeCtoOEchar               00448d50 f   prCtoST.obj
 0001:00037d60       _oeCtoOEfloat              00448d60 f   prCtoST.obj
 0001:00037df0       _oeAllocString             00448df0 f   prCtoST.obj
 0001:00037ee0       _oeAllocByteArray          00448ee0 f   prCtoST.obj
 0001:00037fd0       _oeAllocArray              00448fd0 f   prCtoST.obj
 0001:00038170       _oeCopyOEtoCstring         00449170 f   prCtoST.obj
 0001:00038270       _oeCopyOEtoCbytes          00449270 f   prCtoST.obj
 0001:00038340       _oeCopyOEtoCintArray       00449340 f   prCtoST.obj
 0001:00038480       _oeCopyOEtoCfloatArray     00449480 f   prCtoST.obj
 0001:000385e0       _oeCopyCtoOEstring         004495e0 f   prCtoST.obj
 0001:000386e0       _oeCopyCtoOEbytes          004496e0 f   prCtoST.obj
 0001:000387b0       _oeCopyCtoOEintArray       004497b0 f   prCtoST.obj
 0001:000388f0       _oeCopyCtoOEfloatArray     004498f0 f   prCtoST.obj
 0001:00038af0       _oeOopDataPtr              00449af0 f   prCtoST.obj
 0001:00038b20       _oeInstVarSize             00449b20 f   prCtoST.obj
 0001:00038b80       _oeIndexVarSize            00449b80 f   prCtoST.obj
 0001:00038c40       _oeBasicAt                 00449c40 f   prCtoST.obj
 0001:00038d00       _oeInstVarAt               00449d00 f   prCtoST.obj
 0001:00038da0       _oeByteAt                  00449da0 f   prCtoST.obj
 0001:00038e50       _oeIntegerAt               00449e50 f   prCtoST.obj
 0001:00038f40       _oeFloatAt                 00449f40 f   prCtoST.obj
 0001:00039060       _oeDoubleAt                0044a060 f   prCtoST.obj
 0001:00039180       _oeBasicAtPut              0044a180 f   prCtoST.obj
 0001:00039320       _oeInstVarAtPut            0044a320 f   prCtoST.obj
 0001:00039490       _oeByteAtPut               0044a490 f   prCtoST.obj
 0001:00039540       _oeIntegerAtPut            0044a540 f   prCtoST.obj
 0001:000396e0       _oeFloatAtPut              0044a6e0 f   prCtoST.obj
 0001:00039880       _oeIsCharacter             0044a880 f   prCtoST.obj
 0001:000398a0       _oeIsInteger               0044a8a0 f   prCtoST.obj
 0001:000398c0       _oeIsString                0044a8c0 f   prCtoST.obj
 0001:00039920       _oeIsByteArray             0044a920 f   prCtoST.obj
 0001:00039980       _oeIsArrayOfInteger        0044a980 f   prCtoST.obj
 0001:00039a50       _oeIsArrayOfFloat          0044aa50 f   prCtoST.obj
 0001:00039b40       _oeIsBoolean               0044ab40 f   prCtoST.obj
 0001:00039b90       _oeIsFloat                 0044ab90 f   prCtoST.obj
 0001:00039bf0       _oeIsByteLike              0044abf0 f   prCtoST.obj
 0001:00039c30       _oeIsImmediate             0044ac30 f   prCtoST.obj
 0001:00039c40       _oeCouldBeOop              0044ac40 f   prCtoST.obj
 0001:00039c80       _oeClass                   0044ac80 f   prCtoST.obj
 0001:00039cd0       _oeOEToCdouble             0044acd0 f   prCtoST.obj
 0001:00039d60       _oeCtoOEdouble             0044ad60 f   prCtoST.obj
 0001:00039e10       _oeIsDouble                0044ae10 f   prCtoST.obj
 0001:00039e60       _oeIsKindOf                0044ae60 f   prCtoST.obj
 0001:00039ee0       _oeInstallPollHandler      0044aee0 f   prCtoST.obj
 0001:00039f00       _oeSignalSemaphore         0044af00 f   prCtoST.obj
 0001:00039f70       _oePostInterrupt           0044af70 f   prCtoST.obj
 0001:00039f80       _oeRegisteredHandleAt      0044af80 f   prCtoST.obj
 0001:00039fb0       _oeRegisteredHandleAtPut   0044afb0 f   prCtoST.obj
 0001:0003a020       _oeAddPrimitive            0044b020 f   prCtoST.obj
 0001:0003a040       _oeAllocRegistrySlot       0044b040 f   prCtoST.obj
 0001:0003a060       _oeAllocFsObject           0044b060 f   prCtoST.obj
 0001:0003a0d0       _oeAllocVsObject           0044b0d0 f   prCtoST.obj
 0001:0003a160       _oeClassType               0044b160 f   prCtoST.obj
 0001:0003a1a0       _initOEprotocol            0044b1a0 f   prCtoST.obj
 0001:0003a1b0       _initDoublePrims           0044b1b0 f   prDouble.obj
 0001:0003bd50       _initFloatPrims            0044cd50 f   prFloat.obj
 0001:0003d310       _initLargeIntPrims         0044e310 f   prLarge.obj
 0001:00040c70       _UPRegisterSymbolAndHandle 00451c70 f   prLinkRegistry.obj
 0001:00040d40       _UPHandleForSymbol         00451d40 f   prLinkRegistry.obj
 0001:00040db0       _oeRegisterSymbolAndHandle 00451db0 f   prLinkRegistry.obj
 0001:00040dd0       _initLinkRegistryPrimitives 00451dd0 f   prLinkRegistry.obj
 0001:00040e80       _recycleObj                00451e80 f   mm.obj
 0001:00041070       _maximumIdentityHashValue  00452070 f   mm.obj
 0001:00041080       _getObjHash                00452080 f   mm.obj
 0001:000410d0       _initObjectPrims           004520d0 f   mm.obj
 0001:00041bc0       _classCheckIfMetaclassHasSubclasses 00452bc0 f   mmAllocate.obj
 0001:00041c00       _classType                 00452c00 f   mmAllocate.obj
 0001:00041c50       _allocFSObj                00452c50 f   mmAllocate.obj
 0001:00041d60       _allocVSObj                00452d60 f   mmAllocate.obj
 0001:00041f40       _createShallowCopyOf       00452f40 f   mmAllocate.obj
 0001:00042220       _allocSmallObj             00453220 f   mmAllocate.obj
 0001:00042280       _allocLargePointerObj      00453280 f   mmAllocate.obj
 0001:000422c0       _allocLargeByteObj         004532c0 f   mmAllocate.obj
 0001:00042310       _shrinkOrCopyPtrObj        00453310 f   mmAllocate.obj
 0001:00042390       _initAllocationPrims       00453390 f   mmAllocate.obj
 0001:000430d0       _tryBecome                 004540d0 f   mmBecome.obj
 0001:00045410       _initBecomePrims           00456410 f   mmBecome.obj
 0001:00045b90       _dbObjHeader               00456b90 f   mmDebug.obj
 0001:00045e40       _dbxHeader                 00456e40 f   mmDebug.obj
 0001:00045e60       _dbObjData                 00456e60 f   mmDebug.obj
 0001:00046060       _dbxData                   00457060 f   mmDebug.obj
 0001:00046080       _dbObjDataField            00457080 f   mmDebug.obj
 0001:000460c0       _dbSetObjDataField         004570c0 f   mmDebug.obj
 0001:000460f0       _dbObjDataPtr              004570f0 f   mmDebug.obj
 0001:00046130       _dbObjClass                00457130 f   mmDebug.obj
 0001:00046150       _dbObjClassName            00457150 f   mmDebug.obj
 0001:00046180       _dbfObjClassName           00457180 f   mmDebug.obj
 0001:00046800       _dbxClassName              00457800 f   mmDebug.obj
 0001:00046820       _dbClassNameIs             00457820 f   mmDebug.obj
 0001:00046ad0       _printIfClassNameIs        00457ad0 f   mmDebug.obj
 0001:00046b00       _dbObjClassNameIs          00457b00 f   mmDebug.obj
 0001:00046f80       _printIfObjClassNameIs     00457f80 f   mmDebug.obj
 0001:00046fb0       _dbObjMayBeClass           00457fb0 f   mmDebug.obj
 0001:00047120       _dbObjDataSize             00458120 f   mmDebug.obj
 0001:000471a0       _dbObjHasPtrs              004581a0 f   mmDebug.obj
 0001:000471d0       _dbObjInOldRt              004581d0 f   mmDebug.obj
 0001:00047200       _dbObjIsMarked             00458200 f   mmDebug.obj
 0001:00047230       _dbObjIsForwarded          00458230 f   mmDebug.obj
 0001:00047260       _dbObjInRt                 00458260 f   mmDebug.obj
 0001:00047290       _dbObjHash                 00458290 f   mmDebug.obj
 0001:000472c0       _dbSelectorName            004582c0 f   mmDebug.obj
 0001:00047380       _dbxSelectorName           00458380 f   mmDebug.obj
 0001:000473a0       _dbResidence               004583a0 f   mmDebug.obj
 0001:000477a0       _dbxResidence              004587a0 f   mmDebug.obj
 0001:000477c0       _dbObjOwners               004587c0 f   mmDebug.obj
 0001:000479b0       _dbxOwners                 004589b0 f   mmDebug.obj
 0001:000479d0       _dbPrintIndicesOfIn        004589d0 f   mmDebug.obj
 0001:00047a60       _initDebugPrims            00458a60 f   mmDebug.obj
 0001:00047b70       _oopInObj                  00458b70 f   mmEnumerate.obj
 0001:00047c10       _initEnumerationPrims      00458c10 f   mmEnumerate.obj
 0001:000488c0       _signalFinalizationSemaphoreIfRequired 004598c0 f   mmFinal.obj
 0001:00048900       _reserveOnEphemeronQueue   00459900 f   mmFinal.obj
 0001:00048950       _addToEphemeronQueue       00459950 f   mmFinal.obj
 0001:00048970       _addToFinalQueue           00459970 f   mmFinal.obj
 0001:00048ae0       _shrinkFinalQueue          00459ae0 f   mmFinal.obj
 0001:00048ba0       _shiftFinalQueueEntries    00459ba0 f   mmFinal.obj
 0001:00048d10       _initFinalQueue            00459d10 f   mmFinal.obj
 0001:00048df0       _updateFinalQueuePtrs      00459df0 f   mmFinal.obj
 0001:00048ec0       _initFinalizationPrims     00459ec0 f   mmFinal.obj
 0001:00049280       _addToMarkListFunc         0045a280 f   mmGarbage.obj
 0001:000492d0       _compact                   0045a2d0 f   mmGarbage.obj
 0001:000492f0       _initGarbagePrims          0045a2f0 f   mmGarbage.obj
 0001:0004a030       _addToIncWeakListFunc      0045b030 f   mmIncGC.obj
 0001:0004a0e0       _blowAwayIncGC             0045b0e0 f   mmIncGC.obj
 0001:0004a400       _incMarkObj                0045b400 f   mmIncGC.obj
 0001:0004a500       _incMarkPermObjRefs        0045b500 f   mmIncGC.obj
 0001:0004a740       _chStOldObjInNonNew        0045b740 f   mmIncGC.obj
 0001:0004afe0       _validateOldObj            0045bfe0 f   mmIncGC.obj
 0001:0004b080       _initIncGCPrims            0045c080 f   mmIncGC.obj
 0001:0004b1c0       _getImageFileFormat        0045c1c0 f   mmInit.obj
 0001:0004b1d0       _getImageType              0045c1d0 f   mmInit.obj
 0001:0004b1e0       _getImageSubType           0045c1e0 f   mmInit.obj
 0001:0004b1f0       _setImageSubType           0045c1f0 f   mmInit.obj
 0001:0004b200       _startKernel               0045c200 f   mmInit.obj
 0001:0004b780       _readImageHeader           0045c780 f   mmInit.obj
 0001:0004c220       _getDecompressionWorkspaces 0045d220 f   mmInit.obj
 0001:0004c510       _realSlotsInStackSpace     0045d510 f   mmInit.obj
 0001:0004cf70       _updateOopFunc             0045df70 f   mmInit.obj
 0001:0004cff0       _updatePermDataPtrFunc     0045dff0 f   mmInit.obj
 0001:0004dec0       _sweepLt                   0045eec0 f   mmLargeSpace.obj
 0001:0004df20       _sweepAndCompactLargeSpace 0045ef20 f   mmLargeSpace.obj
 0001:0004e020       _findFreeLsBlock           0045f020 f   mmLargeSpace.obj
 0001:0004e050       _compactLargeSpace         0045f050 f   mmLargeSpace.obj
 0001:0004e2e0       _resetLargeSpaceAfterScavenge 0045f2e0 f   mmLargeSpace.obj
 0001:0004e3c0       _compactLargeSpaceResponse 0045f3c0 f   mmLargeSpace.obj
 0001:0004e650       _reRegisterLargeObj        0045f650 f   mmLargeSpace.obj
 0001:0004e6b0       _largeSlotsToTenure        0045f6b0 f   mmLargeSpace.obj
 0001:0004e6d0       _numLargeSpaceObjects      0045f6d0 f   mmLargeSpace.obj
 0001:0004e6f0       _occupiedLsDataSlots       0045f6f0 f   mmLargeSpace.obj
 0001:0004e710       _writeLargeSpace           0045f710 f   mmLargeSpace.obj
 0001:0004e7b0       _allocInLargeSpace         0045f7b0 f   mmLargeSpace.obj
 0001:0004e9c0       _initializeEmptyFixedSpaceSegment 0045f9c0 f   mmFixedSpace.obj
 0001:0004ea20       _sweepFt                   0045fa20 f   mmFixedSpace.obj
 0001:0004eaa0       _sweepAndCompactFixedSpace 0045faa0 f   mmFixedSpace.obj
 0001:0004eb70       _compactFixedSpace         0045fb70 f   mmFixedSpace.obj
 0001:0004ec90       _resetFixedSpaceAfterScavenge 0045fc90 f   mmFixedSpace.obj
 0001:0004eda0       _existsFixedSpaceSegmentFor 0045fda0 f   mmFixedSpace.obj
 0001:0004ee50       _reRegisterFixedObj        0045fe50 f   mmFixedSpace.obj
 0001:0004eec0       _occupiedFsDataSlotsIn     0045fec0 f   mmFixedSpace.obj
 0001:0004ef00       _occupiedFsDataSlots       0045ff00 f   mmFixedSpace.obj
 0001:0004ef40       _occupiedFtSlots           0045ff40 f   mmFixedSpace.obj
 0001:0004ef90       _writeFixedSpace           0045ff90 f   mmFixedSpace.obj
 0001:0004f0b0       _allocInFixedSpace         004600b0 f   mmFixedSpace.obj
 0001:0004f3b0       _growFixedSpace            004603b0 f   mmFixedSpace.obj
 0001:0004f4f0       _discardFixedSpaceSegment  004604f0 f   mmFixedSpace.obj
 0001:0004f500       _numFixedSpaceSegs         00460500 f   mmFixedSpace.obj
 0001:0004f520       _sweepNewSpace             00460520 f   mmNewSpace.obj
 0001:0004f6d0       _getNextNewSpaceObj        004606d0 f   mmNewSpace.obj
 0001:0004f770       _searchNewSpace            00460770 f   mmNewSpace.obj
 0001:0004f7d0       _recycleNewObj             004607d0 f   mmNewSpace.obj
 0001:0004f870       _recycleNewOtEntry         00460870 f   mmNewSpace.obj
 0001:0004f890       _allocInNewSpace           00460890 f   mmNewSpace.obj
 0001:0004f9b0       _allocInPastSpace          004609b0 f   mmNewSpace.obj
 0001:0004faa0       _shrinkOrCopyNewObj        00460aa0 f   mmNewSpace.obj
 0001:0004fc30       _printSomeNewSpace         00460c30 f   mmNewSpace.obj
 0001:0004fcd0       _printNewSpace             00460cd0 f   mmNewSpace.obj
 0001:0004fd90       _registerInOldRt           00460d90 f   mmOldRt.obj
 0001:0004fe00       _initOldRt                 00460e00 f   mmOldRt.obj
 0001:0004fe50       _initPermObjIfNotSystemObj 00460e50 f   mmOldRt.obj
 0001:0004fea0       _initPermObj               00460ea0 f   mmOldRt.obj
 0001:0004ff20       _createOldRt               00460f20 f   mmOldRt.obj
 0001:0004ffd0       _scanOldRtCreatingBackPtrs 00460fd0 f   mmOldRt.obj
 0001:00050040       _updateOldRtPtrs           00461040 f   mmOldRt.obj
 0001:00050080       _cacheOldRtOop             00461080 f   mmOldRt.obj
 0001:000500a0       _compactOldRt              004610a0 f   mmOldRt.obj
 0001:000500e0       _sweepOldRt                004610e0 f   mmOldRt.obj
 0001:000501d0       _shrinkOldRt               004611d0 f   mmOldRt.obj
 0001:000501e0       _emptyOldRt                004611e0 f   mmOldRt.obj
 0001:00050220       _prepareOldRtForIncMark    00461220 f   mmOldRt.obj
 0001:00050240       _incMarkOldRtEntries       00461240 f   mmOldRt.obj
 0001:00050290       _incMarkOldRtEntriesNBL    00461290 f   mmOldRt.obj
 0001:00050300       _objReallyInOldRt          00461300 f   mmOldRt.obj
 0001:00050380       _createOopStack            00461380 f   mmOopStack.obj
 0001:000503d0       _releaseOopStack           004613d0 f   mmOopStack.obj
 0001:00050410       _shrinkOopStack            00461410 f   mmOopStack.obj
 0001:00050450       _emptyOopStack             00461450 f   mmOopStack.obj
 0001:000504f0       _recycleOopStack           004614f0 f   mmOopStack.obj
 0001:00050530       _pushOopStackCallout       00461530 f   mmOopStack.obj
 0001:000505c0       _popOopStackCallout        004615c0 f   mmOopStack.obj
 0001:000505e0       _enumOopStack              004615e0 f   mmOopStack.obj
 0001:00050610       _incEnumOopStack           00461610 f   mmOopStack.obj
 0001:00050820       _incEnumOopStackNBL        00461820 f   mmOopStack.obj
 0001:000509e0       _neverCalled               004619e0 f   mmOopStack.obj
 0001:000509f0       _initOopStack              004619f0 f   mmOopStack.obj
 0001:00050ad0       _sweepOopStack             00461ad0 f   mmOopStack.obj
 0001:00050b10       _markOopStack              00461b10 f   mmOopStack.obj
 0001:00050b70       _objIsOopStackSeg          00461b70 f   mmOopStack.obj
 0001:00050bb0       _totalEntriesInOopStack    00461bb0 f   mmOopStack.obj
 0001:00050be0       _liveEntriesInOopStack     00461be0 f   mmOopStack.obj
 0001:00050c10       _recommendedOsReserveSlots 00461c10 f   mmOldSpace.obj
 0001:00050c40       _objPointsToOldSpace       00461c40 f   mmOldSpace.obj
 0001:00050cc0       _growOldObject             00461cc0 f   mmOldSpace.obj
 0001:00051100       _shrinkOldObject           00462100 f   mmOldSpace.obj
 0001:00051290       _resetIncUnmarkCounts      00462290 f   mmOldSpace.obj
 0001:000512a0       _resetIncSweepCounts       004622a0 f   mmOldSpace.obj
 0001:000512c0       _resetFragmentationCounts  004622c0 f   mmOldSpace.obj
 0001:000512e0       _initOldSpaceBounds        004622e0 f   mmOldSpace.obj
 0001:00051390       _freeLargeOldDataNoOop     00462390 f   mmOldSpace.obj
 0001:00051410       _allocOldData              00462410 f   mmOldSpace.obj
 0001:00051840       _prepareThreadedFreeListForSnapshot 00462840 f   mmOldSpace.obj
 0001:000518d0       _updateThreadedDataPointers 004628d0 f   mmOldSpace.obj
 0001:000519e0       _assimilateOldFreeList     004629e0 f   mmOldSpace.obj
 0001:00051a90       _flattenThreadedDataForPermLoad 00462a90 f   mmOldSpace.obj
 0001:00051b80       _addressInOldSegment       00462b80 f   mmOldSpace.obj
 0001:00051bc0       _addressInOldSegmentData   00462bc0 f   mmOldSpace.obj
 0001:00051c00       _addressInAnySegment       00462c00 f   mmOldSpace.obj
 0001:00051c30       _addressInAnySegmentData   00462c30 f   mmOldSpace.obj
 0001:00051c60       _addressInOldOt            00462c60 f   mmOldSpace.obj
 0001:00051ca0       _addressInAnyOt            00462ca0 f   mmOldSpace.obj
 0001:00051cd0       _addressInOldNewOt         00462cd0 f   mmOldSpace.obj
 0001:00051d10       _addressInAnyNewOt         00462d10 f   mmOldSpace.obj
 0001:00051d40       _addressInPermSegment      00462d40 f   mmOldSpace.obj
 0001:00051d70       _addressInPermOt           00462d70 f   mmOldSpace.obj
 0001:00051da0       _absorbPermFreeList        00462da0 f   mmOldSpace.obj
 0001:00051e70       _absorbPermSpace           00462e70 f   mmOldSpace.obj
 0001:00051f10       _restorePermSpace          00462f10 f   mmOldSpace.obj
 0001:00051f90       _growOldSpace              00462f90 f   mmOldSpace.obj
 0001:00052110       _findContiguousSlotsInOldSpaceSlowly 00463110 f   mmOldSpace.obj
 0001:00052210       _resetThreadedData         00463210 f   mmOldSpace.obj
 0001:00052230       _sweepAndCompactOldSpace   00463230 f   mmOldSpace.obj
 0001:00052f10       _updateOopAfterOtCompFunc  00463f10 f   mmOldSpace.obj
 0001:00052f40       _saveOtBaseAfterIncMark    00463f40 f   mmOldSpace.obj
 0001:00052f80       _resetAfterIncSweepOfOldSpace 00463f80 f   mmOldSpace.obj
 0001:00052f90       _incSweepOldSpace          00463f90 f   mmOldSpace.obj
 0001:000532f0       _slotsLeftInOldSpace       004642f0 f   mmOldSpace.obj
 0001:00053330       _slotsUsedInOldSpace       00464330 f   mmOldSpace.obj
 0001:00053370       _sufficientFreeContiguousSpace 00464370 f   mmOldSpace.obj
 0001:000533c0       _searchObjectMemory        004643c0 f   mmOldSpace.obj
 0001:00053520       _collectAllSpecifiedObjects 00464520 f   mmOldSpace.obj
 0001:00053890       _scanObjectMemory          00464890 f   mmOldSpace.obj
 0001:00053a40       _scanReferentsOf           00464a40 f   mmOldSpace.obj
 0001:00053ce0       _writeOldSpace             00464ce0 f   mmOldSpace.obj
 0001:00053e90       _otEntriesUsedInOldSpace   00464e90 f   mmOldSpace.obj
 0001:00053ee0       _numOldSpaceSegs           00464ee0 f   mmOldSpace.obj
 0001:00053f00       _prepareToUnmarkOldSpace   00464f00 f   mmOldSpace.obj
 0001:00053f40       _incUnmarkOldSpace         00464f40 f   mmOldSpace.obj
 0001:00054120       _allocInOldSpace           00465120 f   mmOldSpace.obj
 0001:000545d0       _reversePointersInOldSpace 004655d0 f   mmOldSpace.obj
 0001:00054650       _prepareThreadedDataForCompaction 00465650 f   mmOldSpace.obj
 0001:000546e0       _compactOldSpace           004656e0 f   mmOldSpace.obj
 0001:00054940       _printOldSpaceSegs         00465940 f   mmOldSpace.obj
 0001:000549d0       _initOldSpacePrims         004659d0 f   mmOldSpace.obj
 0001:00055aa0       _rebootSystem              00466aa0 f   mmProcess.obj
 0001:00055cc0       _asynchSignal              00466cc0 f   mmProcess.obj
 0001:00055fa0       _processSwitch             00466fa0 f   mmProcess.obj
 0001:000564f0       _couldBeCodeAllowedAsNPC   004674f0 f   mmProcess.obj
 0001:000568e0       _highestProcessPriority    004678e0 f   mmProcess.obj
 0001:00056930       _requestActiveProcessPriority 00467930 f   mmProcess.obj
 0001:00056960       _removeHighestPriorityProcess 00467960 f   mmProcess.obj
 0001:00056eb0       _waitOnCalloutSemaphore    00467eb0 f   mmProcess.obj
 0001:00057130       _initProcessPrims          00468130 f   mmProcess.obj
 0001:000581a0       _recyclePermOtEntry        004691a0 f   mmPermSpace.obj
 0001:00058250       _recyclePermData           00469250 f   mmPermSpace.obj
 0001:00058290       _recyclePermObj            00469290 f   mmPermSpace.obj
 0001:000583a0       _recycleNonNewData         004693a0 f   mmPermSpace.obj
 0001:00058450       _markPermSpace             00469450 f   mmPermSpace.obj
 0001:00058490       _writePermSpace            00469490 f   mmPermSpace.obj
 0001:00058540       _nilPermSpacePtrs          00469540 f   mmPermSpace.obj
 0001:00058560       _slotsFreeInOldSpaceMinusReserve 00469560 f   mmResources.obj
 0001:00058590       _lowSpaceResponse          00469590 f   mmResources.obj
 0001:000585c0       _initResourcePrims         004695c0 f   mmResources.obj
 0001:000591d0       _registerInRt              0046a1d0 f   mmRt.obj
 0001:00059380       _canonicalizeRt            0046a380 f   mmRt.obj
 0001:000593a0       _compactRt                 0046a3a0 f   mmRt.obj
 0001:00059420       _shrinkRt                  0046a420 f   mmRt.obj
 0001:00059510       _updateRtPtrs              0046a510 f   mmRt.obj
 0001:000595d0       _sweepRt                   0046a5d0 f   mmRt.obj
 0001:00059600       _initRt                    0046a600 f   mmRt.obj
 0001:00059790       _objReallyInRt             0046a790 f   mmRt.obj
 0001:000597d0       _getTenureThreshold        0046a7d0 f   mmScavenge.obj
 0001:000597e0       _initScavenger             0046a7e0 f   mmScavenge.obj
 0001:00059820       _flushEden                 0046a820 f   mmScavenge.obj
 0001:00059840       _flushNewSpace             0046a840 f   mmScavenge.obj
 0001:00059880       _scavengeNewSpace          0046a880 f   mmScavenge.obj
 0001:000598b0       _scavengeTenuringEveryone  0046a8b0 f   mmScavenge.obj
 0001:000598e0       _scavengeTenuringInstancesOf 0046a8e0 f   mmScavenge.obj
 0001:00059900       _scavengeTenuringOwnersOf  0046a900 f   mmScavenge.obj
 0001:00059920       _scavengeTenuringTheseObjs 0046a920 f   mmScavenge.obj
 0001:0005af50       _copyAndForward            0046bf50 f   mmScavenge.obj
 0001:0005b610       _updateNewObjRef           0046c610 f   mmScavenge.obj
 0001:0005b8b0       _initScavengePrims         0046c8b0 f   mmScavenge.obj
 0001:0005bfb0       _mapAllNPCs                0046cfb0 f   mmSnapshot.obj
 0001:0005c230       _initSnapshotPrims         0046d230 f   mmSnapshot.obj
 0001:0005cdd0       _initSubscriptPrims        0046ddd0 f   mmSubscript.obj
 0001:00060dc0       _registerSysOop            00471dc0 f   mmSysOop.obj
 0001:00060e70       _registerNewSysOop         00471e70 f   mmSysOop.obj
 0001:00060f70       _allocSysOopSlot           00471f70 f   mmSysOop.obj
 0001:00060fd0       _freeSysOopSlot            00471fd0 f   mmSysOop.obj
 0001:000610f0       _initSysOopRegistry        004720f0 f   mmSysOop.obj
 0001:00061270       _shrinkSysOopRegistry      00472270 f   mmSysOop.obj
 0001:000612d0       _updateSysOopRegistryPtrs  004722d0 f   mmSysOop.obj
 0001:00061350       _maxValidSysOopX           00472350 f   mmSysOop.obj
 0001:00061360       _reportAllocFailure        00472360 f   checks.obj
 0001:000613f0       _doPanic                   004723f0 f   checks.obj
 0001:00061430       _isAllocatedStack          00472430 f   checks.obj
 0001:00061460       _isFP                      00472460 f   checks.obj
 0001:000614d0       _isStack                   004724d0 f   checks.obj
 0001:00061510       _stackOfFrameFunc          00472510 f   checks.obj
 0001:00061530       _printStackHeader          00472530 f   checks.obj
 0001:00061680       _printSelector             00472680 f   checks.obj
 0001:00061840       _printNameOfClass          00472840 f   checks.obj
 0001:00061950       _printClassName            00472950 f   checks.obj
 0001:00061cd0       _printFrame                00472cd0 f   checks.obj
 0001:00062080       _frameAbove                00473080 f   checks.obj
 0001:000620d0       _rawPrintFrame             004730d0 f   checks.obj
 0001:00062330       _rawPrintThisFrame         00473330 f   checks.obj
 0001:000623b0       _printContext              004733b0 f   checks.obj
 0001:00062440       _printThisFrame            00473440 f   checks.obj
 0001:000624c0       _briefPrintFrame           004734c0 f   checks.obj
 0001:000625c0       _printAllFrames            004735c0 f   checks.obj
 0001:00062650       _printNFrames              00473650 f   checks.obj
 0001:000626f0       _briefPrintAllFrames       004736f0 f   checks.obj
 0001:00062760       _briefPrintFrames          00473760 f   checks.obj
 0001:000627c0       _checkGetSender            004737c0 f   checks.obj
 0001:00062890       _printNFramesAndContextsFrom 00473890 f   checks.obj
 0001:00062990       _printNFramesAndContexts   00473990 f   checks.obj
 0001:000629b0       _printAllFramesAndContextsFrom 004739b0 f   checks.obj
 0001:000629d0       _dPrintNFramesAndContextsFrom 004739d0 f   checks.obj
 0001:000629f0       _dPrintAllFramesAndContextsFrom 004739f0 f   checks.obj
 0001:00062a10       _printAllFramesAndContextsFromContext 00473a10 f   checks.obj
 0001:00062b40       _printAllFramesAndContexts 00473b40 f   checks.obj
 0001:00062bb0       _dumpAll                   00473bb0 f   checks.obj
 0001:00062e90       _dumpAllProcesses          00473e90 f   checks.obj
 0001:00063170       _dumpAllProcessesToFile    00474170 f   checks.obj
 0001:000631c0       _dumpAllToFileCalling      004741c0 f   checks.obj
 0001:00063240       _dumpAllToFileWithString   00474240 f   checks.obj
 0001:000632b0       _dumpAllToFileWithChars    004742b0 f   checks.obj
 0001:000632d0       _dumpAllToFile             004742d0 f   checks.obj
 0001:000632f0       _printStack                004742f0 f   checks.obj
 0001:00063310       _printTopFrame             00474310 f   checks.obj
 0001:00063330       _printCurrent              00474330 f   checks.obj
 0001:00063390       _printChain                00474390 f   checks.obj
 0001:00063490       _logSend                   00474490 f   checks.obj
 0001:000634f0       _className                 004744f0 f   checks.obj
 0001:00063640       _printSendLogFor           00474640 f   checks.obj
 0001:00063750       _printSendLog              00474750 f   checks.obj
 0001:00063760       _isLiveHybrid              00474760 f   contexts.obj
 0001:000637e0       _shouldBeLiveHybrid        004747e0 f   contexts.obj
 0001:000638d0       _CLoadContextInstVar       004748d0 f   contexts.obj
 0001:00063ab0       _contextInstVarNoReify     00474ab0 f   contexts.obj
 0001:00063c50       _CrtStoreContextInstVar    00474c50 f   contexts.obj
 0001:00063c80       _storeContextInstVar       00474c80 f   contexts.obj
 0001:00063f40       _replaceReferencesInHybridFrames 00474f40 f   contexts.obj
 0001:00063fd0       _initContextPrimitives     00474fd0 f   contexts.obj
 0001:00064ff0       _doesNotUnderstandWA       00475ff0 f   dnu.obj
 0001:00065520       _CrtMNUFromPIC             00476520 f   dnu.obj
 0001:00065be0       _Cdnu0                     00476be0 f   dnu.obj
 0001:00065c10       _Cdnu1                     00476c10 f   dnu.obj
 0001:00065c40       _Cdnu2                     00476c40 f   dnu.obj
 0001:00065c80       _Cdnu3                     00476c80 f   dnu.obj
 0001:00065ce0       _CdnuMany                  00476ce0 f   dnu.obj
 0001:00065da0       _doesNotUnderstand         00476da0 f   dnu.obj
 0001:00065df0       _CcantReturn               00476df0 f   dnu.obj
 0001:00065e70       _CrtCannotResume           00476e70 f   dnu.obj
 0001:00065f30       _nilContexts               00476f30 f   nlreturn.obj
 0001:000660b0       _CrtMethodReturn           004770b0 f   nlreturn.obj
 0001:00066460       _handleStackOverflow       00477460 f   nsupport.obj
 0001:000664e0       _CrtAbortPrimFail          004774e0 f   nsupport.obj
 0001:000665d0       _CrtAbortSend              004775d0 f   nsupport.obj
 0001:000666b0       _CrtEndLoop                004776b0 f   nsupport.obj
 0001:000666e0       _CrtCarefulCallPrim        004776e0 f   nsupport.obj
 0001:00066ab0       _CLoadThisContext          00477ab0 f   nsupport.obj
 0001:00066ad0       _CrtCheckStore             00477ad0 f   nsupport.obj
 0001:00066b80       _CrtCheckStoreFrameless    00477b80 f   nsupport.obj
 0001:00066c30       _CrtMakeCopyingBlock       00477c30 f   nsupport.obj
 0001:00067010       _CrtMakeCopyingBlock1      00478010 f   nsupport.obj
 0001:000671f0       _CrtMakeFullBlock          004781f0 f   nsupport.obj
 0001:000673f0       _CrtMakeFullCopyingBlock   004783f0 f   nsupport.obj
 0001:000678c0       _CrtConsArray              004788c0 f   nsupport.obj
 0001:00067aa0       _CrtCreateArray            00478aa0 f   nsupport.obj
 0001:00067b90       _CrtNotBoolean             00478b90 f   nsupport.obj
 0001:00067c50       _CrtNotBooleanTrue         00478c50 f   nsupport.obj
 0001:00067c70       _CrtNotBooleanFalse        00478c70 f   nsupport.obj
 0001:00067c90       _CrtAttemptToAssign        00478c90 f   nsupport.obj
 0001:00067d50       _CrtBadBytecode            00478d50 f   nsupport.obj
 0001:00067e40       _buildSendWithArgs         00478e40 f   primSends.obj
 0001:00067fd0       _buildActivationOfSendWithArgs 00478fd0 f   primSends.obj
 0001:000681b0       _initEvaluationPrimitives  004791b0 f   primSends.obj
 0001:00069580       _CunlinkedSend             0047a580 f   send.obj
 0001:00069670       _CunlinkedSendNonImmediate 0047a670 f   send.obj
 0001:00069720       _CunlinkedSendNoCheck      0047a720 f   send.obj
 0001:00069810       _CunlinkedSendSuper        0047a810 f   send.obj
 0001:000698e0       _handleTranFailure         0047a8e0 f   send.obj
 0001:00069ae0       _outputMeasurements        0047aae0 f   send.obj
 0001:00069af0       _relinkSend                0047aaf0 f   send.obj
 0001:00069bd0       _CrtAbortSendMiss          0047abd0 f   send.obj
 0001:00069c20       _anyAsyncRequests          0047ac20 f   services.obj
 0001:00069c60       _isRequested               0047ac60 f   services.obj
 0001:00069c90       _clearRequest              0047ac90 f   services.obj
 0001:00069cb0       _setRequest                0047acb0 f   services.obj
 0001:00069d00       _handleAsyncRequests       0047ad00 f   services.obj
 0001:00069e20       _handleRequests            0047ae20 f   services.obj
 0001:00069ed0       _asyncSetRequest           0047aed0 f   services.obj
 0001:00069ef0       _frameMakeHybrid           0047aef0 f   stackframe.obj
 0001:0006a150       _stackReify                0047b150 f   stackframe.obj
 0001:0006a1e0       _stackStabilize            0047b1e0 f   stackframe.obj
 0001:0006a320       _relocateDownTo            0047b320 f   stackframe.obj
 0001:0006a570       _frameEnsureStack          0047b570 f   stackframe.obj
 0001:0006aa90       _stabilizeThisContext      0047ba90 f   stackframe.obj
 0001:0006ad00       _stabilizeContextsWithMethod 0047bd00 f   stackframe.obj
 0001:0006adc0       _mustAddNMethod            0047bdc0 f   stackframe.obj
 0001:0006ae10       _mustMapVToNPC             0047be10 f   stackframe.obj
 0001:0006aec0       _stableToHybrid            0047bec0 f   stackframe.obj
 0001:0006b180       _CrootReturn               0047c180 f   stackframe.obj
 0001:0006b220       _resumeContext             0047c220 f   stackframe.obj
 0001:0006b2f0       _suspendTopContext         0047c2f0 f   stackframe.obj
 0001:0006b310       _initStacks                0047c310 f   stackzone.obj
 0001:0006b400       _stackAlloc                0047c400 f   stackzone.obj
 0001:0006b4e0       _stabilizeAllStacks        0047c4e0 f   stackzone.obj
 0001:0006b520       _stabilizeMostStacks       0047c520 f   stackzone.obj
 0001:0006b560       _reifyAllStacks            0047c560 f   stackzone.obj
 0001:0006b600       _stackAtHead               0047c600 f   stackzone.obj
 0001:0006b660       _promoteStack              0047c660 f   stackzone.obj
 0001:0006b6a0       _stackDeAlloc              0047c6a0 f   stackzone.obj
 0001:0006b6f0       _scavengeStacks            0047c6f0 f   vmsupport.obj
 0001:0006b800       _stackEnumerateOopsForGC   0047c800 f   vmsupport.obj
 0001:0006b8a0       _stackEnumerateRefsForGC   0047c8a0 f   vmsupport.obj
 0001:0006b930       _enumerateFramesAndReturns 0047c930 f   vmsupport.obj
 0001:0006b9d0       _commitPrimitive           0047c9d0 f   vmsupport.obj
 0001:0006bb80       _commitPrimitiveAndHandleRequests 0047cb80 f   vmsupport.obj
 0001:0006bbb0       _commitPrimitiveWithRestart 0047cbb0 f   vmsupport.obj
 0001:0006bc00       _convertRestartToReturn    0047cc00 f   vmsupport.obj
 0001:0006bc80       _asynchReCommitOrFailPrimitive 0047cc80 f   vmsupport.obj
 0001:0006bdf0       _topOfStack                0047cdf0 f   vmsupport.obj
 0001:0006bea0       _failPrimitive             0047cea0 f   vmsupport.obj
 0001:0006c020       _reInitNMethods            0047d020 f   nmalloc.obj
 0001:0006c050       _initNMethodAlloc          0047d050 f   nmalloc.obj
 0001:0006c100       _scratchNmzBounds          0047d100 f   nmalloc.obj
 0001:0006c120       _nMethodPermAlloc          0047d120 f   nmalloc.obj
 0001:0006c190       _nMethodAlloc              0047d190 f   nmalloc.obj
 0001:0006c300       _nMethodDealloc            0047d300 f   nmalloc.obj
 0001:0006c360       _nMethodShorten            0047d360 f   nmalloc.obj
 0001:0006c400       _nMethodAllocScratch       0047d400 f   nmalloc.obj
 0001:0006c440       _nMethodAddToList          0047d440 f   nmalloc.obj
 0001:0006c470       _nMethodSelectFromList     0047d470 f   nmalloc.obj
 0001:0006c4d0       _compactNMethods           0047d4d0 f   nmalloc.obj
 0001:0006c4f0       _compactAllNMethods        0047d4f0 f   nmalloc.obj
 0001:0006c580       _printNMZone               0047d580 f   nmalloc.obj
 0001:0006c670       _printNMethodsForVMethod   0047d670 f   nmalloc.obj
 0001:0006c700       _isNMethod                 0047d700 f   nmalloc.obj
 0001:0006c7d0       _nMethodForPC              0047d7d0 f   nmalloc.obj
 0001:0006c880       _nMethodForPCVal           0047d880 f   nmalloc.obj
 0001:0006c8a0       _dbPrintNMethod            0047d8a0 f   nmalloc.obj
 0001:0006c8c0       _printNMethod              0047d8c0 f   nmalloc.obj
 0001:0006cc70       _printNM                   0047dc70 f   nmalloc.obj
 0001:0006cc90       _printNMAtPC               0047dc90 f   nmalloc.obj
 0001:0006ccc0       _printUnlinkedNMethods     0047dcc0 f   nmalloc.obj
 0001:0006cd70       _nmUpdateNewRefs           0047dd70 f   nmcompact.obj
 0001:0006cd90       _invalidateNMethods        0047dd90 f   nmcompact.obj
 0001:0006ce20       _invalidatePostFreeNMethods 0047de20 f   nmcompact.obj
 0001:0006cf10       _nmCompact                 0047df10 f   nmcompact.obj
 0001:0006d0f0       _markNMethodsWithMarkedObjs 0047e0f0 f   nmcompact.obj
 0001:0006d1a0       _markNMethodsAsNotReferringTo 0047e1a0 f   nmcompact.obj
 0001:0006d270       _unlinkAndFreeUnmarkedNMethods 0047e270 f   nmcompact.obj
 0001:0006d370       _listNMethod               0047e370 f   nmcompact.obj
 0001:0006d820       _clearNTable               0047e820 f   nmlookup.obj
 0001:0006d850       _vToNMethod                0047e850 f   nmlookup.obj
 0001:0006d9e0       _nMethodIsInTables         0047e9e0 f   nmlookup.obj
 0001:0006db00       _blockVToNMethod           0047eb00 f   nmlookup.obj
 0001:0006db30       _addNMethod                0047eb30 f   nmlookup.obj
 0001:0006dbc0       _findNMethodLinkBefore     0047ebc0 f   nmlookup.obj
 0001:0006dc00       _findMethod                0047ec00 f   nmlookup.obj
 0001:0006df40       _findMethodForOpenPIC      0047ef40 f   nmlookup.obj
 0001:0006e3e0       _initMCache                0047f3e0 f   nmlookup.obj
 0001:0006e420       _clearMCache               0047f420 f   nmlookup.obj
 0001:0006e490       _nmFlushLookupCache        0047f490 f   nmlookup.obj
 0001:0006e4a0       _nmFlushLookupEntriesForSelector 0047f4a0 f   nmlookup.obj
 0001:0006e540       _nmFlushCachedCodeForMethod 0047f540 f   nmlookup.obj
 0001:0006e630       _basicAccessClass          0047f630 f   nmlookup.obj
 0001:0006e950       _getPrimitiveNumber        0047f950 f   nmlookup.obj
 0001:0006ea00       _nmUpdateNewRefsFromMCache 0047fa00 f   nmlookup.obj
 0001:0006eab0       _printMethodName           0047fab0 f   nmlookup.obj
 0001:0006ede0       _printMethod               0047fde0 f   nmlookup.obj
 0001:0006ee00       _actionInit                0047fe00 f   taction.obj
 0001:0006ee80       _actionReset               0047fe80 f   taction.obj
 0001:0006eeb0       _addAction                 0047feb0 f   taction.obj
 0001:0006f110       _loopBegin                 00480110 f   taction.obj
 0001:0006f180       _loopEnd                   00480180 f   taction.obj
 0001:0006f1d0       _optReFix                  004801d0 f   taction.obj
 0001:0006f250       _initFirstTime             00480250 f   taux.obj
 0001:0006f2d0       _initTemps                 004802d0 f   taux.obj
 0001:0006f620       _tPushArgs                 00480620 f   taux.obj
 0001:0006f650       _tFinishMethod             00480650 f   taux.obj
 0001:0006fae0       _saveSelectorInNMethod     00480ae0 f   taux.obj
 0001:0006faf0       _restoreSelectorFromNMethod 00480af0 f   taux.obj
 0001:0006ff00       _cgenPutB                  00480f00 f   tcgencode.obj
 0001:0006ff10       _cgenPutW                  00480f10 f   tcgencode.obj
 0001:0006ff30       _cgenPutL                  00480f30 f   tcgencode.obj
 0001:0006ff40       _cNopGenTo                 00480f40 f   tcgencode.obj
 0001:0006ffc0       _cgenDiv                   00480fc0 f   tcgencode.obj
 0001:000700d0       _cgenByteRN                004810d0 f   tcgencode.obj
 0001:000701d0       _cgenByteRXn               004811d0 f   tcgencode.obj
 0001:000702a0       _is686OrHigher             004812a0 f   tcgencode.obj
 0001:000702e0       _tcInlineIFlush            004812e0 f   tcgencode.obj
 0001:00070320       _initClearICache           00481320 f   tcgencode.obj
 0001:00070390       _tFJumpCond                00481390 f   tcgencode.obj
 0001:000703e0       _initBxpNotBoolean         004813e0 f   tcodes.obj
 0001:000704c0       _tDup                      004814c0 f   tcodes.obj
 0001:00070560       _tJmp                      00481560 f   tcodes.obj
 0001:000706e0       _tLoopHead                 004816e0 f   tcodes.obj
 0001:00070730       _tJmpBack                  00481730 f   tcodes.obj
 0001:000709d0       _tBxp                      004819d0 f   tcodes.obj
 0001:00070c60       _tCopyingBlock             00481c60 f   tcodes.obj
 0001:00070d10       _tFullBlock                00481d10 f   tcodes.obj
 0001:00070d80       _tFullCopyingBlock         00481d80 f   tcodes.obj
 0001:00070e10       _tConsArray                00481e10 f   tcodes.obj
 0001:00070ea0       _tCreateArray              00481ea0 f   tcodes.obj
 0001:00070f40       _tCopyValues               00481f40 f   tcodes.obj
 0001:00070ff0       _initNMethods              00481ff0 f   tinit.obj
 0001:000710a0       _initTranAfter             004820a0 f   tinit.obj
 0001:000710d0       _initSendTypeTable         004820d0 f   tinit.obj
 0001:00071110       _tMainLoop                 00482110 f   tloop.obj
 0001:00072590       _initStoreInst             00483590 f   tloadstore.obj
 0001:00072720       _tLoadInst                 00483720 f   tloadstore.obj
 0001:00072840       _tStoreInst                00483840 f   tloadstore.obj
 0001:00072b30       _tLoadLocalIndirect        00483b30 f   tloadstore.obj
 0001:00072c60       _tStoreLocalIndirect       00483c60 f   tloadstore.obj
 0001:00072c90       _tStoreCheck               00483c90 f   tloadstore.obj
 0001:00073000       _nmTranslate               00484000 f   tmain.obj
 0001:00073450       _tGenerate                 00484450 f   tmain.obj
 0001:000736a0       _tGenerate1                004846a0 f   tmain.obj
 0001:00073710       _unpackVMethod             00484710 f   tmain.obj
 0001:000739a0       _mapNToVPC                 004849a0 f   tmain.obj
 0001:00073ae0       _mapVToNPC                 00484ae0 f   tmain.obj
 0001:00073b60       _TAbortFunc                00484b60 f   tmain.obj
 0001:00073d60       _printEntireNMethod        00484d60 f   tmain.obj
 0001:00073f30       _fprintNCode               00484f30 f   tmain.obj
 0001:000743a0       _regProc                   004853a0 f   tmain.obj
 0001:00074480       _nmGetXNumArgs             00485480 f   tmaprt.obj
 0001:000744b0       _nmGetXNumTemps            004854b0 f   tmaprt.obj
 0001:000744e0       _nmGetXFrameSize           004854e0 f   tmaprt.obj
 0001:00074510       _nMethodUnlink             00485510 f   tmaprt.obj
 0001:000745b0       _CrtAbortRelinkSendToUnlinked 004855b0 f   tmaprt.obj
 0001:00074650       _mapDataForNpc             00485650 f   tmaprt.obj
 0001:000747b0       _nmInvalidateLinks         004857b0 f   tmaprt.obj
 0001:000748a0       _nmInvalidateLinksTo       004858a0 f   tmaprt.obj
 0001:000749a0       _nmInvalidateLinksToFree   004859a0 f   tmaprt.obj
 0001:00074aa0       _nmInvalidateLinksToUnmarked 00485aa0 f   tmaprt.obj
 0001:00074be0       _nMethodRelocateLinks      00485be0 f   tmaprt.obj
 0001:00074d60       _smashInlineCache          00485d60 f   tmaprt.obj
 0001:00074d80       _smashInlineCall           00485d80 f   tmaprt.obj
 0001:00074da0       _updateInlineCache         00485da0 f   tmaprt.obj
 0001:00074dd0       _updateInlineCacheToPIC    00485dd0 f   tmaprt.obj
 0001:00074df0       _nmUpdateNewLiterals       00485df0 f   tmaprt.obj
 0001:00074fd0       _nMethodRefersTo           00485fd0 f   tmaprt.obj
 0001:00075140       _nMethodRefersToMustScanNMethod 00486140 f   tmaprt.obj
 0001:000751a0       _lastValidNPCOf            004861a0 f   tmaprt.obj
 0001:000751f0       _mapPrimitiveRestart       004861f0 f   tmaprt.obj
 0001:00075260       _mapPrimitiveReturn        00486260 f   tmaprt.obj
 0001:00075280       _nmethFromPrimReturn       00486280 f   tmaprt.obj
 0001:000752a0       _nPCofFirstNonPrimitiveVPC 004862a0 f   tmaprt.obj
 0001:000752c0       _findPCMapStart            004862c0 f   tmaprt.obj
 0001:000752e0       _fprintPCMap               004862e0 f   tmaprt.obj
 0001:00075330       _fprintPCMapByte           00486330 f   tmaprt.obj
 0001:00075520       _printSelectorIfExists     00486520 f   tmaprt.obj
 0001:00075690       _genMapAlloc               00486690 f   tmaptran.obj
 0001:000756c0       _genMapInit                004866c0 f   tmaptran.obj
 0001:000756f0       _genMapMark                004866f0 f   tmaptran.obj
 0001:00075710       _genMapBackToMark          00486710 f   tmaptran.obj
 0001:00075730       _genMapSend                00486730 f   tmaptran.obj
 0001:00075860       _genMapRelCall             00486860 f   tmaptran.obj
 0001:000758e0       _genMapLocProg             004868e0 f   tmaptran.obj
 0001:00075960       _genMapLit                 00486960 f   tmaptran.obj
 0001:00075a10       _genMapOnly                00486a10 f   tmaptran.obj
 0001:00075a50       _genMapTest                00486a50 f   tmaptran.obj
 0001:00075aa0       _genMapClose               00486aa0 f   tmaptran.obj
 0001:00075af0       _genMapCopy                00486af0 f   tmaptran.obj
 0001:00075b40       _incrementProfile          00486b40 f   tnmprim.obj
 0001:00075ba0       _recordCompacted           00486ba0 f   tnmprim.obj
 0001:00075c00       _initNMethodPrims          00486c00 f   tnmprim.obj
 0001:00076e90       _initPrimitiveTable        00487e90 f   tprim.obj
 0001:00076ec0       _addPrimitiveWithParams    00487ec0 f   tprim.obj
 0001:00076f60       _addAsmPrimitive           00487f60 f   tprim.obj
 0001:00076f80       _addCPrimitive             00487f80 f   tprim.obj
 0001:00076fa0       _addVarArgCPrimitive       00487fa0 f   tprim.obj
 0001:00076fc0       _addVarArgCPrimitiveForRange 00487fc0 f   tprim.obj
 0001:00076ff0       _addFastCPrimitive         00487ff0 f   tprim.obj
 0001:00077010       _addUPrimitive             00488010 f   tprim.obj
 0001:00077030       _addVarArgUPrimitive       00488030 f   tprim.obj
 0001:00077050       _getPrimEntry              00488050 f   tprim.obj
 0001:00077090       _tInitRegs                 00488090 f   tregs.obj
 0001:000770b0       _regLoad                   004880b0 f   tregs.obj
 0001:00077180       _regLoadBase               00488180 f   tregs.obj
 0001:00077260       _regNoteStore              00488260 f   tregs.obj
 0001:000772c0       _regFlush                  004882c0 f   tregs.obj
 0001:000772e0       _regLoadup                 004882e0 f   tregs.obj
 0001:000773b0       _regReconcile              004883b0 f   tregs.obj
 0001:00077580       _regCleanup                00488580 f   tregs.obj
 0001:00077680       _tAddSub                   00488680 f   tspecial.obj
 0001:00077a50       _tReln                     00488a50 f   tspecial.obj
 0001:00077fc0       _tEqNeq                    00488fc0 f   tspecial.obj
 0001:000780d0       _tNone                     004890d0 f   tspecial.obj
 0001:000780e0       _tStackInit                004890e0 f   tstack.obj
 0001:00078250       _localFrameOffset          00489250 f   tstack.obj
 0001:00078280       _tStackClear               00489280 f   tstack.obj
 0001:000782c0       _tStackFlush               004892c0 f   tstack.obj
 0001:00078420       _tStackPush                00489420 f   tstack.obj
 0001:00078660       _tStackLoad                00489660 f   tstack.obj
 0001:000788c0       _tStackLoadValue           004898c0 f   tstack.obj
 0001:00078a30       _tStackLoadBase            00489a30 f   tstack.obj
 0001:00078ba0       _tStackLoadDataPtr         00489ba0 f   tstack.obj
 0001:00078c70       _tStackStore               00489c70 f   tstack.obj
 0001:00078ef0       _tStackCompare             00489ef0 f   tstack.obj
 0001:000790b0       _tStackCompareBase         0048a0b0 f   tstack.obj
 0001:00079160       _emitArgs                  0048a160 f   tstack.obj
 0001:00079550       _lookBranch                0048a550 f   tsubr.obj
 0001:000795e0       _tReturn                   0048a5e0 f   tsubr.obj
 0001:00079650       _initTxArithPrims          0048a650 f   txarith.obj
 0001:0007a6d0       _initTxAborts              0048b6d0 f   txcontrol.obj
 0001:0007a730       _initTxControlPrims        0048b730 f   txcontrol.obj
 0001:0007aac0       _tCallMethodForKnownSelector 0048bac0 f   txcontrol.obj
 0001:0007aff0       _initTxMemPrims            0048bff0 f   txmem.obj
 0001:0007b6c0       _tAllocFloat               0048c6c0 f   txmem.obj
 0001:0007baa0       _tranNoteEdenWarningThresholdChanged 0048caa0 f   txmem.obj
 0001:0007bae0       _tcCmpEdenWarningThresholdB 0048cae0 f   txmem.obj
 0001:0007bbf0       _makeTranslatedPrimitives  0048cbf0 f   txprim.obj
 0001:0007bd20       _txFixShortList            0048cd20 f   txprim.obj
 0001:0007bd50       _txMakeBoolean             0048cd50 f   txprim.obj
 0001:0007bd90       _txGetClassTag             0048cd90 f   txprim.obj
 0001:0007bf90       _txUseCPrim                0048cf90 f   txprim.obj
 0001:0007c040       _initTxSubscriptPrims      0048d040 f   txsubscript.obj
 0001:0007d040       _tMoveSizeR                0048e040 f   txsubscript.obj
 0001:0007d900       _initPICs                  0048e900 f   tpic.obj
 0001:0007daf0       _CrtOpenPICSendMiss        0048eaf0 f   tpic.obj
 0001:0007db80       _CrtExtendClosedPIC        0048eb80 f   tpic.obj
 0001:0007ddb0       _nPICMNUNMethod            0048edb0 f   tpic.obj
 0001:0007ddd0       _bindToMNUPIC              0048edd0 f   tpic.obj
 0001:0007e1b0       _CrtPICAbortSendMiss       0048f1b0 f   tpic.obj
 0001:0007e510       _shouldFreePIC             0048f510 f   tpic.obj
 0001:0007e5d0       _nPICRelocateLinks         0048f5d0 f   tpic.obj
 0001:0007e740       _nPICHasLinksToUnmarked    0048f740 f   tpic.obj
 0001:0007e860       _saveSelectorInNPIC        0048f860 f   tpic.obj
 0001:0007e870       _restoreSelectorFromNPIC   0048f870 f   tpic.obj
 0001:0007e890       _nPICUpdateNewLits         0048f890 f   tpic.obj
 0001:0007e920       _flushCachedMNUMethodEntriesFor 0048f920 f   tpic.obj
 0001:0007e990       _printPICSelectors         0048f990 f   tpic.obj
 0001:0007ea40       _printNPIC                 0048fa40 f   tpic.obj
 0001:0007ecf0       _printEntireNPIC           0048fcf0 f   tpic.obj
 0001:0007ee00       _findNPICEnd               0048fe00 f   tpic.obj
 0001:0007ee40       _dis80286                  0048fe40 f   procPentiumdis.obj
 0001:0007ee60       _dis80386                  0048fe60 f   procPentiumdis.obj
 0001:0007ee80       _dis80x86                  0048fe80 f   procPentiumdis.obj
 0001:0007fa70       _oprintf                   00490a70 f   procPentiumdis.obj
 0001:0007fdb0       _modrm                     00490db0 f   procPentiumdis.obj
 0001:0007ff10       _memop                     00490f10 f   procPentiumdis.obj
 0001:00080040       _printReg                  00491040 f   procPentiumdis.obj
 0001:00080080       __beginthreadex            00491080 f   msvcrt:MSVCRT.dll
 0001:00080090       __aulldiv                  00491090 f   msvcrt:ulldiv.obj
 0001:000800f8       __ftol                     004910f8 f   msvcrt:MSVCRT.dll
 0001:000800fe       _free                      004910fe f   msvcrt:MSVCRT.dll
 0001:00080104       _malloc                    00491104 f   msvcrt:MSVCRT.dll
 0001:00080110       __alloca_probe             00491110 f   msvcrt:chkstk.obj
[...]
 0001:00026db0       _partitionedMulwithnBitsnPartitions 00437db0 f   exBitBlt.obj
 0001:00026e30       _rgbSubwith                00437e30 f   exBitBlt.obj
 0001:00026eb0       _setWordwith               00437eb0 f   exBitBlt.obj
 0001:00027530       _sourceWordwith            00438530 f   exBitBlt.obj
 0001:00027540       _srcLongAt                 00438540 f   exBitBlt.obj
 0001:00027580       _subWordwith               00438580 f   exBitBlt.obj
 0001:00027590       _tileArrayCopyBitsstridewidthxysourcestridewidthxywidthheigthrule 00438590 f   exBitBlt.obj
 0001:000275e0       _unlockSurfaces            004385e0 f   exBitBlt.obj
 0001:000276b0       _warpLoopSmoothing         004386b0 f   exBitBlt.obj
 0001:00027fd0       _deltaFromtonSteps         00438fd0 f   exBitBlt.obj
 0001:00028020       _fetchIntOrFloatofObject   00439020 f   exBitBlt.obj
 0001:000280d0       _mapDestPixel              004390d0 f   exBitBlt.obj
 0001:00028140       _warpPickSmoothPixelsxDeltahyDeltahxDeltavyDeltavsmoothingdstShiftInc 00439140 f   exBitBlt.obj
 0001:000218f0       _thunkArgumentsFar         004328f0 f   ntcbk16.obj
 0001:00020ba0       _processException          00431ba0 f   ntcallc.obj
 0001:0001eff0       _thunkProcess              0042fff0 f   ntcallbk.obj
 0001:0001f520       _thunkArguments            00430520 f   ntcallbk.obj
 0001:0001e090       _invokeCOMMethod           0042f090 f   ntcom.obj
 0001:0001cf50       _pollEvents                0042df50 f   ntwin.obj
 0001:0001cbe0       _pdReInitTime              0042dbe0 f   nttime.obj
 0001:0001abb0       _primNewPrinter            0042bbb0 f   ntprint.obj
 0001:0001ad70       _bInitCoordinateSystem     0042bd70 f   ntprint.obj
 0001:0001ae10       _primBeginPrintJob         0042be10 f   ntprint.obj
 0001:0001af10       _primSendToPrinter         0042bf10 f   ntprint.obj
 0001:0001afb0       _primClosePrinter          0042bfb0 f   ntprint.obj
 0001:0001b040       _primNewPage               0042c040 f   ntprint.obj
 0001:0001b0f0       _primListPrinterFonts      0042c0f0 f   ntprint.obj
 0001:0001b190       _primCreatePrinterFont     0042c190 f   ntprint.obj
 0001:0001b420       _primPrintImage            0042c420 f   ntprint.obj
 0001:0001b460       _bSTImageToDC              0042c460 f   ntprint.obj
 0001:0001b9a0       _primPrintMonoImage        0042c9a0 f   ntprint.obj
 0001:0001ba80       _primColorPrinterDepthAndBitsPerPixel 0042ca80 f   ntprint.obj
 0001:0001bb50       _primCoveragePrinterDepthAndBitsPerPixel 0042cb50 f   ntprint.obj
 0001:0001bbf0       _primGetPrinterDimensions  0042cbf0 f   ntprint.obj
 0001:0001c0b0       _primPrinterName           0042d0b0 f   ntprint.obj
 0001:0001c170       _primChangePrinterExtent   0042d170 f   ntprint.obj
 0001:0001c280       _primSetLandscape          0042d280 f   ntprint.obj
 0001:0001c390       _primPrinterEscape         0042d390 f   ntprint.obj
 0001:0001c430       _primStartPage             0042d430 f   ntprint.obj
 0001:0001c4e0       _primEndPage               0042d4e0 f   ntprint.obj
 0001:0001c570       _primSendJobToPrinter      0042d570 f   ntprint.obj
 0001:00017d80       _outputWSALastError        00428d80 f   ntsock.obj
 0001:00017fb0       _sockWSAEvent              00428fb0 f   ntsock.obj
 0001:000180a0       _sockSignalSemaphore       004290a0 f   ntsock.obj
 0001:00018150       _sockCleanup               00429150 f   ntsock.obj
 0001:00018320       _sockInit                  00429320 f   ntsock.obj
 0001:000184a0       _setSem                    004294a0 f   ntsock.obj
 0001:000186a0       _sockOpen                  004296a0 f   ntsock.obj
 0001:00018910       _sockAccept                00429910 f   ntsock.obj
 0001:00018d80       _sockBind                  00429d80 f   ntsock.obj
 0001:00018e60       _sockListen                00429e60 f   ntsock.obj
 0001:00018f30       _sockConnect               00429f30 f   ntsock.obj
 0001:00018fe0       _sockRecvfrom              00429fe0 f   ntsock.obj
 0001:00019200       _sockSendto                0042a200 f   ntsock.obj
 0001:00019420       _sockShutdown              0042a420 f   ntsock.obj
 0001:000194d0       _sockSetOptions            0042a4d0 f   ntsock.obj
 0001:00019640       _sockGetOptions            0042a640 f   ntsock.obj
 0001:000197f0       _sockGetName               0042a7f0 f   ntsock.obj
 0001:00019940       _sockGetPeer               0042a940 f   ntsock.obj
 0001:00019b30       _sockAtMark                0042ab30 f   ntsock.obj
 0001:00019be0       _getIPHostNum              0042abe0 f   ntsock.obj
 0001:00019d70       _getIPProtoNum             0042ad70 f   ntsock.obj
 0001:00019e30       _getIPServNum              0042ae30 f   ntsock.obj
 0001:00019f70       _getIPHostNam              0042af70 f   ntsock.obj
 0001:0001a0e0       _getIPProtoNam             0042b0e0 f   ntsock.obj
 0001:0001a1b0       _getIPServNam              0042b1b0 f   ntsock.obj
 0001:0001a2b0       _primGetHostname           0042b2b0 f   ntsock.obj
 0001:0001a390       _sockClose                 0042b390 f   ntsock.obj
 0001:0001a440       _loadSocketLibrary         0042b440 f   ntsock.obj
 0001:0001a450       _bCreateSocketWindow       0042b450 f   ntsock.obj
 0001:00016d80       _fileOpen                  00427d80 f   ntfio.obj
 0001:00017040       _fileClose                 00428040 f   ntfio.obj
 0001:000170f0       _fileRead                  004280f0 f   ntfio.obj
 0001:00017240       _fileWrite                 00428240 f   ntfio.obj
 0001:00017390       _fileSeek                  00428390 f   ntfio.obj
 0001:000174f0       _fileTruncate              004284f0 f   ntfio.obj
 0001:000175f0       _ioaCommit                 004285f0 f   ntfio.obj
 0001:000176a0       _fileSize                  004286a0 f   ntfio.obj
 0001:00017820       _lockOrUnlock              00428820 f   ntfio.obj
 0001:000179a0       _outstanding               004289a0 f   ntfio.obj
 0001:00017a40       _bufferSize                00428a40 f   ntfio.obj
 0001:00017a90       _primGetDescriptor         00428a90 f   ntfio.obj
 0001:00017b10       _primGetStdHandle          00428b10 f   ntfio.obj
 0001:00014570       _bFileSize                 00425570 f   ntfile.obj
 0001:00014780       _getDates                  00425780 f   ntfile.obj
 0001:00014920       _listDir                   00425920 f   ntfile.obj
 0001:00014f20       _invalidDrive              00425f20 f   ntfile.obj
 0001:00014f70       _deleteFile                00425f70 f   ntfile.obj
 0001:00015030       _isDirectory               00426030 f   ntfile.obj
 0001:000150e0       _renameFile                004260e0 f   ntfile.obj
 0001:000151e0       _makeDir                   004261e0 f   ntfile.obj
 0001:00015290       _defaultDir                00426290 f   ntfile.obj
 0001:00015330       _primFileSize              00426330 f   ntfile.obj
 0001:00015420       _isWritable                00426420 f   ntfile.obj
 0001:00015520       _setWritable               00426520 f   ntfile.obj
 0001:00015600       _fileExists                00426600 f   ntfile.obj
 0001:00015670       _getVolumeStrings          00426670 f   ntfile.obj
 0001:00015980       _fileSystem                00426980 f   ntfile.obj
 0001:00015b20       _fileSystemAttributes      00426b20 f   ntfile.obj
 0001:000163d0       _primPrintPostScriptFile   004273d0 f   ntfile.obj
 0001:000164c0       _primPrintTextFile         004274c0 f   ntfile.obj
 0001:000165d0       _primEnvironment           004275d0 f   ntfile.obj
 0001:000167e0       _commandLineArguments      004277e0 f   ntfile.obj
 0001:000169b0       _primProcessId             004279b0 f   ntfile.obj
 0001:000169f0       _IOinform                  004279f0 f   ntfile.obj
 0001:00016b40       _primGetLocale             00427b40 f   ntfile.obj
 0001:00014110       _imeSetSpot                00425110 f   ntnls.obj
 0001:00014190       _hAllocIME                 00425190 f   ntnls.obj
 0001:000141b0       _imeSetRoot                004251b0 f   ntnls.obj
 0001:00014220       _imeSetArea                00425220 f   ntnls.obj
 0001:00014260       _imeSetFont                00425260 f   ntnls.obj
 0001:00014270       _initIMEFuncs              00425270 f   ntnls.obj
 0001:00012f30       _realOeMain                00423f30 f   ntmain.obj
 0001:00013030       _getWinPlatformId          00424030 f   ntmain.obj
 0001:00013080       _initProgramOptions        00424080 f   ntmain.obj
 0001:00013110       _initFloatingPoint         00424110 f   ntmain.obj
 0001:00013130       _exceptionHandler          00424130 f   ntmain.obj
 0001:00013180       _innerOeMain               00424180 f   ntmain.obj
 0001:00013460       _verifyCurrentDirectory    00424460 f   ntmain.obj
 0001:00013600       _parseCommandLine          00424600 f   ntmain.obj
 0001:000136e0       _bRegisterWinClasses       004246e0 f   ntmain.obj
 0001:00013750       _bRegisterPopupWinClass    00424750 f   ntmain.obj
 0001:000137a0       _bRegisterDialogWinClass   004247a0 f   ntmain.obj
 0001:000137f0       _bRegisterNormalWinClass   004247f0 f   ntmain.obj
 0001:00013840       _bRegisterFullScreenHiddenWinClass 00424840 f   ntmain.obj
 0001:00013910       _HiddenWndProc@16          00424910 f   ntmain.obj
 0001:00013940       _bRegisterHiddenSocketWinClass 00424940 f   ntmain.obj
 0001:00013990       _MonitorSizeCallback@16    00424990 f   ntmain.obj
 0001:00012840       _InsertIOBlock             00423840 f   ntioblok.obj
 0001:00012880       _bInitIOSem                00423880 f   ntioblok.obj
 0001:00012930       _isOnList                  00423930 f   ntioblok.obj
 0001:00011f00       _primDisplayImage          00422f00 f   ntimage.obj
 0001:00012100       _hbmCreateImage            00423100 f   ntimage.obj
 0001:00012490       _primDisplayMonoImage      00423490 f   ntimage.obj
 0001:00011d60       _callIs686OrHigher         00422d60 f   nticache.obj
 0001:00010f90       _heraldWndProc@16          00421f90 f   ntherald.obj
 0001:00011470       _ReadResourceBitmap        00422470 f   ntherald.obj
 0001:00011510       _ReadBitmapFromFile        00422510 f   ntherald.obj
 0001:00011720       _MakeDIBPalette            00422720 f   ntherald.obj
 0001:00010e00       _primDeviceColormap        00421e00 f   ntgraph.obj
 0001:0000db80       _extractPort               0041eb80 f   ntgc.obj
 0001:0000e3f0       _primDisplayLine           0041f3f0 f   ntgc.obj
 0001:0000e690       _primDisplayPolyLine       0041f690 f   ntgc.obj
 0001:0000e7a0       _primDisplayPolygon        0041f7a0 f   ntgc.obj
 0001:0000e8b0       _primDisplayRectangle      0041f8b0 f   ntgc.obj
 0001:0000ea40       _primDisplayRectangularBorder 0041fa40 f   ntgc.obj
 0001:0000ec50       _primDisplayArc            0041fc50 f   ntgc.obj
 0001:0000f1b0       _calcArcPoint              004201b0 f   ntgc.obj
 0001:0000f250       _primDisplayWedge          00420250 f   ntgc.obj
 0001:0000f710       _primDisplayMask           00420710 f   ntgc.obj
 0001:0000f930       _primCopyRectangularArea   00420930 f   ntgc.obj
 0001:0000fd90       _primCopyMaskedArea        00420d90 f   ntgc.obj
 0001:00010340       _primIdentifierString      00421340 f   ntgc.obj
 0001:0000bca0       _iWinEnumFonts             0041cca0 f   ntfont.obj
 0001:0000be60       _appendFontToInfo          0041ce60 f   ntfont.obj
 0001:0000bf20       _collectFontFacesCallback@16 0041cf20 f   ntfont.obj
 0001:0000c000       _printFontSizeCallback@16  0041d000 f   ntfont.obj
 0001:0000c210       _primDisplayMappedString   0041d210 f   ntfont.obj
 0001:0000c4c0       _primDisplayWideChars      0041d4c0 f   ntfont.obj
 0001:0000c700       _primDisplayCharacter      0041d700 f   ntfont.obj
 0001:0000c820       _primOpenFontOnly          0041d820 f   ntfont.obj
 0001:0000ca80       _primGetFontWidths         0041da80 f   ntfont.obj
 0001:0000ceb0       _primUnLoadFont            0041deb0 f   ntfont.obj
 0001:0000cf30       _primListFonts             0041df30 f   ntfont.obj
 0001:0000b600       _getCursorPositions        0041c600 f   ntevent.obj
 0001:0000b650       _updateMetaState           0041c650 f   ntevent.obj
 0001:0000b740       _EnumAllMenus@8            0041c740 f   ntevent.obj
 0001:00009c30       _nameOfError               0041ac30 f   ntecode.obj
 0001:00009ce0       _cmpei                     0041ace0 f   ntecode.obj
 0001:00009d00       _getErrMsg                 0041ad00 f   ntecode.obj
 0001:00009680       _primLoadLibrary           0041a680 f   ntdynld.obj
 0001:000098d0       _primUnloadLibrary         0041a8d0 f   ntdynld.obj
 0001:00009a30       _primMapExternalName       0041aa30 f   ntdynld.obj
 0001:00009080       _createCursorResource      0041a080 f   ntcurs.obj
 0001:000092b0       _enableHostCursors         0041a2b0 f   ntcurs.obj
 0001:000092e0       _showCursorResource        0041a2e0 f   ntcurs.obj
 0001:00009350       _loadSystemCursorFor       0041a350 f   ntcurs.obj
 0001:000093e0       _freeCursorResource        0041a3e0 f   ntcurs.obj
 0001:000058d0       _undoModality              004168d0 f   ntcanvas.obj
 0001:00005950       _dwGetWindowProcessId      00416950 f   ntcanvas.obj
 0001:00005bc0       _primDestroyWindow         00416bc0 f   ntcanvas.obj
 0001:00005c80       _getDrawableAndGC          00416c80 f   ntcanvas.obj
 0001:00005d20       _primSetMinMaxConstraints  00416d20 f   ntcanvas.obj
 0001:00005e00       _hwndOfWindowOop           00416e00 f   ntcanvas.obj
 0001:00005e80       _primStoreLabels           00416e80 f   ntcanvas.obj
 0001:00005ef0       _primGetDimensions         00416ef0 f   ntcanvas.obj
 0001:00006180       _primXMoveResizeWindow     00417180 f   ntcanvas.obj
 0001:00006320       _primXRaiseWindow          00417320 f   ntcanvas.obj
 0001:000063a0       _primXLowerWindow          004173a0 f   ntcanvas.obj
 0001:00006440       _primCollapseWindow        00417440 f   ntcanvas.obj
 0001:00006480       _primExpandWindow          00417480 f   ntcanvas.obj
 0001:000064e0       _primCreateWindowOnScreen  004174e0 f   ntcanvas.obj
 0001:00006850       _hwndCreate                00417850 f   ntcanvas.obj
 0001:00006c10       _primWindowActivate        00417c10 f   ntcanvas.obj
 0001:00006c90       _primSetIcon               00417c90 f   ntcanvas.obj
 0001:00006d70       _createAndSetIcon          00417d70 f   ntcanvas.obj
 0001:00006e30       _primSetTransparentIcon    00417e30 f   ntcanvas.obj
 0001:00006f60       _primWinFlush              00417f60 f   ntcanvas.obj
 0001:00006f70       _primGetScreenDimensions   00417f70 f   ntcanvas.obj
 0001:000070a0       _MonitorSizeCallback@16    004180a0 f   ntcanvas.obj
 0001:00007210       _primWindowUnmap           00418210 f   ntcanvas.obj
 0001:00007260       _primNewPixmap             00418260 f   ntcanvas.obj
 0001:000073f0       _primNewMask               004183f0 f   ntcanvas.obj
 0001:000075e0       _primDestroyPixmap         004185e0 f   ntcanvas.obj
 0001:00007640       _primPixmapFromClipboard   00418640 f   ntcanvas.obj
 0001:00007940       _primPixmapToClipboard     00418940 f   ntcanvas.obj
 0001:00007af0       _primWindowBackground      00418af0 f   ntcanvas.obj
 0001:00007c40       _primQueryStackingOrder    00418c40 f   ntcanvas.obj
 0001:00007d00       _primPixmapMaskContentsInto 00418d00 f   ntcanvas.obj
 0001:000080e0       _getDrawableContentsInto   004190e0 f   ntcanvas.obj
 0001:000083a0       _primWindowContentsInto    004193a0 f   ntcanvas.obj
 0001:000088e0       _primScreenContentsInto    004198e0 f   ntcanvas.obj
 0001:00008d60       _primColorScreenDepthAndBitsPerPixel 00419d60 f   ntcanvas.obj
 0001:00008db0       _primCoverageScreenDepthAndBitsPerPixel 00419db0 f   ntcanvas.obj
 0001:00008e30       _primWindowAtPoint         00419e30 f   ntcanvas.obj
 0001:00008e90       _primHostColors            00419e90 f   ntcanvas.obj
 0001:00008f80       _primWindowHandle          00419f80 f   ntcanvas.obj
 0001:00003b00       _primDragShape             00414b00 f   ntanim.obj
 0001:00004610       _GetButtonState            00415610 f   ntanim.obj
 0001:00004660       _trackUser                 00415660 f   ntanim.obj
 0001:000046c0       _calculateBounds           004156c0 f   ntanim.obj
 0001:00004730       _getShape                  00415730 f   ntanim.obj
 0001:000047c0       _displayShape              004157c0 f   ntanim.obj
 0001:00004880       _primResizeRectangle       00415880 f   ntanim.obj
 0001:00005540       _primDisplayShape          00416540 f   ntanim.obj
 0001:00005700       _createHiddenFullScreenWindow 00416700 f   ntanim.obj
 0001:00005760       _destroyHiddenFullScreenWindow 00416760 f   ntanim.obj
 0001:00005780       _processDummyEvents        00416780 f   ntanim.obj
 0001:00003260       _changePollTimerState      00414260 f   ntalarm.obj
 0001:000034b0       _delayStateMachine@4       004144b0 f   ntalarm.obj
 0001:00003590       _pollHeartbeat@4           00414590 f   ntalarm.obj
 0001:00003640       _killTimerThread           00414640 f   ntalarm.obj
 0001:00003830       _startProfileThread        00414830 f   ntalarm.obj
 0001:00003920       _profileHeartbeat@4        00414920 f   ntalarm.obj
 0001:000039e0       _changeProfileTimerState   004149e0 f   ntalarm.obj
 0001:00000320       _cToSTint                  00411320 f   prUdummy.obj
 0001:000003b0       _cToSTfloat                004113b0 f   prUdummy.obj
 0001:00002970       _cToSTdouble               00413970 f   prUdummy.obj
 0001:00086df0       _huft_build                00497df0 f   zlib:inftrees.obj
 0001:00084ac0       _tr_static_init            00495ac0 f   zlib:trees.obj
 0001:00084ad0       _init_block                00495ad0 f   zlib:trees.obj
 0001:00084ff0       _build_tree                00495ff0 f   zlib:trees.obj
 0001:00085220       _pqdownheap                00496220 f   zlib:trees.obj
 0001:00085300       _gen_bitlen                00496300 f   zlib:trees.obj
 0001:00085510       _gen_codes                 00496510 f   zlib:trees.obj
 0001:00085590       _build_bl_tree             00496590 f   zlib:trees.obj
 0001:00085610       _scan_tree                 00496610 f   zlib:trees.obj
 0001:00085710       _send_all_trees            00496710 f   zlib:trees.obj
 0001:00085940       _send_tree                 00496940 f   zlib:trees.obj
 0001:00085f50       _compress_block            00496f50 f   zlib:trees.obj
 0001:00086390       _set_data_type             00497390 f   zlib:trees.obj
 0001:00086410       _bi_reverse                00497410 f   zlib:trees.obj
 0001:00086440       _bi_flush                  00497440 f   zlib:trees.obj
 0001:000864c0       _bi_windup                 004974c0 f   zlib:trees.obj
 0001:00086530       _copy_block                00497530 f   zlib:trees.obj
 0001:000829e0       _putShortMSB               004939e0 f   zlib:deflate.obj
 0001:00082a10       _flush_pending             00493a10 f   zlib:deflate.obj
 0001:00082cf0       _lm_init                   00493cf0 f   zlib:deflate.obj
 0001:00082d90       _deflate_stored            00493d90 f   zlib:deflate.obj
 0001:00082ef0       _fill_window               00493ef0 f   zlib:deflate.obj
 0001:00083030       _read_buf                  00494030 f   zlib:deflate.obj
 0001:000830b0       _deflate_fast              004940b0 f   zlib:deflate.obj
 0001:000833d0       _longest_match             004943d0 f   zlib:deflate.obj
 0001:00083540       _deflate_slow              00494540 f   zlib:deflate.obj
 0001:00081370       _gz_open                   00492370 f   zlib:gzio.obj
 0001:00081670       _check_header              00492670 f   zlib:gzio.obj
 0001:000817d0       _get_byte                  004927d0 f   zlib:gzio.obj
 0001:00081850       _destroy                   00492850 f   zlib:gzio.obj
 0001:00081d80       _do_flush                  00492d80 f   zlib:gzio.obj
 0001:00082060       _getLong                   00493060 f   zlib:gzio.obj
 0001:00082110       _putLong                   00493110 f   zlib:gzio.obj
