 vwnt

 Timestamp is 42557c48 (Thu Apr 07 11:30:32 2005)

 Preferred load address is 00400000

 Start         Length     Name                   Class
 0001:00000000 0000025eH .text                   CODE
 0002:00000000 00000058H .idata$5                DATA
 0002:00000058 00000084H .rdata                  DATA
 0002:000000dc 0000003cH .idata$2                DATA
 0002:00000118 00000014H .idata$3                DATA
 0002:0000012c 00000058H .idata$4                DATA
 0002:00000184 00000136H .idata$6                DATA
 0002:000002ba 00000000H .edata                  DATA
 0003:00000000 00000004H .CRT$XCA                DATA
 0003:00000004 00000004H .CRT$XCZ                DATA
 0003:00000008 00000004H .CRT$XIA                DATA
 0003:0000000c 00000004H .CRT$XIZ                DATA
 0003:00000010 00000010H .data                   DATA
 0003:00000020 0000001cH .bss                    DATA
 0004:00000000 000000a0H .rsrc$01                DATA
 0004:000000a0 00000300H .rsrc$02                DATA

  Address         Publics by Value              Rva+Base     Lib:Object

 0001:00000000       _main                      00401000 f   ntexe.obj
 0001:00000020       _WinMain@16                00401020 f   ntexe.obj
 0001:00000040       _dllCMain                  00401040 f   vwntoeimport:vwntoe.dll
 0001:00000046       _dllWMain                  00401046 f   vwntoeimport:vwntoe.dll
 0001:0000004c       _WinMainCRTStartup         0040104c f   MSVCRT:crtexew.obj
 0001:000001aa       __exit                     004011aa f   MSVCRT:MSVCRT.dll
 0001:000001b0       __XcptFilter               004011b0 f   MSVCRT:MSVCRT.dll
 0001:000001b6       _exit                      004011b6 f   MSVCRT:MSVCRT.dll
 0001:000001bc       ___getmainargs             004011bc f   MSVCRT:MSVCRT.dll
 0001:000001c2       __initterm                 004011c2 f   MSVCRT:MSVCRT.dll
 0001:000001c8       __setdefaultprecision      004011c8 f   MSVCRT:fp8.obj
 0001:000001da       ___setusermatherr          004011da f   MSVCRT:MSVCRT.dll
 0001:000001e0       __matherr                  004011e0 f   MSVCRT:merr.obj
 0001:000001e3       __setargv                  004011e3 f   MSVCRT:dllargv.obj
 0001:000001e4       ___p__commode              004011e4 f   MSVCRT:MSVCRT.dll
 0001:000001ea       ___p__fmode                004011ea f   MSVCRT:MSVCRT.dll
 0001:000001f0       __onexit                   004011f0 f   MSVCRT:atonexit.obj
 0001:0000021c       _atexit                    0040121c f   MSVCRT:atonexit.obj
 0001:0000022e       ___set_app_type            0040122e f   MSVCRT:MSVCRT.dll
 0001:00000240       __except_handler3          00401240 f   MSVCRT:MSVCRT.dll
 0001:00000246       __controlfp                00401246 f   MSVCRT:MSVCRT.dll
 0001:0000024c       ___dllonexit               0040124c f   MSVCRT:MSVCRT.dll
 0001:00000252       _GetModuleHandleA@4        00401252 f   kernel32:KERNEL32.dll
 0001:00000258       _GetStartupInfoA@4         00401258 f   kernel32:KERNEL32.dll
 0002:00000000       __imp__GetStartupInfoA@4   00402000     kernel32:KERNEL32.dll
 0002:00000004       __imp__GetModuleHandleA@4  00402004     kernel32:KERNEL32.dll
 0002:00000008       \177KERNEL32_NULL_THUNK_DATA 00402008     kernel32:KERNEL32.dll
 0002:0000000c       __imp___exit               0040200c     MSVCRT:MSVCRT.dll
 0002:00000010       __imp___XcptFilter         00402010     MSVCRT:MSVCRT.dll
 0002:00000014       __imp__exit                00402014     MSVCRT:MSVCRT.dll
 0002:00000018       __imp___acmdln             00402018     MSVCRT:MSVCRT.dll
 0002:0000001c       __imp____getmainargs       0040201c     MSVCRT:MSVCRT.dll
 0002:00000020       __imp___initterm           00402020     MSVCRT:MSVCRT.dll
 0002:00000024       __imp____setusermatherr    00402024     MSVCRT:MSVCRT.dll
 0002:00000028       __imp___adjust_fdiv        00402028     MSVCRT:MSVCRT.dll
 0002:0000002c       __imp____p__commode        0040202c     MSVCRT:MSVCRT.dll
 0002:00000030       __imp____p__fmode          00402030     MSVCRT:MSVCRT.dll
 0002:00000034       __imp____set_app_type      00402034     MSVCRT:MSVCRT.dll
 0002:00000038       __imp___except_handler3    00402038     MSVCRT:MSVCRT.dll
 0002:0000003c       __imp___controlfp          0040203c     MSVCRT:MSVCRT.dll
 0002:00000040       __imp____dllonexit         00402040     MSVCRT:MSVCRT.dll
 0002:00000044       __imp___onexit             00402044     MSVCRT:MSVCRT.dll
 0002:00000048       \177MSVCRT_NULL_THUNK_DATA 00402048     MSVCRT:MSVCRT.dll
 0002:0000004c       __imp__dllWMain            0040204c     vwntoeimport:vwntoe.dll
 0002:00000050       __imp__dllCMain            00402050     vwntoeimport:vwntoe.dll
 0002:00000054       \177vwntoe_NULL_THUNK_DATA 00402054     vwntoeimport:vwntoe.dll
 0002:000000dc       __IMPORT_DESCRIPTOR_vwntoe 004020dc     vwntoeimport:vwntoe.dll
 0002:000000f0       __IMPORT_DESCRIPTOR_MSVCRT 004020f0     MSVCRT:MSVCRT.dll
 0002:00000104       __IMPORT_DESCRIPTOR_KERNEL32 00402104     kernel32:KERNEL32.dll
 0002:00000118       __NULL_IMPORT_DESCRIPTOR   00402118     vwntoeimport:vwntoe.dll
 0003:00000000       ___xc_a                    00403000     MSVCRT:cinitexe.obj
 0003:00000004       ___xc_z                    00403004     MSVCRT:cinitexe.obj
 0003:00000008       ___xi_a                    00403008     MSVCRT:cinitexe.obj
 0003:0000000c       ___xi_z                    0040300c     MSVCRT:cinitexe.obj
 0003:00000010       ___defaultmatherr          00403010     MSVCRT:merr.obj
 0003:00000020       __dowildcard               00403020     MSVCRT:wildcard.obj
 0003:00000024       __newmode                  00403024     MSVCRT:_newmode.obj
 0003:00000028       __commode                  00403028     MSVCRT:xncommod.obj
 0003:0000002c       __fmode                    0040302c     MSVCRT:xtxtmode.obj
 0003:00000030       ___onexitend               00403030     <common>
 0003:00000034       ___onexitbegin             00403034     <common>
 0003:00000038       __adjust_fdiv              00403038     <common>

 entry point at        0001:0000004c

 Static symbols

